7106  execve("/home/ryan/perl5/perlbrew/perls/perl-5.24.0/bin/perl", ["/home/ryan/perl5/perlbrew/perls/"..., "bin/server"], [/* 19 vars */]) = 0
7106  brk(NULL)                         = 0x560d8627a000
7106  access("/etc/ld.so.nohwcap", F_OK) = -1 ENOENT (No such file or directory)
7106  mmap(NULL, 12288, PROT_READ|PROT_WRITE, MAP_PRIVATE|MAP_ANONYMOUS, -1, 0) = 0x7f2f5ca9c000
7106  access("/etc/ld.so.preload", R_OK) = -1 ENOENT (No such file or directory)
7106  open("/etc/ld.so.cache", O_RDONLY|O_CLOEXEC) = 3
7106  fstat(3, {st_mode=S_IFREG|0644, st_size=351433, ...}) = 0
7106  mmap(NULL, 351433, PROT_READ, MAP_PRIVATE, 3, 0) = 0x7f2f5ca46000
7106  close(3)                          = 0
7106  access("/etc/ld.so.nohwcap", F_OK) = -1 ENOENT (No such file or directory)
7106  open("/lib/x86_64-linux-gnu/libpthread.so.0", O_RDONLY|O_CLOEXEC) = 3
7106  read(3, "\177ELF\2\1\1\0\0\0\0\0\0\0\0\0\3\0>\0\1\0\0\0Pa\0\0\0\0\0\0"..., 832) = 832
7106  fstat(3, {st_mode=S_IFREG|0755, st_size=135440, ...}) = 0
7106  mmap(NULL, 2212936, PROT_READ|PROT_EXEC, MAP_PRIVATE|MAP_DENYWRITE, 3, 0) = 0x7f2f5c65f000
7106  mprotect(0x7f2f5c677000, 2093056, PROT_NONE) = 0
7106  mmap(0x7f2f5c876000, 8192, PROT_READ|PROT_WRITE, MAP_PRIVATE|MAP_FIXED|MAP_DENYWRITE, 3, 0x17000) = 0x7f2f5c876000
7106  mmap(0x7f2f5c878000, 13384, PROT_READ|PROT_WRITE, MAP_PRIVATE|MAP_FIXED|MAP_ANONYMOUS, -1, 0) = 0x7f2f5c878000
7106  close(3)                          = 0
7106  access("/etc/ld.so.nohwcap", F_OK) = -1 ENOENT (No such file or directory)
7106  open("/lib/x86_64-linux-gnu/libnsl.so.1", O_RDONLY|O_CLOEXEC) = 3
7106  read(3, "\177ELF\2\1\1\0\0\0\0\0\0\0\0\0\3\0>\0\1\0\0\0\320?\0\0\0\0\0\0"..., 832) = 832
7106  fstat(3, {st_mode=S_IFREG|0644, st_size=89064, ...}) = 0
7106  mmap(NULL, 2194008, PROT_READ|PROT_EXEC, MAP_PRIVATE|MAP_DENYWRITE, 3, 0) = 0x7f2f5c447000
7106  mprotect(0x7f2f5c45b000, 2097152, PROT_NONE) = 0
7106  mmap(0x7f2f5c65b000, 8192, PROT_READ|PROT_WRITE, MAP_PRIVATE|MAP_FIXED|MAP_DENYWRITE, 3, 0x14000) = 0x7f2f5c65b000
7106  mmap(0x7f2f5c65d000, 6744, PROT_READ|PROT_WRITE, MAP_PRIVATE|MAP_FIXED|MAP_ANONYMOUS, -1, 0) = 0x7f2f5c65d000
7106  close(3)                          = 0
7106  access("/etc/ld.so.nohwcap", F_OK) = -1 ENOENT (No such file or directory)
7106  open("/lib/x86_64-linux-gnu/libdl.so.2", O_RDONLY|O_CLOEXEC) = 3
7106  read(3, "\177ELF\2\1\1\0\0\0\0\0\0\0\0\0\3\0>\0\1\0\0\0\200\r\0\0\0\0\0\0"..., 832) = 832
7106  fstat(3, {st_mode=S_IFREG|0644, st_size=14640, ...}) = 0
7106  mmap(NULL, 2109680, PROT_READ|PROT_EXEC, MAP_PRIVATE|MAP_DENYWRITE, 3, 0) = 0x7f2f5c243000
7106  mprotect(0x7f2f5c246000, 2093056, PROT_NONE) = 0
7106  mmap(0x7f2f5c445000, 8192, PROT_READ|PROT_WRITE, MAP_PRIVATE|MAP_FIXED|MAP_DENYWRITE, 3, 0x2000) = 0x7f2f5c445000
7106  close(3)                          = 0
7106  access("/etc/ld.so.nohwcap", F_OK) = -1 ENOENT (No such file or directory)
7106  open("/lib/x86_64-linux-gnu/libm.so.6", O_RDONLY|O_CLOEXEC) = 3
7106  read(3, "\177ELF\2\1\1\3\0\0\0\0\0\0\0\0\3\0>\0\1\0\0\0\200V\0\0\0\0\0\0"..., 832) = 832
7106  fstat(3, {st_mode=S_IFREG|0644, st_size=1063328, ...}) = 0
7106  mmap(NULL, 3158248, PROT_READ|PROT_EXEC, MAP_PRIVATE|MAP_DENYWRITE, 3, 0) = 0x7f2f5bf3f000
7106  mprotect(0x7f2f5c042000, 2093056, PROT_NONE) = 0
7106  mmap(0x7f2f5c241000, 8192, PROT_READ|PROT_WRITE, MAP_PRIVATE|MAP_FIXED|MAP_DENYWRITE, 3, 0x102000) = 0x7f2f5c241000
7106  close(3)                          = 0
7106  access("/etc/ld.so.nohwcap", F_OK) = -1 ENOENT (No such file or directory)
7106  open("/lib/x86_64-linux-gnu/libcrypt.so.1", O_RDONLY|O_CLOEXEC) = 3
7106  read(3, "\177ELF\2\1\1\0\0\0\0\0\0\0\0\0\3\0>\0\1\0\0\0p\v\0\0\0\0\0\0"..., 832) = 832
7106  fstat(3, {st_mode=S_IFREG|0644, st_size=39256, ...}) = 0
7106  mmap(NULL, 2322912, PROT_READ|PROT_EXEC, MAP_PRIVATE|MAP_DENYWRITE, 3, 0) = 0x7f2f5bd07000
7106  mprotect(0x7f2f5bd0f000, 2097152, PROT_NONE) = 0
7106  mmap(0x7f2f5bf0f000, 8192, PROT_READ|PROT_WRITE, MAP_PRIVATE|MAP_FIXED|MAP_DENYWRITE, 3, 0x8000) = 0x7f2f5bf0f000
7106  mmap(0x7f2f5bf11000, 184800, PROT_READ|PROT_WRITE, MAP_PRIVATE|MAP_FIXED|MAP_ANONYMOUS, -1, 0) = 0x7f2f5bf11000
7106  close(3)                          = 0
7106  access("/etc/ld.so.nohwcap", F_OK) = -1 ENOENT (No such file or directory)
7106  open("/lib/x86_64-linux-gnu/libutil.so.1", O_RDONLY|O_CLOEXEC) = 3
7106  read(3, "\177ELF\2\1\1\0\0\0\0\0\0\0\0\0\3\0>\0\1\0\0\0@\16\0\0\0\0\0\0"..., 832) = 832
7106  fstat(3, {st_mode=S_IFREG|0644, st_size=10688, ...}) = 0
7106  mmap(NULL, 8192, PROT_READ|PROT_WRITE, MAP_PRIVATE|MAP_ANONYMOUS, -1, 0) = 0x7f2f5ca44000
7106  mmap(NULL, 2105608, PROT_READ|PROT_EXEC, MAP_PRIVATE|MAP_DENYWRITE, 3, 0) = 0x7f2f5bb04000
7106  mprotect(0x7f2f5bb06000, 2093056, PROT_NONE) = 0
7106  mmap(0x7f2f5bd05000, 8192, PROT_READ|PROT_WRITE, MAP_PRIVATE|MAP_FIXED|MAP_DENYWRITE, 3, 0x1000) = 0x7f2f5bd05000
7106  close(3)                          = 0
7106  access("/etc/ld.so.nohwcap", F_OK) = -1 ENOENT (No such file or directory)
7106  open("/lib/x86_64-linux-gnu/libc.so.6", O_RDONLY|O_CLOEXEC) = 3
7106  read(3, "\177ELF\2\1\1\3\0\0\0\0\0\0\0\0\3\0>\0\1\0\0\0\320\3\2\0\0\0\0\0"..., 832) = 832
7106  fstat(3, {st_mode=S_IFREG|0755, st_size=1685264, ...}) = 0
7106  mmap(NULL, 3791264, PROT_READ|PROT_EXEC, MAP_PRIVATE|MAP_DENYWRITE, 3, 0) = 0x7f2f5b766000
7106  mprotect(0x7f2f5b8fb000, 2093056, PROT_NONE) = 0
7106  mmap(0x7f2f5bafa000, 24576, PROT_READ|PROT_WRITE, MAP_PRIVATE|MAP_FIXED|MAP_DENYWRITE, 3, 0x194000) = 0x7f2f5bafa000
7106  mmap(0x7f2f5bb00000, 14752, PROT_READ|PROT_WRITE, MAP_PRIVATE|MAP_FIXED|MAP_ANONYMOUS, -1, 0) = 0x7f2f5bb00000
7106  close(3)                          = 0
7106  mmap(NULL, 8192, PROT_READ|PROT_WRITE, MAP_PRIVATE|MAP_ANONYMOUS, -1, 0) = 0x7f2f5ca42000
7106  arch_prctl(ARCH_SET_FS, 0x7f2f5ca42700) = 0
7106  mprotect(0x7f2f5bafa000, 16384, PROT_READ) = 0
7106  mprotect(0x7f2f5bd05000, 4096, PROT_READ) = 0
7106  mprotect(0x7f2f5bf0f000, 4096, PROT_READ) = 0
7106  mprotect(0x7f2f5c241000, 4096, PROT_READ) = 0
7106  mprotect(0x7f2f5c445000, 4096, PROT_READ) = 0
7106  mprotect(0x7f2f5c65b000, 4096, PROT_READ) = 0
7106  mprotect(0x7f2f5c876000, 4096, PROT_READ) = 0
7106  mprotect(0x560d85823000, 24576, PROT_READ) = 0
7106  mprotect(0x7f2f5ca9f000, 4096, PROT_READ) = 0
7106  munmap(0x7f2f5ca46000, 351433)    = 0
7106  set_tid_address(0x7f2f5ca429d0)   = 7106
7106  set_robust_list(0x7f2f5ca429e0, 24) = 0
7106  rt_sigaction(SIGRTMIN, {sa_handler=0x7f2f5c664bd0, sa_mask=[], sa_flags=SA_RESTORER|SA_SIGINFO, sa_restorer=0x7f2f5c6700c0}, NULL, 8) = 0
7106  rt_sigaction(SIGRT_1, {sa_handler=0x7f2f5c664c60, sa_mask=[], sa_flags=SA_RESTORER|SA_RESTART|SA_SIGINFO, sa_restorer=0x7f2f5c6700c0}, NULL, 8) = 0
7106  rt_sigprocmask(SIG_UNBLOCK, [RTMIN RT_1], NULL, 8) = 0
7106  getrlimit(RLIMIT_STACK, {rlim_cur=8192*1024, rlim_max=RLIM64_INFINITY}) = 0
7106  rt_sigaction(SIGFPE, {sa_handler=SIG_IGN, sa_mask=[FPE], sa_flags=SA_RESTORER|SA_RESTART, sa_restorer=0x7f2f5b799030}, {sa_handler=SIG_DFL, sa_mask=[], sa_flags=0}, 8) = 0
7106  brk(NULL)                         = 0x560d8627a000
7106  brk(0x560d8629b000)               = 0x560d8629b000
7106  getuid()                          = 0
7106  geteuid()                         = 0
7106  getgid()                          = 0
7106  getegid()                         = 0
7106  open("/usr/lib/locale/locale-archive", O_RDONLY|O_CLOEXEC) = 3
7106  fstat(3, {st_mode=S_IFREG|0644, st_size=1679488, ...}) = 0
7106  mmap(NULL, 1679488, PROT_READ, MAP_PRIVATE, 3, 0) = 0x7f2f5c8a7000
7106  close(3)                          = 0
7106  open("/dev/urandom", O_RDONLY)    = 3
7106  read(3, "\232\226k\17", 4)        = 4
7106  close(3)                          = 0
7106  readlink("/proc/self/exe", "/mnt/mintdisk/home/ryan/perl5/pe"..., 4095) = 65
7106  getuid()                          = 0
7106  geteuid()                         = 0
7106  getgid()                          = 0
7106  getegid()                         = 0
7106  ioctl(0, TCGETS, {B38400 opost isig icanon echo ...}) = 0
7106  lseek(0, 0, SEEK_CUR)             = -1 ESPIPE (Illegal seek)
7106  ioctl(1, TCGETS, {B38400 opost isig icanon echo ...}) = 0
7106  lseek(1, 0, SEEK_CUR)             = -1 ESPIPE (Illegal seek)
7106  ioctl(2, TCGETS, {B38400 opost isig icanon echo ...}) = 0
7106  lseek(2, 0, SEEK_CUR)             = -1 ESPIPE (Illegal seek)
7106  open("bin/server", O_RDONLY)      = 3
7106  ioctl(3, TCGETS, 0x7fff0416c2e0)  = -1 ENOTTY (Inappropriate ioctl for device)
7106  lseek(3, 0, SEEK_CUR)             = 0
7106  fcntl(3, F_SETFD, FD_CLOEXEC)     = 0
7106  fstat(3, {st_mode=S_IFREG|0755, st_size=173, ...}) = 0
7106  getuid()                          = 0
7106  geteuid()                         = 0
7106  getgid()                          = 0
7106  getegid()                         = 0
7106  rt_sigaction(SIGCHLD, NULL, {sa_handler=SIG_DFL, sa_mask=[], sa_flags=0}, 8) = 0
7106  brk(0x560d862bd000)               = 0x560d862bd000
7106  read(3, "#!/usr/bin/env perl\n\nuse strict;"..., 8192) = 173
7106  stat("/home/ryan/perl5/perlbrew/perls/perl-5.24.0/lib/site_perl/5.24.0/x86_64-linux/strict.pmc", 0x7fff0416be60) = -1 ENOENT (No such file or directory)
7106  stat("/home/ryan/perl5/perlbrew/perls/perl-5.24.0/lib/site_perl/5.24.0/x86_64-linux/strict.pm", 0x7fff0416be60) = -1 ENOENT (No such file or directory)
7106  stat("/home/ryan/perl5/perlbrew/perls/perl-5.24.0/lib/site_perl/5.24.0/strict.pmc", 0x7fff0416be60) = -1 ENOENT (No such file or directory)
7106  stat("/home/ryan/perl5/perlbrew/perls/perl-5.24.0/lib/site_perl/5.24.0/strict.pm", 0x7fff0416be60) = -1 ENOENT (No such file or directory)
7106  stat("/home/ryan/perl5/perlbrew/perls/perl-5.24.0/lib/5.24.0/x86_64-linux/strict.pmc", 0x7fff0416be60) = -1 ENOENT (No such file or directory)
7106  stat("/home/ryan/perl5/perlbrew/perls/perl-5.24.0/lib/5.24.0/x86_64-linux/strict.pm", 0x7fff0416be60) = -1 ENOENT (No such file or directory)
7106  stat("/home/ryan/perl5/perlbrew/perls/perl-5.24.0/lib/5.24.0/strict.pmc", 0x7fff0416be60) = -1 ENOENT (No such file or directory)
7106  stat("/home/ryan/perl5/perlbrew/perls/perl-5.24.0/lib/5.24.0/strict.pm", {st_mode=S_IFREG|0444, st_size=4738, ...}) = 0
7106  open("/home/ryan/perl5/perlbrew/perls/perl-5.24.0/lib/5.24.0/strict.pm", O_RDONLY) = 4
7106  ioctl(4, TCGETS, 0x7fff0416bc50)  = -1 ENOTTY (Inappropriate ioctl for device)
7106  lseek(4, 0, SEEK_CUR)             = 0
7106  read(4, "package strict;\n\n$strict::VERSIO"..., 8192) = 4738
7106  lseek(4, 1605, SEEK_SET)          = 1605
7106  lseek(4, 0, SEEK_CUR)             = 1605
7106  close(4)                          = 0
7106  stat("/home/ryan/perl5/perlbrew/perls/perl-5.24.0/lib/site_perl/5.24.0/x86_64-linux/warnings.pmc", 0x7fff0416be60) = -1 ENOENT (No such file or directory)
7106  stat("/home/ryan/perl5/perlbrew/perls/perl-5.24.0/lib/site_perl/5.24.0/x86_64-linux/warnings.pm", 0x7fff0416be60) = -1 ENOENT (No such file or directory)
7106  stat("/home/ryan/perl5/perlbrew/perls/perl-5.24.0/lib/site_perl/5.24.0/warnings.pmc", 0x7fff0416be60) = -1 ENOENT (No such file or directory)
7106  stat("/home/ryan/perl5/perlbrew/perls/perl-5.24.0/lib/site_perl/5.24.0/warnings.pm", 0x7fff0416be60) = -1 ENOENT (No such file or directory)
7106  stat("/home/ryan/perl5/perlbrew/perls/perl-5.24.0/lib/5.24.0/x86_64-linux/warnings.pmc", 0x7fff0416be60) = -1 ENOENT (No such file or directory)
7106  stat("/home/ryan/perl5/perlbrew/perls/perl-5.24.0/lib/5.24.0/x86_64-linux/warnings.pm", 0x7fff0416be60) = -1 ENOENT (No such file or directory)
7106  stat("/home/ryan/perl5/perlbrew/perls/perl-5.24.0/lib/5.24.0/warnings.pmc", 0x7fff0416be60) = -1 ENOENT (No such file or directory)
7106  stat("/home/ryan/perl5/perlbrew/perls/perl-5.24.0/lib/5.24.0/warnings.pm", {st_mode=S_IFREG|0444, st_size=44358, ...}) = 0
7106  open("/home/ryan/perl5/perlbrew/perls/perl-5.24.0/lib/5.24.0/warnings.pm", O_RDONLY) = 4
7106  ioctl(4, TCGETS, 0x7fff0416bc50)  = -1 ENOTTY (Inappropriate ioctl for device)
7106  lseek(4, 0, SEEK_CUR)             = 0
7106  read(4, "# -*- buffer-read-only: t -*-\n# "..., 8192) = 8192
7106  read(4, "   'substr'\t\t\t\t=> \"\\x00\\x00\\x00\\"..., 8192) = 8192
7106  brk(0x560d862de000)               = 0x560d862de000
7106  read(4, "BIT\t\t\t\t=  132 ;\nour $BYTES\t\t\t\t= "..., 8192) = 8192
7106  brk(0x560d86300000)               = 0x560d86300000
7106  lseek(4, 21559, SEEK_SET)         = 21559
7106  lseek(4, 0, SEEK_CUR)             = 21559
7106  close(4)                          = 0
7106  stat("/home/ryan/perl5/perlbrew/perls/perl-5.24.0/lib/site_perl/5.24.0/x86_64-linux/FindBin.pmc", 0x7fff0416be60) = -1 ENOENT (No such file or directory)
7106  stat("/home/ryan/perl5/perlbrew/perls/perl-5.24.0/lib/site_perl/5.24.0/x86_64-linux/FindBin.pm", 0x7fff0416be60) = -1 ENOENT (No such file or directory)
7106  stat("/home/ryan/perl5/perlbrew/perls/perl-5.24.0/lib/site_perl/5.24.0/FindBin.pmc", 0x7fff0416be60) = -1 ENOENT (No such file or directory)
7106  stat("/home/ryan/perl5/perlbrew/perls/perl-5.24.0/lib/site_perl/5.24.0/FindBin.pm", 0x7fff0416be60) = -1 ENOENT (No such file or directory)
7106  stat("/home/ryan/perl5/perlbrew/perls/perl-5.24.0/lib/5.24.0/x86_64-linux/FindBin.pmc", 0x7fff0416be60) = -1 ENOENT (No such file or directory)
7106  stat("/home/ryan/perl5/perlbrew/perls/perl-5.24.0/lib/5.24.0/x86_64-linux/FindBin.pm", 0x7fff0416be60) = -1 ENOENT (No such file or directory)
7106  stat("/home/ryan/perl5/perlbrew/perls/perl-5.24.0/lib/5.24.0/FindBin.pmc", 0x7fff0416be60) = -1 ENOENT (No such file or directory)
7106  stat("/home/ryan/perl5/perlbrew/perls/perl-5.24.0/lib/5.24.0/FindBin.pm", {st_mode=S_IFREG|0444, st_size=4561, ...}) = 0
7106  open("/home/ryan/perl5/perlbrew/perls/perl-5.24.0/lib/5.24.0/FindBin.pm", O_RDONLY) = 4
7106  ioctl(4, TCGETS, 0x7fff0416bc50)  = -1 ENOTTY (Inappropriate ioctl for device)
7106  lseek(4, 0, SEEK_CUR)             = 0
7106  read(4, "# FindBin.pm\n#\n# Copyright (c) 1"..., 8192) = 4561
7106  stat("/home/ryan/perl5/perlbrew/perls/perl-5.24.0/lib/site_perl/5.24.0/x86_64-linux/Carp.pmc", 0x7fff0416b850) = -1 ENOENT (No such file or directory)
7106  stat("/home/ryan/perl5/perlbrew/perls/perl-5.24.0/lib/site_perl/5.24.0/x86_64-linux/Carp.pm", 0x7fff0416b850) = -1 ENOENT (No such file or directory)
7106  stat("/home/ryan/perl5/perlbrew/perls/perl-5.24.0/lib/site_perl/5.24.0/Carp.pmc", 0x7fff0416b850) = -1 ENOENT (No such file or directory)
7106  stat("/home/ryan/perl5/perlbrew/perls/perl-5.24.0/lib/site_perl/5.24.0/Carp.pm", 0x7fff0416b850) = -1 ENOENT (No such file or directory)
7106  stat("/home/ryan/perl5/perlbrew/perls/perl-5.24.0/lib/5.24.0/x86_64-linux/Carp.pmc", 0x7fff0416b850) = -1 ENOENT (No such file or directory)
7106  stat("/home/ryan/perl5/perlbrew/perls/perl-5.24.0/lib/5.24.0/x86_64-linux/Carp.pm", 0x7fff0416b850) = -1 ENOENT (No such file or directory)
7106  stat("/home/ryan/perl5/perlbrew/perls/perl-5.24.0/lib/5.24.0/Carp.pmc", 0x7fff0416b850) = -1 ENOENT (No such file or directory)
7106  stat("/home/ryan/perl5/perlbrew/perls/perl-5.24.0/lib/5.24.0/Carp.pm", {st_mode=S_IFREG|0444, st_size=30679, ...}) = 0
7106  open("/home/ryan/perl5/perlbrew/perls/perl-5.24.0/lib/5.24.0/Carp.pm", O_RDONLY) = 5
7106  ioctl(5, TCGETS, 0x7fff0416b640)  = -1 ENOTTY (Inappropriate ioctl for device)
7106  lseek(5, 0, SEEK_CUR)             = 0
7106  read(5, "package Carp;\n\n{ use 5.006; }\nus"..., 8192) = 8192
7106  read(5, "} @args;\n\n            if ($overf"..., 8192) = 8192
7106  brk(0x560d86321000)               = 0x560d86321000
7106  brk(0x560d86342000)               = 0x560d86342000
7106  read(5, "thread $tid\" if $tid;\n    }\n\n   "..., 8192) = 8192
7106  lseek(5, 20137, SEEK_SET)         = 20137
7106  lseek(5, 0, SEEK_CUR)             = 20137
7106  close(5)                          = 0
7106  stat("/home/ryan/perl5/perlbrew/perls/perl-5.24.0/lib/site_perl/5.24.0/x86_64-linux/Exporter.pmc", 0x7fff0416b850) = -1 ENOENT (No such file or directory)
7106  stat("/home/ryan/perl5/perlbrew/perls/perl-5.24.0/lib/site_perl/5.24.0/x86_64-linux/Exporter.pm", 0x7fff0416b850) = -1 ENOENT (No such file or directory)
7106  stat("/home/ryan/perl5/perlbrew/perls/perl-5.24.0/lib/site_perl/5.24.0/Exporter.pmc", 0x7fff0416b850) = -1 ENOENT (No such file or directory)
7106  stat("/home/ryan/perl5/perlbrew/perls/perl-5.24.0/lib/site_perl/5.24.0/Exporter.pm", 0x7fff0416b850) = -1 ENOENT (No such file or directory)
7106  stat("/home/ryan/perl5/perlbrew/perls/perl-5.24.0/lib/5.24.0/x86_64-linux/Exporter.pmc", 0x7fff0416b850) = -1 ENOENT (No such file or directory)
7106  stat("/home/ryan/perl5/perlbrew/perls/perl-5.24.0/lib/5.24.0/x86_64-linux/Exporter.pm", 0x7fff0416b850) = -1 ENOENT (No such file or directory)
7106  stat("/home/ryan/perl5/perlbrew/perls/perl-5.24.0/lib/5.24.0/Exporter.pmc", 0x7fff0416b850) = -1 ENOENT (No such file or directory)
7106  stat("/home/ryan/perl5/perlbrew/perls/perl-5.24.0/lib/5.24.0/Exporter.pm", {st_mode=S_IFREG|0444, st_size=18746, ...}) = 0
7106  open("/home/ryan/perl5/perlbrew/perls/perl-5.24.0/lib/5.24.0/Exporter.pm", O_RDONLY) = 5
7106  ioctl(5, TCGETS, 0x7fff0416b640)  = -1 ENOTTY (Inappropriate ioctl for device)
7106  lseek(5, 0, SEEK_CUR)             = 0
7106  read(5, "package Exporter;\n\nrequire 5.006"..., 8192) = 8192
7106  brk(0x560d86363000)               = 0x560d86363000
7106  lseek(5, 2366, SEEK_SET)          = 2366
7106  lseek(5, 0, SEEK_CUR)             = 2366
7106  close(5)                          = 0
7106  getuid()                          = 0
7106  geteuid()                         = 0
7106  getgid()                          = 0
7106  getegid()                         = 0
7106  stat("/home/ryan/perl5/perlbrew/perls/perl-5.24.0/lib/site_perl/5.24.0/x86_64-linux/Cwd.pmc", 0x7fff0416b850) = -1 ENOENT (No such file or directory)
7106  stat("/home/ryan/perl5/perlbrew/perls/perl-5.24.0/lib/site_perl/5.24.0/x86_64-linux/Cwd.pm", 0x7fff0416b850) = -1 ENOENT (No such file or directory)
7106  stat("/home/ryan/perl5/perlbrew/perls/perl-5.24.0/lib/site_perl/5.24.0/Cwd.pmc", 0x7fff0416b850) = -1 ENOENT (No such file or directory)
7106  stat("/home/ryan/perl5/perlbrew/perls/perl-5.24.0/lib/site_perl/5.24.0/Cwd.pm", 0x7fff0416b850) = -1 ENOENT (No such file or directory)
7106  stat("/home/ryan/perl5/perlbrew/perls/perl-5.24.0/lib/5.24.0/x86_64-linux/Cwd.pmc", 0x7fff0416b850) = -1 ENOENT (No such file or directory)
7106  stat("/home/ryan/perl5/perlbrew/perls/perl-5.24.0/lib/5.24.0/x86_64-linux/Cwd.pm", {st_mode=S_IFREG|0444, st_size=22587, ...}) = 0
7106  open("/home/ryan/perl5/perlbrew/perls/perl-5.24.0/lib/5.24.0/x86_64-linux/Cwd.pm", O_RDONLY) = 5
7106  ioctl(5, TCGETS, 0x7fff0416b640)  = -1 ENOTTY (Inappropriate ioctl for device)
7106  lseek(5, 0, SEEK_CUR)             = 0
7106  read(5, "package Cwd;\nuse strict;\nuse Exp"..., 8192) = 8192
7106  stat("/home/ryan/perl5/perlbrew/perls/perl-5.24.0/lib/site_perl/5.24.0/x86_64-linux/vars.pmc", 0x7fff0416b240) = -1 ENOENT (No such file or directory)
7106  stat("/home/ryan/perl5/perlbrew/perls/perl-5.24.0/lib/site_perl/5.24.0/x86_64-linux/vars.pm", 0x7fff0416b240) = -1 ENOENT (No such file or directory)
7106  stat("/home/ryan/perl5/perlbrew/perls/perl-5.24.0/lib/site_perl/5.24.0/vars.pmc", 0x7fff0416b240) = -1 ENOENT (No such file or directory)
7106  stat("/home/ryan/perl5/perlbrew/perls/perl-5.24.0/lib/site_perl/5.24.0/vars.pm", 0x7fff0416b240) = -1 ENOENT (No such file or directory)
7106  stat("/home/ryan/perl5/perlbrew/perls/perl-5.24.0/lib/5.24.0/x86_64-linux/vars.pmc", 0x7fff0416b240) = -1 ENOENT (No such file or directory)
7106  stat("/home/ryan/perl5/perlbrew/perls/perl-5.24.0/lib/5.24.0/x86_64-linux/vars.pm", 0x7fff0416b240) = -1 ENOENT (No such file or directory)
7106  stat("/home/ryan/perl5/perlbrew/perls/perl-5.24.0/lib/5.24.0/vars.pmc", 0x7fff0416b240) = -1 ENOENT (No such file or directory)
7106  stat("/home/ryan/perl5/perlbrew/perls/perl-5.24.0/lib/5.24.0/vars.pm", {st_mode=S_IFREG|0444, st_size=2414, ...}) = 0
7106  open("/home/ryan/perl5/perlbrew/perls/perl-5.24.0/lib/5.24.0/vars.pm", O_RDONLY) = 6
7106  ioctl(6, TCGETS, 0x7fff0416b030)  = -1 ENOTTY (Inappropriate ioctl for device)
7106  lseek(6, 0, SEEK_CUR)             = 0
7106  read(6, "package vars;\n\nuse 5.006;\n\nour $"..., 8192) = 2414
7106  stat("/home/ryan/perl5/perlbrew/perls/perl-5.24.0/lib/site_perl/5.24.0/x86_64-linux/warnings/register.pmc", 0x7fff0416ac30) = -1 ENOENT (No such file or directory)
7106  stat("/home/ryan/perl5/perlbrew/perls/perl-5.24.0/lib/site_perl/5.24.0/x86_64-linux/warnings/register.pm", 0x7fff0416ac30) = -1 ENOENT (No such file or directory)
7106  stat("/home/ryan/perl5/perlbrew/perls/perl-5.24.0/lib/site_perl/5.24.0/warnings/register.pmc", 0x7fff0416ac30) = -1 ENOENT (No such file or directory)
7106  stat("/home/ryan/perl5/perlbrew/perls/perl-5.24.0/lib/site_perl/5.24.0/warnings/register.pm", 0x7fff0416ac30) = -1 ENOENT (No such file or directory)
7106  stat("/home/ryan/perl5/perlbrew/perls/perl-5.24.0/lib/5.24.0/x86_64-linux/warnings/register.pmc", 0x7fff0416ac30) = -1 ENOENT (No such file or directory)
7106  stat("/home/ryan/perl5/perlbrew/perls/perl-5.24.0/lib/5.24.0/x86_64-linux/warnings/register.pm", 0x7fff0416ac30) = -1 ENOENT (No such file or directory)
7106  stat("/home/ryan/perl5/perlbrew/perls/perl-5.24.0/lib/5.24.0/warnings/register.pmc", 0x7fff0416ac30) = -1 ENOENT (No such file or directory)
7106  stat("/home/ryan/perl5/perlbrew/perls/perl-5.24.0/lib/5.24.0/warnings/register.pm", {st_mode=S_IFREG|0444, st_size=759, ...}) = 0
7106  open("/home/ryan/perl5/perlbrew/perls/perl-5.24.0/lib/5.24.0/warnings/register.pm", O_RDONLY) = 7
7106  ioctl(7, TCGETS, 0x7fff0416aa20)  = -1 ENOTTY (Inappropriate ioctl for device)
7106  lseek(7, 0, SEEK_CUR)             = 0
7106  read(7, "package warnings::register;\n\nour"..., 8192) = 759
7106  lseek(7, 487, SEEK_SET)           = 487
7106  lseek(7, 0, SEEK_CUR)             = 487
7106  close(7)                          = 0
7106  lseek(6, 1148, SEEK_SET)          = 1148
7106  lseek(6, 0, SEEK_CUR)             = 1148
7106  close(6)                          = 0
7106  brk(0x560d86384000)               = 0x560d86384000
7106  read(5, "ino == $cino;\n\topendir(DIR, '.')"..., 8192) = 8192
7106  brk(0x560d863a8000)               = 0x560d863a8000
7106  read(5, " into [.foo]\n    my $pathified ="..., 8192) = 6203
7106  lseek(5, 18442, SEEK_SET)         = 18442
7106  lseek(5, 0, SEEK_CUR)             = 18442
7106  close(5)                          = 0
7106  getuid()                          = 0
7106  geteuid()                         = 0
7106  getgid()                          = 0
7106  getegid()                         = 0
7106  stat("/home/ryan/perl5/perlbrew/perls/perl-5.24.0/lib/site_perl/5.24.0/x86_64-linux/XSLoader.pmc", 0x7fff0416b850) = -1 ENOENT (No such file or directory)
7106  stat("/home/ryan/perl5/perlbrew/perls/perl-5.24.0/lib/site_perl/5.24.0/x86_64-linux/XSLoader.pm", {st_mode=S_IFREG|0444, st_size=11247, ...}) = 0
7106  open("/home/ryan/perl5/perlbrew/perls/perl-5.24.0/lib/site_perl/5.24.0/x86_64-linux/XSLoader.pm", O_RDONLY) = 5
7106  ioctl(5, TCGETS, 0x7fff0416b640)  = -1 ENOTTY (Inappropriate ioctl for device)
7106  lseek(5, 0, SEEK_CUR)             = 0
7106  read(5, "# Generated from XSLoader.pm.PL "..., 8192) = 8192
7106  brk(0x560d863c9000)               = 0x560d863c9000
7106  lseek(5, 3899, SEEK_SET)          = 3899
7106  lseek(5, 0, SEEK_CUR)             = 3899
7106  close(5)                          = 0
7106  stat("/home/ryan/perl5/perlbrew/perls/perl-5.24.0/lib/5.24.0/x86_64-linux/auto/Cwd/Cwd.bs", 0x560d8582b8c0) = -1 ENOENT (No such file or directory)
7106  stat("/home/ryan/perl5/perlbrew/perls/perl-5.24.0/lib/5.24.0/x86_64-linux/auto/Cwd/Cwd.so", {st_mode=S_IFREG|0555, st_size=23128, ...}) = 0
7106  futex(0x7f2f5c4460a8, FUTEX_WAKE_PRIVATE, 2147483647) = 0
7106  open("/home/ryan/perl5/perlbrew/perls/perl-5.24.0/lib/5.24.0/x86_64-linux/auto/Cwd/Cwd.so", O_RDONLY|O_CLOEXEC) = 5
7106  read(5, "\177ELF\2\1\1\0\0\0\0\0\0\0\0\0\3\0>\0\1\0\0\0\220\23\0\0\0\0\0\0"..., 832) = 832
7106  fstat(5, {st_mode=S_IFREG|0555, st_size=23128, ...}) = 0
7106  mmap(NULL, 2113904, PROT_READ|PROT_EXEC, MAP_PRIVATE|MAP_DENYWRITE, 5, 0) = 0x7f2f5b561000
7106  mprotect(0x7f2f5b564000, 2097152, PROT_NONE) = 0
7106  mmap(0x7f2f5b764000, 8192, PROT_READ|PROT_WRITE, MAP_PRIVATE|MAP_FIXED|MAP_DENYWRITE, 5, 0x3000) = 0x7f2f5b764000
7106  close(5)                          = 0
7106  mprotect(0x7f2f5b764000, 4096, PROT_READ) = 0
7106  stat("/bin/pwd", {st_mode=S_IFREG|0755, st_size=35656, ...}) = 0
7106  geteuid()                         = 0
7106  stat("/home/ryan/perl5/perlbrew/perls/perl-5.24.0/lib/site_perl/5.24.0/x86_64-linux/File/Basename.pmc", 0x7fff0416b850) = -1 ENOENT (No such file or directory)
7106  stat("/home/ryan/perl5/perlbrew/perls/perl-5.24.0/lib/site_perl/5.24.0/x86_64-linux/File/Basename.pm", 0x7fff0416b850) = -1 ENOENT (No such file or directory)
7106  stat("/home/ryan/perl5/perlbrew/perls/perl-5.24.0/lib/site_perl/5.24.0/File/Basename.pmc", 0x7fff0416b850) = -1 ENOENT (No such file or directory)
7106  stat("/home/ryan/perl5/perlbrew/perls/perl-5.24.0/lib/site_perl/5.24.0/File/Basename.pm", 0x7fff0416b850) = -1 ENOENT (No such file or directory)
7106  stat("/home/ryan/perl5/perlbrew/perls/perl-5.24.0/lib/5.24.0/x86_64-linux/File/Basename.pmc", 0x7fff0416b850) = -1 ENOENT (No such file or directory)
7106  stat("/home/ryan/perl5/perlbrew/perls/perl-5.24.0/lib/5.24.0/x86_64-linux/File/Basename.pm", 0x7fff0416b850) = -1 ENOENT (No such file or directory)
7106  stat("/home/ryan/perl5/perlbrew/perls/perl-5.24.0/lib/5.24.0/File/Basename.pmc", 0x7fff0416b850) = -1 ENOENT (No such file or directory)
7106  stat("/home/ryan/perl5/perlbrew/perls/perl-5.24.0/lib/5.24.0/File/Basename.pm", {st_mode=S_IFREG|0444, st_size=11194, ...}) = 0
7106  open("/home/ryan/perl5/perlbrew/perls/perl-5.24.0/lib/5.24.0/File/Basename.pm", O_RDONLY) = 5
7106  ioctl(5, TCGETS, 0x7fff0416b640)  = -1 ENOTTY (Inappropriate ioctl for device)
7106  lseek(5, 0, SEEK_CUR)             = 0
7106  read(5, "=head1 NAME\n\nFile::Basename - Pa"..., 8192) = 8192
7106  read(5, "no directory information in the "..., 8192) = 3002
7106  read(5, "", 8192)                 = 0
7106  close(5)                          = 0
7106  getuid()                          = 0
7106  geteuid()                         = 0
7106  getgid()                          = 0
7106  getegid()                         = 0
7106  stat("/home/ryan/perl5/perlbrew/perls/perl-5.24.0/lib/site_perl/5.24.0/x86_64-linux/File/Spec.pmc", 0x7fff0416b850) = -1 ENOENT (No such file or directory)
7106  stat("/home/ryan/perl5/perlbrew/perls/perl-5.24.0/lib/site_perl/5.24.0/x86_64-linux/File/Spec.pm", 0x7fff0416b850) = -1 ENOENT (No such file or directory)
7106  stat("/home/ryan/perl5/perlbrew/perls/perl-5.24.0/lib/site_perl/5.24.0/File/Spec.pmc", 0x7fff0416b850) = -1 ENOENT (No such file or directory)
7106  stat("/home/ryan/perl5/perlbrew/perls/perl-5.24.0/lib/site_perl/5.24.0/File/Spec.pm", 0x7fff0416b850) = -1 ENOENT (No such file or directory)
7106  stat("/home/ryan/perl5/perlbrew/perls/perl-5.24.0/lib/5.24.0/x86_64-linux/File/Spec.pmc", 0x7fff0416b850) = -1 ENOENT (No such file or directory)
7106  stat("/home/ryan/perl5/perlbrew/perls/perl-5.24.0/lib/5.24.0/x86_64-linux/File/Spec.pm", {st_mode=S_IFREG|0444, st_size=10520, ...}) = 0
7106  open("/home/ryan/perl5/perlbrew/perls/perl-5.24.0/lib/5.24.0/x86_64-linux/File/Spec.pm", O_RDONLY) = 5
7106  ioctl(5, TCGETS, 0x7fff0416b640)  = -1 ENOTTY (Inappropriate ioctl for device)
7106  lseek(5, 0, SEEK_CUR)             = 0
7106  read(5, "package File::Spec;\n\nuse strict;"..., 8192) = 8192
7106  lseek(5, 619, SEEK_SET)           = 619
7106  lseek(5, 0, SEEK_CUR)             = 619
7106  close(5)                          = 0
7106  stat("/home/ryan/perl5/perlbrew/perls/perl-5.24.0/lib/site_perl/5.24.0/x86_64-linux/File/Spec/Unix.pmc", 0x7fff0416b850) = -1 ENOENT (No such file or directory)
7106  stat("/home/ryan/perl5/perlbrew/perls/perl-5.24.0/lib/site_perl/5.24.0/x86_64-linux/File/Spec/Unix.pm", 0x7fff0416b850) = -1 ENOENT (No such file or directory)
7106  stat("/home/ryan/perl5/perlbrew/perls/perl-5.24.0/lib/site_perl/5.24.0/File/Spec/Unix.pmc", 0x7fff0416b850) = -1 ENOENT (No such file or directory)
7106  stat("/home/ryan/perl5/perlbrew/perls/perl-5.24.0/lib/site_perl/5.24.0/File/Spec/Unix.pm", 0x7fff0416b850) = -1 ENOENT (No such file or directory)
7106  stat("/home/ryan/perl5/perlbrew/perls/perl-5.24.0/lib/5.24.0/x86_64-linux/File/Spec/Unix.pmc", 0x7fff0416b850) = -1 ENOENT (No such file or directory)
7106  stat("/home/ryan/perl5/perlbrew/perls/perl-5.24.0/lib/5.24.0/x86_64-linux/File/Spec/Unix.pm", {st_mode=S_IFREG|0444, st_size=16602, ...}) = 0
7106  open("/home/ryan/perl5/perlbrew/perls/perl-5.24.0/lib/5.24.0/x86_64-linux/File/Spec/Unix.pm", O_RDONLY) = 5
7106  ioctl(5, TCGETS, 0x7fff0416b640)  = -1 ENOTTY (Inappropriate ioctl for device)
7106  lseek(5, 0, SEEK_CUR)             = 0
7106  read(5, "package File::Spec::Unix;\n\nuse s"..., 8192) = 8192
7106  brk(0x560d863ea000)               = 0x560d863ea000
7106  stat("/home/ryan/perl5/perlbrew/perls/perl-5.24.0/lib/site_perl/5.24.0/x86_64-linux/constant.pmc", 0x7fff0416b240) = -1 ENOENT (No such file or directory)
7106  stat("/home/ryan/perl5/perlbrew/perls/perl-5.24.0/lib/site_perl/5.24.0/x86_64-linux/constant.pm", 0x7fff0416b240) = -1 ENOENT (No such file or directory)
7106  stat("/home/ryan/perl5/perlbrew/perls/perl-5.24.0/lib/site_perl/5.24.0/constant.pmc", 0x7fff0416b240) = -1 ENOENT (No such file or directory)
7106  stat("/home/ryan/perl5/perlbrew/perls/perl-5.24.0/lib/site_perl/5.24.0/constant.pm", 0x7fff0416b240) = -1 ENOENT (No such file or directory)
7106  stat("/home/ryan/perl5/perlbrew/perls/perl-5.24.0/lib/5.24.0/x86_64-linux/constant.pmc", 0x7fff0416b240) = -1 ENOENT (No such file or directory)
7106  stat("/home/ryan/perl5/perlbrew/perls/perl-5.24.0/lib/5.24.0/x86_64-linux/constant.pm", 0x7fff0416b240) = -1 ENOENT (No such file or directory)
7106  stat("/home/ryan/perl5/perlbrew/perls/perl-5.24.0/lib/5.24.0/constant.pmc", 0x7fff0416b240) = -1 ENOENT (No such file or directory)
7106  stat("/home/ryan/perl5/perlbrew/perls/perl-5.24.0/lib/5.24.0/constant.pm", {st_mode=S_IFREG|0444, st_size=14724, ...}) = 0
7106  open("/home/ryan/perl5/perlbrew/perls/perl-5.24.0/lib/5.24.0/constant.pm", O_RDONLY) = 6
7106  ioctl(6, TCGETS, 0x7fff0416b030)  = -1 ENOTTY (Inappropriate ioctl for device)
7106  lseek(6, 0, SEEK_CUR)             = 0
7106  read(6, "package constant;\nuse 5.008;\nuse"..., 8192) = 8192
7106  brk(0x560d8640c000)               = 0x560d8640c000
7106  lseek(6, 5736, SEEK_SET)          = 5736
7106  lseek(6, 0, SEEK_CUR)             = 5736
7106  close(6)                          = 0
7106  read(5, " directory portion may or may no"..., 8192) = 8192
7106  brk(0x560d8642d000)               = 0x560d8642d000
7106  read(5, "     push @collapsed, $dir;     "..., 8192) = 218
7106  read(5, "", 8192)                 = 0
7106  close(5)                          = 0
7106  getuid()                          = 0
7106  geteuid()                         = 0
7106  getgid()                          = 0
7106  getegid()                         = 0
7106  stat("bin/server", {st_mode=S_IFREG|0755, st_size=173, ...}) = 0
7106  getcwd("/mnt/mintdisk/home/ryan/workspace/evalserver-async", 4095) = 51
7106  readlink("/mnt/mintdisk/home/ryan/workspace/evalserver-async/bin/server", 0x7fff0416aa40, 4095) = -1 EINVAL (Invalid argument)
7106  lstat("/mnt", {st_mode=S_IFDIR|0755, st_size=4096, ...}) = 0
7106  lstat("/mnt/mintdisk", {st_mode=S_IFDIR|0755, st_size=4096, ...}) = 0
7106  lstat("/mnt/mintdisk/home", {st_mode=S_IFDIR|0755, st_size=4096, ...}) = 0
7106  lstat("/mnt/mintdisk/home/ryan", {st_mode=S_IFDIR|0755, st_size=131072, ...}) = 0
7106  lstat("/mnt/mintdisk/home/ryan/workspace", {st_mode=S_IFDIR|0775, st_size=4096, ...}) = 0
7106  lstat("/mnt/mintdisk/home/ryan/workspace/evalserver-async", {st_mode=S_IFDIR|0755, st_size=4096, ...}) = 0
7106  lstat("/mnt/mintdisk/home/ryan/workspace/evalserver-async/bin", {st_mode=S_IFDIR|0755, st_size=4096, ...}) = 0
7106  lstat("/mnt", {st_mode=S_IFDIR|0755, st_size=4096, ...}) = 0
7106  lstat("/mnt/mintdisk", {st_mode=S_IFDIR|0755, st_size=4096, ...}) = 0
7106  lstat("/mnt/mintdisk/home", {st_mode=S_IFDIR|0755, st_size=4096, ...}) = 0
7106  lstat("/mnt/mintdisk/home/ryan", {st_mode=S_IFDIR|0755, st_size=131072, ...}) = 0
7106  lstat("/mnt/mintdisk/home/ryan/workspace", {st_mode=S_IFDIR|0775, st_size=4096, ...}) = 0
7106  lstat("/mnt/mintdisk/home/ryan/workspace/evalserver-async", {st_mode=S_IFDIR|0755, st_size=4096, ...}) = 0
7106  lstat("/mnt/mintdisk/home/ryan/workspace/evalserver-async/bin", {st_mode=S_IFDIR|0755, st_size=4096, ...}) = 0
7106  read(4, "", 8192)                 = 0
7106  close(4)                          = 0
7106  getuid()                          = 0
7106  geteuid()                         = 0
7106  getgid()                          = 0
7106  getegid()                         = 0
7106  stat("/home/ryan/perl5/perlbrew/perls/perl-5.24.0/lib/site_perl/5.24.0/x86_64-linux/lib.pmc", 0x7fff0416be60) = -1 ENOENT (No such file or directory)
7106  stat("/home/ryan/perl5/perlbrew/perls/perl-5.24.0/lib/site_perl/5.24.0/x86_64-linux/lib.pm", 0x7fff0416be60) = -1 ENOENT (No such file or directory)
7106  stat("/home/ryan/perl5/perlbrew/perls/perl-5.24.0/lib/site_perl/5.24.0/lib.pmc", 0x7fff0416be60) = -1 ENOENT (No such file or directory)
7106  stat("/home/ryan/perl5/perlbrew/perls/perl-5.24.0/lib/site_perl/5.24.0/lib.pm", 0x7fff0416be60) = -1 ENOENT (No such file or directory)
7106  stat("/home/ryan/perl5/perlbrew/perls/perl-5.24.0/lib/5.24.0/x86_64-linux/lib.pmc", 0x7fff0416be60) = -1 ENOENT (No such file or directory)
7106  stat("/home/ryan/perl5/perlbrew/perls/perl-5.24.0/lib/5.24.0/x86_64-linux/lib.pm", {st_mode=S_IFREG|0444, st_size=6006, ...}) = 0
7106  open("/home/ryan/perl5/perlbrew/perls/perl-5.24.0/lib/5.24.0/x86_64-linux/lib.pm", O_RDONLY) = 4
7106  ioctl(4, TCGETS, 0x7fff0416bc50)  = -1 ENOTTY (Inappropriate ioctl for device)
7106  lseek(4, 0, SEEK_CUR)             = 0
7106  read(4, "package lib;\n\n# THIS FILE IS AUT"..., 8192) = 6006
7106  stat("/home/ryan/perl5/perlbrew/perls/perl-5.24.0/lib/site_perl/5.24.0/x86_64-linux/Config.pmc", 0x7fff0416b850) = -1 ENOENT (No such file or directory)
7106  stat("/home/ryan/perl5/perlbrew/perls/perl-5.24.0/lib/site_perl/5.24.0/x86_64-linux/Config.pm", 0x7fff0416b850) = -1 ENOENT (No such file or directory)
7106  stat("/home/ryan/perl5/perlbrew/perls/perl-5.24.0/lib/site_perl/5.24.0/Config.pmc", 0x7fff0416b850) = -1 ENOENT (No such file or directory)
7106  stat("/home/ryan/perl5/perlbrew/perls/perl-5.24.0/lib/site_perl/5.24.0/Config.pm", 0x7fff0416b850) = -1 ENOENT (No such file or directory)
7106  stat("/home/ryan/perl5/perlbrew/perls/perl-5.24.0/lib/5.24.0/x86_64-linux/Config.pmc", 0x7fff0416b850) = -1 ENOENT (No such file or directory)
7106  stat("/home/ryan/perl5/perlbrew/perls/perl-5.24.0/lib/5.24.0/x86_64-linux/Config.pm", {st_mode=S_IFREG|0444, st_size=3473, ...}) = 0
7106  open("/home/ryan/perl5/perlbrew/perls/perl-5.24.0/lib/5.24.0/x86_64-linux/Config.pm", O_RDONLY) = 5
7106  ioctl(5, TCGETS, 0x7fff0416b640)  = -1 ENOTTY (Inappropriate ioctl for device)
7106  lseek(5, 0, SEEK_CUR)             = 0
7106  read(5, "# This file was created by confi"..., 8192) = 3473
7106  read(5, "", 8192)                 = 0
7106  close(5)                          = 0
7106  lseek(4, 2285, SEEK_SET)          = 2285
7106  lseek(4, 0, SEEK_CUR)             = 2285
7106  close(4)                          = 0
7106  stat("/mnt/mintdisk/home/ryan/workspace/evalserver-async/bin/../lib", {st_mode=S_IFDIR|0755, st_size=4096, ...}) = 0
7106  stat("/mnt/mintdisk/home/ryan/workspace/evalserver-async/bin/../lib/x86_64-linux/auto", 0x560d8582b8c0) = -1 ENOENT (No such file or directory)
7106  stat("/mnt/mintdisk/home/ryan/workspace/evalserver-async/bin/../lib/5.24.0", 0x560d8582b8c0) = -1 ENOENT (No such file or directory)
7106  stat("/mnt/mintdisk/home/ryan/workspace/evalserver-async/bin/../lib/5.24.0/x86_64-linux", 0x560d8582b8c0) = -1 ENOENT (No such file or directory)
7106  stat("/mnt/mintdisk/home/ryan/workspace/evalserver-async/bin/../lib/EvalServer.pmc", 0x7fff0416be60) = -1 ENOENT (No such file or directory)
7106  stat("/mnt/mintdisk/home/ryan/workspace/evalserver-async/bin/../lib/EvalServer.pm", {st_mode=S_IFREG|0644, st_size=1652, ...}) = 0
7106  open("/mnt/mintdisk/home/ryan/workspace/evalserver-async/bin/../lib/EvalServer.pm", O_RDONLY) = 4
7106  ioctl(4, TCGETS, 0x7fff0416bc50)  = -1 ENOTTY (Inappropriate ioctl for device)
7106  lseek(4, 0, SEEK_CUR)             = 0
7106  read(4, "package EvalServer;\n\nuse strict;"..., 8192) = 1652
7106  stat("/mnt/mintdisk/home/ryan/workspace/evalserver-async/bin/../lib/EvalServer/Sandbox.pmc", 0x7fff0416b850) = -1 ENOENT (No such file or directory)
7106  stat("/mnt/mintdisk/home/ryan/workspace/evalserver-async/bin/../lib/EvalServer/Sandbox.pm", {st_mode=S_IFREG|0644, st_size=5310, ...}) = 0
7106  open("/mnt/mintdisk/home/ryan/workspace/evalserver-async/bin/../lib/EvalServer/Sandbox.pm", O_RDONLY) = 5
7106  ioctl(5, TCGETS, 0x7fff0416b640)  = -1 ENOTTY (Inappropriate ioctl for device)
7106  lseek(5, 0, SEEK_CUR)             = 0
7106  read(5, "package EvalServer::Sandbox;\n\nus"..., 8192) = 5310
7106  stat("/mnt/mintdisk/home/ryan/workspace/evalserver-async/bin/../lib/Sys/Linux/Namespace.pmc", 0x7fff0416b240) = -1 ENOENT (No such file or directory)
7106  stat("/mnt/mintdisk/home/ryan/workspace/evalserver-async/bin/../lib/Sys/Linux/Namespace.pm", 0x7fff0416b240) = -1 ENOENT (No such file or directory)
7106  stat("/home/ryan/perl5/perlbrew/perls/perl-5.24.0/lib/site_perl/5.24.0/x86_64-linux/Sys/Linux/Namespace.pmc", 0x7fff0416b240) = -1 ENOENT (No such file or directory)
7106  stat("/home/ryan/perl5/perlbrew/perls/perl-5.24.0/lib/site_perl/5.24.0/x86_64-linux/Sys/Linux/Namespace.pm", {st_mode=S_IFREG|0444, st_size=6896, ...}) = 0
7106  open("/home/ryan/perl5/perlbrew/perls/perl-5.24.0/lib/site_perl/5.24.0/x86_64-linux/Sys/Linux/Namespace.pm", O_RDONLY) = 6
7106  ioctl(6, TCGETS, 0x7fff0416b030)  = -1 ENOTTY (Inappropriate ioctl for device)
7106  lseek(6, 0, SEEK_CUR)             = 0
7106  brk(0x560d8644e000)               = 0x560d8644e000
7106  read(6, "package Sys::Linux::Namespace;\n#"..., 8192) = 6896
7106  stat("/mnt/mintdisk/home/ryan/workspace/evalserver-async/bin/../lib/Sys/Linux/Mount.pmc", 0x7fff0416ac30) = -1 ENOENT (No such file or directory)
7106  stat("/mnt/mintdisk/home/ryan/workspace/evalserver-async/bin/../lib/Sys/Linux/Mount.pm", 0x7fff0416ac30) = -1 ENOENT (No such file or directory)
7106  stat("/home/ryan/perl5/perlbrew/perls/perl-5.24.0/lib/site_perl/5.24.0/x86_64-linux/Sys/Linux/Mount.pmc", 0x7fff0416ac30) = -1 ENOENT (No such file or directory)
7106  stat("/home/ryan/perl5/perlbrew/perls/perl-5.24.0/lib/site_perl/5.24.0/x86_64-linux/Sys/Linux/Mount.pm", {st_mode=S_IFREG|0444, st_size=2245, ...}) = 0
7106  open("/home/ryan/perl5/perlbrew/perls/perl-5.24.0/lib/site_perl/5.24.0/x86_64-linux/Sys/Linux/Mount.pm", O_RDONLY) = 7
7106  ioctl(7, TCGETS, 0x7fff0416aa20)  = -1 ENOTTY (Inappropriate ioctl for device)
7106  lseek(7, 0, SEEK_CUR)             = 0
7106  read(7, "package Sys::Linux::Mount;\n\nuse "..., 8192) = 2245
7106  read(7, "", 8192)                 = 0
7106  close(7)                          = 0
7106  getuid()                          = 0
7106  geteuid()                         = 0
7106  getgid()                          = 0
7106  getegid()                         = 0
7106  stat("/home/ryan/perl5/perlbrew/perls/perl-5.24.0/lib/site_perl/5.24.0/x86_64-linux/auto/Sys/Linux/Mount/Mount.bs", 0x560d8582b8c0) = -1 ENOENT (No such file or directory)
7106  stat("/home/ryan/perl5/perlbrew/perls/perl-5.24.0/lib/site_perl/5.24.0/x86_64-linux/auto/Sys/Linux/Mount/Mount.so", {st_mode=S_IFREG|0555, st_size=12872, ...}) = 0
7106  open("/home/ryan/perl5/perlbrew/perls/perl-5.24.0/lib/site_perl/5.24.0/x86_64-linux/auto/Sys/Linux/Mount/Mount.so", O_RDONLY|O_CLOEXEC) = 7
7106  read(7, "\177ELF\2\1\1\0\0\0\0\0\0\0\0\0\3\0>\0\1\0\0\0000\t\0\0\0\0\0\0"..., 832) = 832
7106  fstat(7, {st_mode=S_IFREG|0555, st_size=12872, ...}) = 0
7106  mmap(NULL, 2105464, PROT_READ|PROT_EXEC, MAP_PRIVATE|MAP_DENYWRITE, 7, 0) = 0x7f2f5b35e000
7106  mprotect(0x7f2f5b35f000, 2097152, PROT_NONE) = 0
7106  mmap(0x7f2f5b55f000, 8192, PROT_READ|PROT_WRITE, MAP_PRIVATE|MAP_FIXED|MAP_DENYWRITE, 7, 0x1000) = 0x7f2f5b55f000
7106  close(7)                          = 0
7106  mprotect(0x7f2f5b55f000, 4096, PROT_READ) = 0
7106  stat("/mnt/mintdisk/home/ryan/workspace/evalserver-async/bin/../lib/Exporter/Heavy.pmc", 0x7fff0416ac30) = -1 ENOENT (No such file or directory)
7106  stat("/mnt/mintdisk/home/ryan/workspace/evalserver-async/bin/../lib/Exporter/Heavy.pm", 0x7fff0416ac30) = -1 ENOENT (No such file or directory)
7106  stat("/home/ryan/perl5/perlbrew/perls/perl-5.24.0/lib/site_perl/5.24.0/x86_64-linux/Exporter/Heavy.pmc", 0x7fff0416ac30) = -1 ENOENT (No such file or directory)
7106  stat("/home/ryan/perl5/perlbrew/perls/perl-5.24.0/lib/site_perl/5.24.0/x86_64-linux/Exporter/Heavy.pm", 0x7fff0416ac30) = -1 ENOENT (No such file or directory)
7106  stat("/home/ryan/perl5/perlbrew/perls/perl-5.24.0/lib/site_perl/5.24.0/Exporter/Heavy.pmc", 0x7fff0416ac30) = -1 ENOENT (No such file or directory)
7106  stat("/home/ryan/perl5/perlbrew/perls/perl-5.24.0/lib/site_perl/5.24.0/Exporter/Heavy.pm", 0x7fff0416ac30) = -1 ENOENT (No such file or directory)
7106  stat("/home/ryan/perl5/perlbrew/perls/perl-5.24.0/lib/5.24.0/x86_64-linux/Exporter/Heavy.pmc", 0x7fff0416ac30) = -1 ENOENT (No such file or directory)
7106  stat("/home/ryan/perl5/perlbrew/perls/perl-5.24.0/lib/5.24.0/x86_64-linux/Exporter/Heavy.pm", 0x7fff0416ac30) = -1 ENOENT (No such file or directory)
7106  stat("/home/ryan/perl5/perlbrew/perls/perl-5.24.0/lib/5.24.0/Exporter/Heavy.pmc", 0x7fff0416ac30) = -1 ENOENT (No such file or directory)
7106  stat("/home/ryan/perl5/perlbrew/perls/perl-5.24.0/lib/5.24.0/Exporter/Heavy.pm", {st_mode=S_IFREG|0444, st_size=6551, ...}) = 0
7106  open("/home/ryan/perl5/perlbrew/perls/perl-5.24.0/lib/5.24.0/Exporter/Heavy.pm", O_RDONLY) = 7
7106  ioctl(7, TCGETS, 0x7fff0416aa20)  = -1 ENOTTY (Inappropriate ioctl for device)
7106  lseek(7, 0, SEEK_CUR)             = 0
7106  read(7, "package Exporter::Heavy;\n\nuse st"..., 8192) = 6551
7106  brk(0x560d86470000)               = 0x560d86470000
7106  read(7, "", 8192)                 = 0
7106  close(7)                          = 0
7106  stat("/mnt/mintdisk/home/ryan/workspace/evalserver-async/bin/../lib/Linux/Clone.pmc", 0x7fff0416ac30) = -1 ENOENT (No such file or directory)
7106  stat("/mnt/mintdisk/home/ryan/workspace/evalserver-async/bin/../lib/Linux/Clone.pm", 0x7fff0416ac30) = -1 ENOENT (No such file or directory)
7106  stat("/home/ryan/perl5/perlbrew/perls/perl-5.24.0/lib/site_perl/5.24.0/x86_64-linux/Linux/Clone.pmc", 0x7fff0416ac30) = -1 ENOENT (No such file or directory)
7106  stat("/home/ryan/perl5/perlbrew/perls/perl-5.24.0/lib/site_perl/5.24.0/x86_64-linux/Linux/Clone.pm", {st_mode=S_IFREG|0444, st_size=5212, ...}) = 0
7106  open("/home/ryan/perl5/perlbrew/perls/perl-5.24.0/lib/site_perl/5.24.0/x86_64-linux/Linux/Clone.pm", O_RDONLY) = 7
7106  ioctl(7, TCGETS, 0x7fff0416aa20)  = -1 ENOTTY (Inappropriate ioctl for device)
7106  lseek(7, 0, SEEK_CUR)             = 0
7106  read(7, "=head1 NAME\n\nLinux::Clone - an i"..., 8192) = 5212
7106  stat("/home/ryan/perl5/perlbrew/perls/perl-5.24.0/lib/site_perl/5.24.0/x86_64-linux/auto/Linux/Clone/Clone.bs", 0x560d8582b8c0) = -1 ENOENT (No such file or directory)
7106  stat("/home/ryan/perl5/perlbrew/perls/perl-5.24.0/lib/site_perl/5.24.0/x86_64-linux/auto/Linux/Clone/Clone.so", {st_mode=S_IFREG|0555, st_size=18192, ...}) = 0
7106  open("/home/ryan/perl5/perlbrew/perls/perl-5.24.0/lib/site_perl/5.24.0/x86_64-linux/auto/Linux/Clone/Clone.so", O_RDONLY|O_CLOEXEC) = 8
7106  read(8, "\177ELF\2\1\1\0\0\0\0\0\0\0\0\0\3\0>\0\1\0\0\0\240\21\0\0\0\0\0\0"..., 832) = 832
7106  fstat(8, {st_mode=S_IFREG|0555, st_size=18192, ...}) = 0
7106  mmap(NULL, 2109696, PROT_READ|PROT_EXEC, MAP_PRIVATE|MAP_DENYWRITE, 8, 0) = 0x7f2f5b15a000
7106  mprotect(0x7f2f5b15c000, 2097152, PROT_NONE) = 0
7106  mmap(0x7f2f5b35c000, 8192, PROT_READ|PROT_WRITE, MAP_PRIVATE|MAP_FIXED|MAP_DENYWRITE, 8, 0x2000) = 0x7f2f5b35c000
7106  close(8)                          = 0
7106  mprotect(0x7f2f5b35c000, 4096, PROT_READ) = 0
7106  read(7, "", 8192)                 = 0
7106  close(7)                          = 0
7106  stat("/mnt/mintdisk/home/ryan/workspace/evalserver-async/bin/../lib/POSIX.pmc", 0x7fff0416ac30) = -1 ENOENT (No such file or directory)
7106  stat("/mnt/mintdisk/home/ryan/workspace/evalserver-async/bin/../lib/POSIX.pm", 0x7fff0416ac30) = -1 ENOENT (No such file or directory)
7106  stat("/home/ryan/perl5/perlbrew/perls/perl-5.24.0/lib/site_perl/5.24.0/x86_64-linux/POSIX.pmc", 0x7fff0416ac30) = -1 ENOENT (No such file or directory)
7106  stat("/home/ryan/perl5/perlbrew/perls/perl-5.24.0/lib/site_perl/5.24.0/x86_64-linux/POSIX.pm", 0x7fff0416ac30) = -1 ENOENT (No such file or directory)
7106  stat("/home/ryan/perl5/perlbrew/perls/perl-5.24.0/lib/site_perl/5.24.0/POSIX.pmc", 0x7fff0416ac30) = -1 ENOENT (No such file or directory)
7106  stat("/home/ryan/perl5/perlbrew/perls/perl-5.24.0/lib/site_perl/5.24.0/POSIX.pm", 0x7fff0416ac30) = -1 ENOENT (No such file or directory)
7106  stat("/home/ryan/perl5/perlbrew/perls/perl-5.24.0/lib/5.24.0/x86_64-linux/POSIX.pmc", 0x7fff0416ac30) = -1 ENOENT (No such file or directory)
7106  stat("/home/ryan/perl5/perlbrew/perls/perl-5.24.0/lib/5.24.0/x86_64-linux/POSIX.pm", {st_mode=S_IFREG|0444, st_size=19879, ...}) = 0
7106  open("/home/ryan/perl5/perlbrew/perls/perl-5.24.0/lib/5.24.0/x86_64-linux/POSIX.pm", O_RDONLY) = 7
7106  ioctl(7, TCGETS, 0x7fff0416aa20)  = -1 ENOTTY (Inappropriate ioctl for device)
7106  lseek(7, 0, SEEK_CUR)             = 0
7106  read(7, "package POSIX;\nuse strict;\nuse w"..., 8192) = 8192
7106  brk(0x560d86491000)               = 0x560d86491000
7106  stat("/mnt/mintdisk/home/ryan/workspace/evalserver-async/bin/../lib/Fcntl.pmc", 0x7fff0416a620) = -1 ENOENT (No such file or directory)
7106  stat("/mnt/mintdisk/home/ryan/workspace/evalserver-async/bin/../lib/Fcntl.pm", 0x7fff0416a620) = -1 ENOENT (No such file or directory)
7106  stat("/home/ryan/perl5/perlbrew/perls/perl-5.24.0/lib/site_perl/5.24.0/x86_64-linux/Fcntl.pmc", 0x7fff0416a620) = -1 ENOENT (No such file or directory)
7106  stat("/home/ryan/perl5/perlbrew/perls/perl-5.24.0/lib/site_perl/5.24.0/x86_64-linux/Fcntl.pm", 0x7fff0416a620) = -1 ENOENT (No such file or directory)
7106  stat("/home/ryan/perl5/perlbrew/perls/perl-5.24.0/lib/site_perl/5.24.0/Fcntl.pmc", 0x7fff0416a620) = -1 ENOENT (No such file or directory)
7106  stat("/home/ryan/perl5/perlbrew/perls/perl-5.24.0/lib/site_perl/5.24.0/Fcntl.pm", 0x7fff0416a620) = -1 ENOENT (No such file or directory)
7106  stat("/home/ryan/perl5/perlbrew/perls/perl-5.24.0/lib/5.24.0/x86_64-linux/Fcntl.pmc", 0x7fff0416a620) = -1 ENOENT (No such file or directory)
7106  stat("/home/ryan/perl5/perlbrew/perls/perl-5.24.0/lib/5.24.0/x86_64-linux/Fcntl.pm", {st_mode=S_IFREG|0444, st_size=4044, ...}) = 0
7106  open("/home/ryan/perl5/perlbrew/perls/perl-5.24.0/lib/5.24.0/x86_64-linux/Fcntl.pm", O_RDONLY) = 8
7106  ioctl(8, TCGETS, 0x7fff0416a410)  = -1 ENOTTY (Inappropriate ioctl for device)
7106  lseek(8, 0, SEEK_CUR)             = 0
7106  read(8, "package Fcntl;\n\n=head1 NAME\n\nFcn"..., 8192) = 4044
7106  read(8, "", 8192)                 = 0
7106  close(8)                          = 0
7106  getuid()                          = 0
7106  geteuid()                         = 0
7106  getgid()                          = 0
7106  getegid()                         = 0
7106  stat("/home/ryan/perl5/perlbrew/perls/perl-5.24.0/lib/5.24.0/x86_64-linux/auto/Fcntl/Fcntl.bs", 0x560d8582b8c0) = -1 ENOENT (No such file or directory)
7106  stat("/home/ryan/perl5/perlbrew/perls/perl-5.24.0/lib/5.24.0/x86_64-linux/auto/Fcntl/Fcntl.so", {st_mode=S_IFREG|0555, st_size=22424, ...}) = 0
7106  open("/home/ryan/perl5/perlbrew/perls/perl-5.24.0/lib/5.24.0/x86_64-linux/auto/Fcntl/Fcntl.so", O_RDONLY|O_CLOEXEC) = 8
7106  read(8, "\177ELF\2\1\1\0\0\0\0\0\0\0\0\0\3\0>\0\1\0\0\0P\35\0\0\0\0\0\0"..., 832) = 832
7106  fstat(8, {st_mode=S_IFREG|0555, st_size=22424, ...}) = 0
7106  mmap(NULL, 2113776, PROT_READ|PROT_EXEC, MAP_PRIVATE|MAP_DENYWRITE, 8, 0) = 0x7f2f5af55000
7106  mprotect(0x7f2f5af59000, 2093056, PROT_NONE) = 0
7106  mmap(0x7f2f5b158000, 8192, PROT_READ|PROT_WRITE, MAP_PRIVATE|MAP_FIXED|MAP_DENYWRITE, 8, 0x3000) = 0x7f2f5b158000
7106  close(8)                          = 0
7106  mprotect(0x7f2f5b158000, 4096, PROT_READ) = 0
7106  brk(0x560d864b3000)               = 0x560d864b3000
7106  read(7, "sgraph islower\n\t\tisprint ispunct"..., 8192) = 8192
7106  brk(0x560d864d4000)               = 0x560d864d4000
7106  read(7, "I_MESGQ\n  )],\n);\n\n# exports poli"..., 8192) = 3495
7106  read(7, "", 8192)                 = 0
7106  close(7)                          = 0
7106  stat("/home/ryan/perl5/perlbrew/perls/perl-5.24.0/lib/5.24.0/x86_64-linux/auto/POSIX/POSIX.bs", 0x560d8582b8c0) = -1 ENOENT (No such file or directory)
7106  stat("/home/ryan/perl5/perlbrew/perls/perl-5.24.0/lib/5.24.0/x86_64-linux/auto/POSIX/POSIX.so", {st_mode=S_IFREG|0555, st_size=121752, ...}) = 0
7106  open("/home/ryan/perl5/perlbrew/perls/perl-5.24.0/lib/5.24.0/x86_64-linux/auto/POSIX/POSIX.so", O_RDONLY|O_CLOEXEC) = 7
7106  read(7, "\177ELF\2\1\1\0\0\0\0\0\0\0\0\0\3\0>\0\1\0\0\0\240o\0\0\0\0\0\0"..., 832) = 832
7106  fstat(7, {st_mode=S_IFREG|0555, st_size=121752, ...}) = 0
7106  mmap(NULL, 2201208, PROT_READ|PROT_EXEC, MAP_PRIVATE|MAP_DENYWRITE, 7, 0) = 0x7f2f5ad3b000
7106  mprotect(0x7f2f5ad52000, 2093056, PROT_NONE) = 0
7106  mmap(0x7f2f5af51000, 16384, PROT_READ|PROT_WRITE, MAP_PRIVATE|MAP_FIXED|MAP_DENYWRITE, 7, 0x16000) = 0x7f2f5af51000
7106  close(7)                          = 0
7106  mprotect(0x7f2f5af51000, 12288, PROT_READ) = 0
7106  brk(0x560d864f7000)               = 0x560d864f7000
7106  brk(0x560d86518000)               = 0x560d86518000
7106  stat("/mnt/mintdisk/home/ryan/workspace/evalserver-async/bin/../lib/Tie/Hash.pmc", 0x7fff0416ac30) = -1 ENOENT (No such file or directory)
7106  stat("/mnt/mintdisk/home/ryan/workspace/evalserver-async/bin/../lib/Tie/Hash.pm", 0x7fff0416ac30) = -1 ENOENT (No such file or directory)
7106  stat("/home/ryan/perl5/perlbrew/perls/perl-5.24.0/lib/site_perl/5.24.0/x86_64-linux/Tie/Hash.pmc", 0x7fff0416ac30) = -1 ENOENT (No such file or directory)
7106  stat("/home/ryan/perl5/perlbrew/perls/perl-5.24.0/lib/site_perl/5.24.0/x86_64-linux/Tie/Hash.pm", 0x7fff0416ac30) = -1 ENOENT (No such file or directory)
7106  stat("/home/ryan/perl5/perlbrew/perls/perl-5.24.0/lib/site_perl/5.24.0/Tie/Hash.pmc", 0x7fff0416ac30) = -1 ENOENT (No such file or directory)
7106  stat("/home/ryan/perl5/perlbrew/perls/perl-5.24.0/lib/site_perl/5.24.0/Tie/Hash.pm", 0x7fff0416ac30) = -1 ENOENT (No such file or directory)
7106  stat("/home/ryan/perl5/perlbrew/perls/perl-5.24.0/lib/5.24.0/x86_64-linux/Tie/Hash.pmc", 0x7fff0416ac30) = -1 ENOENT (No such file or directory)
7106  stat("/home/ryan/perl5/perlbrew/perls/perl-5.24.0/lib/5.24.0/x86_64-linux/Tie/Hash.pm", 0x7fff0416ac30) = -1 ENOENT (No such file or directory)
7106  stat("/home/ryan/perl5/perlbrew/perls/perl-5.24.0/lib/5.24.0/Tie/Hash.pmc", 0x7fff0416ac30) = -1 ENOENT (No such file or directory)
7106  stat("/home/ryan/perl5/perlbrew/perls/perl-5.24.0/lib/5.24.0/Tie/Hash.pm", {st_mode=S_IFREG|0444, st_size=7639, ...}) = 0
7106  open("/home/ryan/perl5/perlbrew/perls/perl-5.24.0/lib/5.24.0/Tie/Hash.pm", O_RDONLY) = 7
7106  ioctl(7, TCGETS, 0x7fff0416aa20)  = -1 ENOTTY (Inappropriate ioctl for device)
7106  lseek(7, 0, SEEK_CUR)             = 0
7106  read(7, "package Tie::Hash;\n\nour $VERSION"..., 8192) = 7639
7106  read(7, "", 8192)                 = 0
7106  close(7)                          = 0
7106  getuid()                          = 0
7106  geteuid()                         = 0
7106  getgid()                          = 0
7106  getegid()                         = 0
7106  brk(0x560d86539000)               = 0x560d86539000
7106  stat("/mnt/mintdisk/home/ryan/workspace/evalserver-async/bin/../lib/Time/HiRes.pmc", 0x7fff0416ac30) = -1 ENOENT (No such file or directory)
7106  stat("/mnt/mintdisk/home/ryan/workspace/evalserver-async/bin/../lib/Time/HiRes.pm", 0x7fff0416ac30) = -1 ENOENT (No such file or directory)
7106  stat("/home/ryan/perl5/perlbrew/perls/perl-5.24.0/lib/site_perl/5.24.0/x86_64-linux/Time/HiRes.pmc", 0x7fff0416ac30) = -1 ENOENT (No such file or directory)
7106  stat("/home/ryan/perl5/perlbrew/perls/perl-5.24.0/lib/site_perl/5.24.0/x86_64-linux/Time/HiRes.pm", 0x7fff0416ac30) = -1 ENOENT (No such file or directory)
7106  stat("/home/ryan/perl5/perlbrew/perls/perl-5.24.0/lib/site_perl/5.24.0/Time/HiRes.pmc", 0x7fff0416ac30) = -1 ENOENT (No such file or directory)
7106  stat("/home/ryan/perl5/perlbrew/perls/perl-5.24.0/lib/site_perl/5.24.0/Time/HiRes.pm", 0x7fff0416ac30) = -1 ENOENT (No such file or directory)
7106  stat("/home/ryan/perl5/perlbrew/perls/perl-5.24.0/lib/5.24.0/x86_64-linux/Time/HiRes.pmc", 0x7fff0416ac30) = -1 ENOENT (No such file or directory)
7106  stat("/home/ryan/perl5/perlbrew/perls/perl-5.24.0/lib/5.24.0/x86_64-linux/Time/HiRes.pm", {st_mode=S_IFREG|0444, st_size=23192, ...}) = 0
7106  open("/home/ryan/perl5/perlbrew/perls/perl-5.24.0/lib/5.24.0/x86_64-linux/Time/HiRes.pm", O_RDONLY) = 7
7106  ioctl(7, TCGETS, 0x7fff0416aa20)  = -1 ENOTTY (Inappropriate ioctl for device)
7106  lseek(7, 0, SEEK_CUR)             = 0
7106  read(7, "package Time::HiRes;\n\n{ use 5.00"..., 8192) = 8192
7106  brk(0x560d8655a000)               = 0x560d8655a000
7106  lseek(7, 2398, SEEK_SET)          = 2398
7106  lseek(7, 0, SEEK_CUR)             = 2398
7106  close(7)                          = 0
7106  stat("/mnt/mintdisk/home/ryan/workspace/evalserver-async/bin/../lib/DynaLoader.pmc", 0x7fff0416ac30) = -1 ENOENT (No such file or directory)
7106  stat("/mnt/mintdisk/home/ryan/workspace/evalserver-async/bin/../lib/DynaLoader.pm", 0x7fff0416ac30) = -1 ENOENT (No such file or directory)
7106  stat("/home/ryan/perl5/perlbrew/perls/perl-5.24.0/lib/site_perl/5.24.0/x86_64-linux/DynaLoader.pmc", 0x7fff0416ac30) = -1 ENOENT (No such file or directory)
7106  stat("/home/ryan/perl5/perlbrew/perls/perl-5.24.0/lib/site_perl/5.24.0/x86_64-linux/DynaLoader.pm", 0x7fff0416ac30) = -1 ENOENT (No such file or directory)
7106  stat("/home/ryan/perl5/perlbrew/perls/perl-5.24.0/lib/site_perl/5.24.0/DynaLoader.pmc", 0x7fff0416ac30) = -1 ENOENT (No such file or directory)
7106  stat("/home/ryan/perl5/perlbrew/perls/perl-5.24.0/lib/site_perl/5.24.0/DynaLoader.pm", 0x7fff0416ac30) = -1 ENOENT (No such file or directory)
7106  stat("/home/ryan/perl5/perlbrew/perls/perl-5.24.0/lib/5.24.0/x86_64-linux/DynaLoader.pmc", 0x7fff0416ac30) = -1 ENOENT (No such file or directory)
7106  stat("/home/ryan/perl5/perlbrew/perls/perl-5.24.0/lib/5.24.0/x86_64-linux/DynaLoader.pm", {st_mode=S_IFREG|0444, st_size=25202, ...}) = 0
7106  open("/home/ryan/perl5/perlbrew/perls/perl-5.24.0/lib/5.24.0/x86_64-linux/DynaLoader.pm", O_RDONLY) = 7
7106  ioctl(7, TCGETS, 0x7fff0416aa20)  = -1 ENOTTY (Inappropriate ioctl for device)
7106  lseek(7, 0, SEEK_CUR)             = 0
7106  read(7, "\n# Generated from DynaLoader_pm."..., 8192) = 8192
7106  read(7, " s/-l//;\n            push(@names"..., 8192) = 8192
7106  brk(0x560d8657c000)               = 0x560d8657c000
7106  lseek(7, 10460, SEEK_SET)         = 10460
7106  lseek(7, 0, SEEK_CUR)             = 10460
7106  close(7)                          = 0
7106  getuid()                          = 0
7106  geteuid()                         = 0
7106  getgid()                          = 0
7106  getegid()                         = 0
7106  stat("/mnt/mintdisk/home/ryan/workspace/evalserver-async/bin/../lib/auto/Time/HiRes", 0x560d8582b8c0) = -1 ENOENT (No such file or directory)
7106  stat("/home/ryan/perl5/perlbrew/perls/perl-5.24.0/lib/site_perl/5.24.0/x86_64-linux/auto/Time/HiRes", 0x560d8582b8c0) = -1 ENOENT (No such file or directory)
7106  stat("/home/ryan/perl5/perlbrew/perls/perl-5.24.0/lib/site_perl/5.24.0/auto/Time/HiRes", 0x560d8582b8c0) = -1 ENOENT (No such file or directory)
7106  stat("/home/ryan/perl5/perlbrew/perls/perl-5.24.0/lib/5.24.0/x86_64-linux/auto/Time/HiRes", {st_mode=S_IFDIR|0755, st_size=4096, ...}) = 0
7106  stat("/home/ryan/perl5/perlbrew/perls/perl-5.24.0/lib/5.24.0/x86_64-linux/auto/Time/HiRes/HiRes.so", {st_mode=S_IFREG|0555, st_size=31736, ...}) = 0
7106  stat("/home/ryan/perl5/perlbrew/perls/perl-5.24.0/lib/5.24.0/x86_64-linux/auto/Time/HiRes/HiRes.bs", 0x560d8582b8c0) = -1 ENOENT (No such file or directory)
7106  open("/home/ryan/perl5/perlbrew/perls/perl-5.24.0/lib/5.24.0/x86_64-linux/auto/Time/HiRes/HiRes.so", O_RDONLY|O_CLOEXEC) = 7
7106  read(7, "\177ELF\2\1\1\0\0\0\0\0\0\0\0\0\3\0>\0\1\0\0\0\240\24\0\0\0\0\0\0"..., 832) = 832
7106  fstat(7, {st_mode=S_IFREG|0555, st_size=31736, ...}) = 0
7106  mmap(NULL, 2122072, PROT_READ|PROT_EXEC, MAP_PRIVATE|MAP_DENYWRITE, 7, 0) = 0x7f2f5ab34000
7106  mprotect(0x7f2f5ab3a000, 2093056, PROT_NONE) = 0
7106  mmap(0x7f2f5ad39000, 8192, PROT_READ|PROT_WRITE, MAP_PRIVATE|MAP_FIXED|MAP_DENYWRITE, 7, 0x5000) = 0x7f2f5ad39000
7106  close(7)                          = 0
7106  open("/lib/x86_64-linux-gnu/tls/x86_64/librt.so.1", O_RDONLY|O_CLOEXEC) = -1 ENOENT (No such file or directory)
7106  stat("/lib/x86_64-linux-gnu/tls/x86_64", 0x7fff0416a120) = -1 ENOENT (No such file or directory)
7106  open("/lib/x86_64-linux-gnu/tls/librt.so.1", O_RDONLY|O_CLOEXEC) = -1 ENOENT (No such file or directory)
7106  stat("/lib/x86_64-linux-gnu/tls", 0x7fff0416a120) = -1 ENOENT (No such file or directory)
7106  open("/lib/x86_64-linux-gnu/x86_64/librt.so.1", O_RDONLY|O_CLOEXEC) = -1 ENOENT (No such file or directory)
7106  stat("/lib/x86_64-linux-gnu/x86_64", 0x7fff0416a120) = -1 ENOENT (No such file or directory)
7106  open("/lib/x86_64-linux-gnu/librt.so.1", O_RDONLY|O_CLOEXEC) = 7
7106  read(7, "\177ELF\2\1\1\0\0\0\0\0\0\0\0\0\3\0>\0\1\0\0\0\340 \0\0\0\0\0\0"..., 832) = 832
7106  fstat(7, {st_mode=S_IFREG|0644, st_size=31744, ...}) = 0
7106  mmap(NULL, 2128832, PROT_READ|PROT_EXEC, MAP_PRIVATE|MAP_DENYWRITE, 7, 0) = 0x7f2f5a92c000
7106  mprotect(0x7f2f5a933000, 2093056, PROT_NONE) = 0
7106  mmap(0x7f2f5ab32000, 8192, PROT_READ|PROT_WRITE, MAP_PRIVATE|MAP_FIXED|MAP_DENYWRITE, 7, 0x6000) = 0x7f2f5ab32000
7106  close(7)                          = 0
7106  mprotect(0x7f2f5ab32000, 4096, PROT_READ) = 0
7106  mprotect(0x7f2f5ad39000, 4096, PROT_READ) = 0
7106  stat("/mnt/mintdisk/home/ryan/workspace/evalserver-async/bin/../lib/Moo.pmc", 0x7fff0416ac30) = -1 ENOENT (No such file or directory)
7106  stat("/mnt/mintdisk/home/ryan/workspace/evalserver-async/bin/../lib/Moo.pm", 0x7fff0416ac30) = -1 ENOENT (No such file or directory)
7106  stat("/home/ryan/perl5/perlbrew/perls/perl-5.24.0/lib/site_perl/5.24.0/x86_64-linux/Moo.pmc", 0x7fff0416ac30) = -1 ENOENT (No such file or directory)
7106  stat("/home/ryan/perl5/perlbrew/perls/perl-5.24.0/lib/site_perl/5.24.0/x86_64-linux/Moo.pm", 0x7fff0416ac30) = -1 ENOENT (No such file or directory)
7106  stat("/home/ryan/perl5/perlbrew/perls/perl-5.24.0/lib/site_perl/5.24.0/Moo.pmc", 0x7fff0416ac30) = -1 ENOENT (No such file or directory)
7106  stat("/home/ryan/perl5/perlbrew/perls/perl-5.24.0/lib/site_perl/5.24.0/Moo.pm", {st_mode=S_IFREG|0444, st_size=33386, ...}) = 0
7106  open("/home/ryan/perl5/perlbrew/perls/perl-5.24.0/lib/site_perl/5.24.0/Moo.pm", O_RDONLY) = 7
7106  ioctl(7, TCGETS, 0x7fff0416aa20)  = -1 ENOTTY (Inappropriate ioctl for device)
7106  lseek(7, 0, SEEK_CUR)             = 0
7106  read(7, "package Moo;\n\nuse Moo::_strictur"..., 8192) = 8192
7106  stat("/mnt/mintdisk/home/ryan/workspace/evalserver-async/bin/../lib/Moo/_strictures.pmc", 0x7fff0416a620) = -1 ENOENT (No such file or directory)
7106  stat("/mnt/mintdisk/home/ryan/workspace/evalserver-async/bin/../lib/Moo/_strictures.pm", 0x7fff0416a620) = -1 ENOENT (No such file or directory)
7106  stat("/home/ryan/perl5/perlbrew/perls/perl-5.24.0/lib/site_perl/5.24.0/x86_64-linux/Moo/_strictures.pmc", 0x7fff0416a620) = -1 ENOENT (No such file or directory)
7106  stat("/home/ryan/perl5/perlbrew/perls/perl-5.24.0/lib/site_perl/5.24.0/x86_64-linux/Moo/_strictures.pm", 0x7fff0416a620) = -1 ENOENT (No such file or directory)
7106  stat("/home/ryan/perl5/perlbrew/perls/perl-5.24.0/lib/site_perl/5.24.0/Moo/_strictures.pmc", 0x7fff0416a620) = -1 ENOENT (No such file or directory)
7106  stat("/home/ryan/perl5/perlbrew/perls/perl-5.24.0/lib/site_perl/5.24.0/Moo/_strictures.pm", {st_mode=S_IFREG|0444, st_size=304, ...}) = 0
7106  open("/home/ryan/perl5/perlbrew/perls/perl-5.24.0/lib/site_perl/5.24.0/Moo/_strictures.pm", O_RDONLY) = 8
7106  ioctl(8, TCGETS, 0x7fff0416a410)  = -1 ENOTTY (Inappropriate ioctl for device)
7106  lseek(8, 0, SEEK_CUR)             = 0
7106  read(8, "package Moo::_strictures;\nuse st"..., 8192) = 304
7106  read(8, "", 8192)                 = 0
7106  close(8)                          = 0
7106  stat("/mnt/mintdisk/home/ryan/workspace/evalserver-async/bin/../lib/Moo/_mro.pmc", 0x7fff0416a620) = -1 ENOENT (No such file or directory)
7106  stat("/mnt/mintdisk/home/ryan/workspace/evalserver-async/bin/../lib/Moo/_mro.pm", 0x7fff0416a620) = -1 ENOENT (No such file or directory)
7106  stat("/home/ryan/perl5/perlbrew/perls/perl-5.24.0/lib/site_perl/5.24.0/x86_64-linux/Moo/_mro.pmc", 0x7fff0416a620) = -1 ENOENT (No such file or directory)
7106  stat("/home/ryan/perl5/perlbrew/perls/perl-5.24.0/lib/site_perl/5.24.0/x86_64-linux/Moo/_mro.pm", 0x7fff0416a620) = -1 ENOENT (No such file or directory)
7106  stat("/home/ryan/perl5/perlbrew/perls/perl-5.24.0/lib/site_perl/5.24.0/Moo/_mro.pmc", 0x7fff0416a620) = -1 ENOENT (No such file or directory)
7106  stat("/home/ryan/perl5/perlbrew/perls/perl-5.24.0/lib/site_perl/5.24.0/Moo/_mro.pm", {st_mode=S_IFREG|0444, st_size=120, ...}) = 0
7106  open("/home/ryan/perl5/perlbrew/perls/perl-5.24.0/lib/site_perl/5.24.0/Moo/_mro.pm", O_RDONLY) = 8
7106  ioctl(8, TCGETS, 0x7fff0416a410)  = -1 ENOTTY (Inappropriate ioctl for device)
7106  lseek(8, 0, SEEK_CUR)             = 0
7106  read(8, "package Moo::_mro;\nuse Moo::_str"..., 8192) = 120
7106  read(8, "", 8192)                 = 0
7106  close(8)                          = 0
7106  stat("/mnt/mintdisk/home/ryan/workspace/evalserver-async/bin/../lib/mro.pmc", 0x7fff0416a620) = -1 ENOENT (No such file or directory)
7106  stat("/mnt/mintdisk/home/ryan/workspace/evalserver-async/bin/../lib/mro.pm", 0x7fff0416a620) = -1 ENOENT (No such file or directory)
7106  stat("/home/ryan/perl5/perlbrew/perls/perl-5.24.0/lib/site_perl/5.24.0/x86_64-linux/mro.pmc", 0x7fff0416a620) = -1 ENOENT (No such file or directory)
7106  stat("/home/ryan/perl5/perlbrew/perls/perl-5.24.0/lib/site_perl/5.24.0/x86_64-linux/mro.pm", 0x7fff0416a620) = -1 ENOENT (No such file or directory)
7106  stat("/home/ryan/perl5/perlbrew/perls/perl-5.24.0/lib/site_perl/5.24.0/mro.pmc", 0x7fff0416a620) = -1 ENOENT (No such file or directory)
7106  stat("/home/ryan/perl5/perlbrew/perls/perl-5.24.0/lib/site_perl/5.24.0/mro.pm", 0x7fff0416a620) = -1 ENOENT (No such file or directory)
7106  stat("/home/ryan/perl5/perlbrew/perls/perl-5.24.0/lib/5.24.0/x86_64-linux/mro.pmc", 0x7fff0416a620) = -1 ENOENT (No such file or directory)
7106  stat("/home/ryan/perl5/perlbrew/perls/perl-5.24.0/lib/5.24.0/x86_64-linux/mro.pm", {st_mode=S_IFREG|0444, st_size=10099, ...}) = 0
7106  open("/home/ryan/perl5/perlbrew/perls/perl-5.24.0/lib/5.24.0/x86_64-linux/mro.pm", O_RDONLY) = 8
7106  ioctl(8, TCGETS, 0x7fff0416a410)  = -1 ENOTTY (Inappropriate ioctl for device)
7106  lseek(8, 0, SEEK_CUR)             = 0
7106  read(8, "#      mro.pm\n#\n#      Copyright"..., 8192) = 8192
7106  lseek(8, 845, SEEK_SET)           = 845
7106  lseek(8, 0, SEEK_CUR)             = 845
7106  close(8)                          = 0
7106  stat("/home/ryan/perl5/perlbrew/perls/perl-5.24.0/lib/5.24.0/auto/mro/mro.bs", 0x560d8582b8c0) = -1 ENOENT (No such file or directory)
7106  stat("/home/ryan/perl5/perlbrew/perls/perl-5.24.0/lib/5.24.0/auto/mro/mro.so", 0x560d8582b8c0) = -1 ENOENT (No such file or directory)
7106  getuid()                          = 0
7106  geteuid()                         = 0
7106  getgid()                          = 0
7106  getegid()                         = 0
7106  stat("/mnt/mintdisk/home/ryan/workspace/evalserver-async/bin/../lib/auto/mro", 0x560d8582b8c0) = -1 ENOENT (No such file or directory)
7106  stat("/home/ryan/perl5/perlbrew/perls/perl-5.24.0/lib/site_perl/5.24.0/x86_64-linux/auto/mro", 0x560d8582b8c0) = -1 ENOENT (No such file or directory)
7106  stat("/home/ryan/perl5/perlbrew/perls/perl-5.24.0/lib/site_perl/5.24.0/auto/mro", 0x560d8582b8c0) = -1 ENOENT (No such file or directory)
7106  stat("/home/ryan/perl5/perlbrew/perls/perl-5.24.0/lib/5.24.0/x86_64-linux/auto/mro", {st_mode=S_IFDIR|0755, st_size=4096, ...}) = 0
7106  stat("/home/ryan/perl5/perlbrew/perls/perl-5.24.0/lib/5.24.0/x86_64-linux/auto/mro/mro.so", {st_mode=S_IFREG|0555, st_size=23776, ...}) = 0
7106  stat("/home/ryan/perl5/perlbrew/perls/perl-5.24.0/lib/5.24.0/x86_64-linux/auto/mro/mro.bs", 0x560d8582b8c0) = -1 ENOENT (No such file or directory)
7106  open("/home/ryan/perl5/perlbrew/perls/perl-5.24.0/lib/5.24.0/x86_64-linux/auto/mro/mro.so", O_RDONLY|O_CLOEXEC) = 8
7106  read(8, "\177ELF\2\1\1\0\0\0\0\0\0\0\0\0\3\0>\0\1\0\0\0\240\30\0\0\0\0\0\0"..., 832) = 832
7106  fstat(8, {st_mode=S_IFREG|0555, st_size=23776, ...}) = 0
7106  mmap(NULL, 2113976, PROT_READ|PROT_EXEC, MAP_PRIVATE|MAP_DENYWRITE, 8, 0) = 0x7f2f5a727000
7106  mprotect(0x7f2f5a72b000, 2093056, PROT_NONE) = 0
7106  mmap(0x7f2f5a92a000, 8192, PROT_READ|PROT_WRITE, MAP_PRIVATE|MAP_FIXED|MAP_DENYWRITE, 8, 0x3000) = 0x7f2f5a92a000
7106  close(8)                          = 0
7106  mprotect(0x7f2f5a92a000, 4096, PROT_READ) = 0
7106  stat("/mnt/mintdisk/home/ryan/workspace/evalserver-async/bin/../lib/Moo/_Utils.pmc", 0x7fff0416a620) = -1 ENOENT (No such file or directory)
7106  stat("/mnt/mintdisk/home/ryan/workspace/evalserver-async/bin/../lib/Moo/_Utils.pm", 0x7fff0416a620) = -1 ENOENT (No such file or directory)
7106  stat("/home/ryan/perl5/perlbrew/perls/perl-5.24.0/lib/site_perl/5.24.0/x86_64-linux/Moo/_Utils.pmc", 0x7fff0416a620) = -1 ENOENT (No such file or directory)
7106  stat("/home/ryan/perl5/perlbrew/perls/perl-5.24.0/lib/site_perl/5.24.0/x86_64-linux/Moo/_Utils.pm", 0x7fff0416a620) = -1 ENOENT (No such file or directory)
7106  stat("/home/ryan/perl5/perlbrew/perls/perl-5.24.0/lib/site_perl/5.24.0/Moo/_Utils.pmc", 0x7fff0416a620) = -1 ENOENT (No such file or directory)
7106  stat("/home/ryan/perl5/perlbrew/perls/perl-5.24.0/lib/site_perl/5.24.0/Moo/_Utils.pm", {st_mode=S_IFREG|0444, st_size=3495, ...}) = 0
7106  open("/home/ryan/perl5/perlbrew/perls/perl-5.24.0/lib/site_perl/5.24.0/Moo/_Utils.pm", O_RDONLY) = 8
7106  ioctl(8, TCGETS, 0x7fff0416a410)  = -1 ENOTTY (Inappropriate ioctl for device)
7106  lseek(8, 0, SEEK_CUR)             = 0
7106  read(8, "package Moo::_Utils;\nuse Moo::_s"..., 8192) = 3495
7106  stat("/mnt/mintdisk/home/ryan/workspace/evalserver-async/bin/../lib/Sub/Util.pmc", 0x7fff0416a060) = -1 ENOENT (No such file or directory)
7106  stat("/mnt/mintdisk/home/ryan/workspace/evalserver-async/bin/../lib/Sub/Util.pm", 0x7fff0416a060) = -1 ENOENT (No such file or directory)
7106  stat("/home/ryan/perl5/perlbrew/perls/perl-5.24.0/lib/site_perl/5.24.0/x86_64-linux/Sub/Util.pmc", 0x7fff0416a060) = -1 ENOENT (No such file or directory)
7106  stat("/home/ryan/perl5/perlbrew/perls/perl-5.24.0/lib/site_perl/5.24.0/x86_64-linux/Sub/Util.pm", {st_mode=S_IFREG|0444, st_size=4514, ...}) = 0
7106  open("/home/ryan/perl5/perlbrew/perls/perl-5.24.0/lib/site_perl/5.24.0/x86_64-linux/Sub/Util.pm", O_RDONLY) = 9
7106  ioctl(9, TCGETS, 0x7fff04169e50)  = -1 ENOTTY (Inappropriate ioctl for device)
7106  lseek(9, 0, SEEK_CUR)             = 0
7106  read(9, "# Copyright (c) 2014 Paul Evans "..., 8192) = 4514
7106  read(9, "", 8192)                 = 0
7106  close(9)                          = 0
7106  getuid()                          = 0
7106  geteuid()                         = 0
7106  getgid()                          = 0
7106  getegid()                         = 0
7106  stat("/mnt/mintdisk/home/ryan/workspace/evalserver-async/bin/../lib/List/Util.pmc", 0x7fff0416a060) = -1 ENOENT (No such file or directory)
7106  stat("/mnt/mintdisk/home/ryan/workspace/evalserver-async/bin/../lib/List/Util.pm", 0x7fff0416a060) = -1 ENOENT (No such file or directory)
7106  stat("/home/ryan/perl5/perlbrew/perls/perl-5.24.0/lib/site_perl/5.24.0/x86_64-linux/List/Util.pmc", 0x7fff0416a060) = -1 ENOENT (No such file or directory)
7106  stat("/home/ryan/perl5/perlbrew/perls/perl-5.24.0/lib/site_perl/5.24.0/x86_64-linux/List/Util.pm", {st_mode=S_IFREG|0444, st_size=20107, ...}) = 0
7106  open("/home/ryan/perl5/perlbrew/perls/perl-5.24.0/lib/site_perl/5.24.0/x86_64-linux/List/Util.pm", O_RDONLY) = 9
7106  ioctl(9, TCGETS, 0x7fff04169e50)  = -1 ENOTTY (Inappropriate ioctl for device)
7106  lseek(9, 0, SEEK_CUR)             = 0
7106  read(9, "# Copyright (c) 1997-2009 Graham"..., 8192) = 8192
7106  brk(0x560d8659d000)               = 0x560d8659d000
7106  brk(0x560d8659c000)               = 0x560d8659c000
7106  read(9, "# whatever\n\n=head2 sum0\n\n    my "..., 8192) = 8192
7106  read(9, "'uninitialized';>). In addition,"..., 8192) = 3723
7106  read(9, "", 8192)                 = 0
7106  close(9)                          = 0
7106  getuid()                          = 0
7106  geteuid()                         = 0
7106  getgid()                          = 0
7106  getegid()                         = 0
7106  stat("/home/ryan/perl5/perlbrew/perls/perl-5.24.0/lib/site_perl/5.24.0/x86_64-linux/auto/List/Util/Util.bs", 0x560d8582b8c0) = -1 ENOENT (No such file or directory)
7106  stat("/home/ryan/perl5/perlbrew/perls/perl-5.24.0/lib/site_perl/5.24.0/x86_64-linux/auto/List/Util/Util.so", {st_mode=S_IFREG|0555, st_size=59776, ...}) = 0
7106  open("/home/ryan/perl5/perlbrew/perls/perl-5.24.0/lib/site_perl/5.24.0/x86_64-linux/auto/List/Util/Util.so", O_RDONLY|O_CLOEXEC) = 9
7106  read(9, "\177ELF\2\1\1\0\0\0\0\0\0\0\0\0\3\0>\0\1\0\0\0\360&\0\0\0\0\0\0"..., 832) = 832
7106  fstat(9, {st_mode=S_IFREG|0555, st_size=59776, ...}) = 0
7106  mmap(NULL, 2147104, PROT_READ|PROT_EXEC, MAP_PRIVATE|MAP_DENYWRITE, 9, 0) = 0x7f2f5a51a000
7106  mprotect(0x7f2f5a526000, 2093056, PROT_NONE) = 0
7106  mmap(0x7f2f5a725000, 8192, PROT_READ|PROT_WRITE, MAP_PRIVATE|MAP_FIXED|MAP_DENYWRITE, 9, 0xb000) = 0x7f2f5a725000
7106  close(9)                          = 0
7106  mprotect(0x7f2f5a725000, 4096, PROT_READ) = 0
7106  stat("/mnt/mintdisk/home/ryan/workspace/evalserver-async/bin/../lib/Module/Runtime.pmc", 0x7fff0416a010) = -1 ENOENT (No such file or directory)
7106  stat("/mnt/mintdisk/home/ryan/workspace/evalserver-async/bin/../lib/Module/Runtime.pm", 0x7fff0416a010) = -1 ENOENT (No such file or directory)
7106  stat("/home/ryan/perl5/perlbrew/perls/perl-5.24.0/lib/site_perl/5.24.0/x86_64-linux/Module/Runtime.pmc", 0x7fff0416a010) = -1 ENOENT (No such file or directory)
7106  stat("/home/ryan/perl5/perlbrew/perls/perl-5.24.0/lib/site_perl/5.24.0/x86_64-linux/Module/Runtime.pm", 0x7fff0416a010) = -1 ENOENT (No such file or directory)
7106  stat("/home/ryan/perl5/perlbrew/perls/perl-5.24.0/lib/site_perl/5.24.0/Module/Runtime.pmc", 0x7fff0416a010) = -1 ENOENT (No such file or directory)
7106  stat("/home/ryan/perl5/perlbrew/perls/perl-5.24.0/lib/site_perl/5.24.0/Module/Runtime.pm", {st_mode=S_IFREG|0444, st_size=16613, ...}) = 0
7106  open("/home/ryan/perl5/perlbrew/perls/perl-5.24.0/lib/site_perl/5.24.0/Module/Runtime.pm", O_RDONLY) = 9
7106  ioctl(9, TCGETS, 0x7fff04169e00)  = -1 ENOTTY (Inappropriate ioctl for device)
7106  lseek(9, 0, SEEK_CUR)             = 0
7106  read(9, "=head1 NAME\n\nModule::Runtime - r"..., 8192) = 8192
7106  read(9, "module_name($) {\n\tunless(&is_mod"..., 8192) = 8192
7106  brk(0x560d865bd000)               = 0x560d865bd000
7106  read(9, "ght (C) 2004, 2006, 2007, 2009, "..., 8192) = 229
7106  read(9, "", 8192)                 = 0
7106  close(9)                          = 0
7106  stat("/mnt/mintdisk/home/ryan/workspace/evalserver-async/bin/../lib/Devel/GlobalDestruction.pmc", 0x7fff0416a010) = -1 ENOENT (No such file or directory)
7106  stat("/mnt/mintdisk/home/ryan/workspace/evalserver-async/bin/../lib/Devel/GlobalDestruction.pm", 0x7fff0416a010) = -1 ENOENT (No such file or directory)
7106  stat("/home/ryan/perl5/perlbrew/perls/perl-5.24.0/lib/site_perl/5.24.0/x86_64-linux/Devel/GlobalDestruction.pmc", 0x7fff0416a010) = -1 ENOENT (No such file or directory)
7106  stat("/home/ryan/perl5/perlbrew/perls/perl-5.24.0/lib/site_perl/5.24.0/x86_64-linux/Devel/GlobalDestruction.pm", 0x7fff0416a010) = -1 ENOENT (No such file or directory)
7106  stat("/home/ryan/perl5/perlbrew/perls/perl-5.24.0/lib/site_perl/5.24.0/Devel/GlobalDestruction.pmc", 0x7fff0416a010) = -1 ENOENT (No such file or directory)
7106  stat("/home/ryan/perl5/perlbrew/perls/perl-5.24.0/lib/site_perl/5.24.0/Devel/GlobalDestruction.pm", {st_mode=S_IFREG|0444, st_size=2775, ...}) = 0
7106  open("/home/ryan/perl5/perlbrew/perls/perl-5.24.0/lib/site_perl/5.24.0/Devel/GlobalDestruction.pm", O_RDONLY) = 9
7106  ioctl(9, TCGETS, 0x7fff04169e00)  = -1 ENOTTY (Inappropriate ioctl for device)
7106  lseek(9, 0, SEEK_CUR)             = 0
7106  read(9, "package Devel::GlobalDestruction"..., 8192) = 2775
7106  stat("/mnt/mintdisk/home/ryan/workspace/evalserver-async/bin/../lib/Sub/Exporter/Progressive.pmc", 0x7fff04169a00) = -1 ENOENT (No such file or directory)
7106  stat("/mnt/mintdisk/home/ryan/workspace/evalserver-async/bin/../lib/Sub/Exporter/Progressive.pm", 0x7fff04169a00) = -1 ENOENT (No such file or directory)
7106  stat("/home/ryan/perl5/perlbrew/perls/perl-5.24.0/lib/site_perl/5.24.0/x86_64-linux/Sub/Exporter/Progressive.pmc", 0x7fff04169a00) = -1 ENOENT (No such file or directory)
7106  stat("/home/ryan/perl5/perlbrew/perls/perl-5.24.0/lib/site_perl/5.24.0/x86_64-linux/Sub/Exporter/Progressive.pm", 0x7fff04169a00) = -1 ENOENT (No such file or directory)
7106  stat("/home/ryan/perl5/perlbrew/perls/perl-5.24.0/lib/site_perl/5.24.0/Sub/Exporter/Progressive.pmc", 0x7fff04169a00) = -1 ENOENT (No such file or directory)
7106  stat("/home/ryan/perl5/perlbrew/perls/perl-5.24.0/lib/site_perl/5.24.0/Sub/Exporter/Progressive.pm", {st_mode=S_IFREG|0444, st_size=4812, ...}) = 0
7106  open("/home/ryan/perl5/perlbrew/perls/perl-5.24.0/lib/site_perl/5.24.0/Sub/Exporter/Progressive.pm", O_RDONLY) = 10
7106  ioctl(10, TCGETS, 0x7fff041697f0) = -1 ENOTTY (Inappropriate ioctl for device)
7106  lseek(10, 0, SEEK_CUR)            = 0
7106  read(10, "package Sub::Exporter::Progressi"..., 8192) = 4812
7106  lseek(10, 2993, SEEK_SET)         = 2993
7106  lseek(10, 0, SEEK_CUR)            = 2993
7106  close(10)                         = 0
7106  lseek(9, 1009, SEEK_SET)          = 1009
7106  lseek(9, 0, SEEK_CUR)             = 1009
7106  close(9)                          = 0
7106  brk(0x560d865de000)               = 0x560d865de000
7106  brk(0x560d865dd000)               = 0x560d865dd000
7106  read(8, "", 8192)                 = 0
7106  close(8)                          = 0
7106  brk(0x560d865fe000)               = 0x560d865fe000
7106  lseek(7, 7470, SEEK_SET)          = 7470
7106  lseek(7, 0, SEEK_CUR)             = 7470
7106  close(7)                          = 0
7106  stat("/mnt/mintdisk/home/ryan/workspace/evalserver-async/bin/../lib/Moo/sification.pmc", 0x7fff0416ac30) = -1 ENOENT (No such file or directory)
7106  stat("/mnt/mintdisk/home/ryan/workspace/evalserver-async/bin/../lib/Moo/sification.pm", 0x7fff0416ac30) = -1 ENOENT (No such file or directory)
7106  stat("/home/ryan/perl5/perlbrew/perls/perl-5.24.0/lib/site_perl/5.24.0/x86_64-linux/Moo/sification.pmc", 0x7fff0416ac30) = -1 ENOENT (No such file or directory)
7106  stat("/home/ryan/perl5/perlbrew/perls/perl-5.24.0/lib/site_perl/5.24.0/x86_64-linux/Moo/sification.pm", 0x7fff0416ac30) = -1 ENOENT (No such file or directory)
7106  stat("/home/ryan/perl5/perlbrew/perls/perl-5.24.0/lib/site_perl/5.24.0/Moo/sification.pmc", 0x7fff0416ac30) = -1 ENOENT (No such file or directory)
7106  stat("/home/ryan/perl5/perlbrew/perls/perl-5.24.0/lib/site_perl/5.24.0/Moo/sification.pm", {st_mode=S_IFREG|0444, st_size=747, ...}) = 0
7106  open("/home/ryan/perl5/perlbrew/perls/perl-5.24.0/lib/site_perl/5.24.0/Moo/sification.pm", O_RDONLY) = 7
7106  ioctl(7, TCGETS, 0x7fff0416aa20)  = -1 ENOTTY (Inappropriate ioctl for device)
7106  lseek(7, 0, SEEK_CUR)             = 0
7106  read(7, "package Moo::sification;\n\nuse Mo"..., 8192) = 747
7106  read(7, "", 8192)                 = 0
7106  close(7)                          = 0
7106  stat("/mnt/mintdisk/home/ryan/workspace/evalserver-async/bin/../lib/Moo/Object.pmc", 0x7fff0416ac30) = -1 ENOENT (No such file or directory)
7106  stat("/mnt/mintdisk/home/ryan/workspace/evalserver-async/bin/../lib/Moo/Object.pm", 0x7fff0416ac30) = -1 ENOENT (No such file or directory)
7106  stat("/home/ryan/perl5/perlbrew/perls/perl-5.24.0/lib/site_perl/5.24.0/x86_64-linux/Moo/Object.pmc", 0x7fff0416ac30) = -1 ENOENT (No such file or directory)
7106  stat("/home/ryan/perl5/perlbrew/perls/perl-5.24.0/lib/site_perl/5.24.0/x86_64-linux/Moo/Object.pm", 0x7fff0416ac30) = -1 ENOENT (No such file or directory)
7106  stat("/home/ryan/perl5/perlbrew/perls/perl-5.24.0/lib/site_perl/5.24.0/Moo/Object.pmc", 0x7fff0416ac30) = -1 ENOENT (No such file or directory)
7106  stat("/home/ryan/perl5/perlbrew/perls/perl-5.24.0/lib/site_perl/5.24.0/Moo/Object.pm", {st_mode=S_IFREG|0444, st_size=1941, ...}) = 0
7106  open("/home/ryan/perl5/perlbrew/perls/perl-5.24.0/lib/site_perl/5.24.0/Moo/Object.pm", O_RDONLY) = 7
7106  ioctl(7, TCGETS, 0x7fff0416aa20)  = -1 ENOTTY (Inappropriate ioctl for device)
7106  lseek(7, 0, SEEK_CUR)             = 0
7106  read(7, "package Moo::Object;\n\nuse Moo::_"..., 8192) = 1941
7106  brk(0x560d8661f000)               = 0x560d8661f000
7106  brk(0x560d8661e000)               = 0x560d8661e000
7106  read(7, "", 8192)                 = 0
7106  close(7)                          = 0
7106  getuid()                          = 0
7106  geteuid()                         = 0
7106  getgid()                          = 0
7106  getegid()                         = 0
7106  lseek(6, 3363, SEEK_SET)          = 3363
7106  lseek(6, 0, SEEK_CUR)             = 3363
7106  close(6)                          = 0
7106  stat("/mnt/mintdisk/home/ryan/workspace/evalserver-async/bin/../lib/Method/Generate/Constructor.pmc", 0x7fff0416b240) = -1 ENOENT (No such file or directory)
7106  stat("/mnt/mintdisk/home/ryan/workspace/evalserver-async/bin/../lib/Method/Generate/Constructor.pm", 0x7fff0416b240) = -1 ENOENT (No such file or directory)
7106  stat("/home/ryan/perl5/perlbrew/perls/perl-5.24.0/lib/site_perl/5.24.0/x86_64-linux/Method/Generate/Constructor.pmc", 0x7fff0416b240) = -1 ENOENT (No such file or directory)
7106  stat("/home/ryan/perl5/perlbrew/perls/perl-5.24.0/lib/site_perl/5.24.0/x86_64-linux/Method/Generate/Constructor.pm", 0x7fff0416b240) = -1 ENOENT (No such file or directory)
7106  stat("/home/ryan/perl5/perlbrew/perls/perl-5.24.0/lib/site_perl/5.24.0/Method/Generate/Constructor.pmc", 0x7fff0416b240) = -1 ENOENT (No such file or directory)
7106  stat("/home/ryan/perl5/perlbrew/perls/perl-5.24.0/lib/site_perl/5.24.0/Method/Generate/Constructor.pm", {st_mode=S_IFREG|0444, st_size=7774, ...}) = 0
7106  open("/home/ryan/perl5/perlbrew/perls/perl-5.24.0/lib/site_perl/5.24.0/Method/Generate/Constructor.pm", O_RDONLY) = 6
7106  ioctl(6, TCGETS, 0x7fff0416b030)  = -1 ENOTTY (Inappropriate ioctl for device)
7106  lseek(6, 0, SEEK_CUR)             = 0
7106  read(6, "package Method::Generate::Constr"..., 8192) = 7774
7106  stat("/mnt/mintdisk/home/ryan/workspace/evalserver-async/bin/../lib/Sub/Quote.pmc", 0x7fff0416ac30) = -1 ENOENT (No such file or directory)
7106  stat("/mnt/mintdisk/home/ryan/workspace/evalserver-async/bin/../lib/Sub/Quote.pm", 0x7fff0416ac30) = -1 ENOENT (No such file or directory)
7106  stat("/home/ryan/perl5/perlbrew/perls/perl-5.24.0/lib/site_perl/5.24.0/x86_64-linux/Sub/Quote.pmc", 0x7fff0416ac30) = -1 ENOENT (No such file or directory)
7106  stat("/home/ryan/perl5/perlbrew/perls/perl-5.24.0/lib/site_perl/5.24.0/x86_64-linux/Sub/Quote.pm", 0x7fff0416ac30) = -1 ENOENT (No such file or directory)
7106  stat("/home/ryan/perl5/perlbrew/perls/perl-5.24.0/lib/site_perl/5.24.0/Sub/Quote.pmc", 0x7fff0416ac30) = -1 ENOENT (No such file or directory)
7106  stat("/home/ryan/perl5/perlbrew/perls/perl-5.24.0/lib/site_perl/5.24.0/Sub/Quote.pm", {st_mode=S_IFREG|0444, st_size=13507, ...}) = 0
7106  open("/home/ryan/perl5/perlbrew/perls/perl-5.24.0/lib/site_perl/5.24.0/Sub/Quote.pm", O_RDONLY) = 7
7106  ioctl(7, TCGETS, 0x7fff0416aa20)  = -1 ENOTTY (Inappropriate ioctl for device)
7106  lseek(7, 0, SEEK_CUR)             = 0
7106  read(7, "package Sub::Quote;\n\nsub _clean_"..., 8192) = 8192
7106  stat("/mnt/mintdisk/home/ryan/workspace/evalserver-async/bin/../lib/Sub/Defer.pmc", 0x7fff0416a620) = -1 ENOENT (No such file or directory)
7106  stat("/mnt/mintdisk/home/ryan/workspace/evalserver-async/bin/../lib/Sub/Defer.pm", 0x7fff0416a620) = -1 ENOENT (No such file or directory)
7106  stat("/home/ryan/perl5/perlbrew/perls/perl-5.24.0/lib/site_perl/5.24.0/x86_64-linux/Sub/Defer.pmc", 0x7fff0416a620) = -1 ENOENT (No such file or directory)
7106  stat("/home/ryan/perl5/perlbrew/perls/perl-5.24.0/lib/site_perl/5.24.0/x86_64-linux/Sub/Defer.pm", 0x7fff0416a620) = -1 ENOENT (No such file or directory)
7106  stat("/home/ryan/perl5/perlbrew/perls/perl-5.24.0/lib/site_perl/5.24.0/Sub/Defer.pmc", 0x7fff0416a620) = -1 ENOENT (No such file or directory)
7106  stat("/home/ryan/perl5/perlbrew/perls/perl-5.24.0/lib/site_perl/5.24.0/Sub/Defer.pm", {st_mode=S_IFREG|0444, st_size=6230, ...}) = 0
7106  open("/home/ryan/perl5/perlbrew/perls/perl-5.24.0/lib/site_perl/5.24.0/Sub/Defer.pm", O_RDONLY) = 8
7106  ioctl(8, TCGETS, 0x7fff0416a410)  = -1 ENOTTY (Inappropriate ioctl for device)
7106  lseek(8, 0, SEEK_CUR)             = 0
7106  brk(0x560d86640000)               = 0x560d86640000
7106  read(8, "package Sub::Defer;\nuse strict;\n"..., 8192) = 6230
7106  stat("/mnt/mintdisk/home/ryan/workspace/evalserver-async/bin/../lib/Scalar/Util.pmc", 0x7fff0416a010) = -1 ENOENT (No such file or directory)
7106  stat("/mnt/mintdisk/home/ryan/workspace/evalserver-async/bin/../lib/Scalar/Util.pm", 0x7fff0416a010) = -1 ENOENT (No such file or directory)
7106  stat("/home/ryan/perl5/perlbrew/perls/perl-5.24.0/lib/site_perl/5.24.0/x86_64-linux/Scalar/Util.pmc", 0x7fff0416a010) = -1 ENOENT (No such file or directory)
7106  stat("/home/ryan/perl5/perlbrew/perls/perl-5.24.0/lib/site_perl/5.24.0/x86_64-linux/Scalar/Util.pm", {st_mode=S_IFREG|0444, st_size=9938, ...}) = 0
7106  open("/home/ryan/perl5/perlbrew/perls/perl-5.24.0/lib/site_perl/5.24.0/x86_64-linux/Scalar/Util.pm", O_RDONLY) = 9
7106  ioctl(9, TCGETS, 0x7fff04169e00)  = -1 ENOTTY (Inappropriate ioctl for device)
7106  lseek(9, 0, SEEK_CUR)             = 0
7106  read(9, "# Copyright (c) 1997-2007 Graham"..., 8192) = 8192
7106  lseek(9, 1420, SEEK_SET)          = 1420
7106  lseek(9, 0, SEEK_CUR)             = 1420
7106  close(9)                          = 0
7106  getuid()                          = 0
7106  geteuid()                         = 0
7106  getgid()                          = 0
7106  getegid()                         = 0
7106  brk(0x560d86664000)               = 0x560d86664000
7106  lseek(8, 4063, SEEK_SET)          = 4063
7106  lseek(8, 0, SEEK_CUR)             = 4063
7106  close(8)                          = 0
7106  stat("/mnt/mintdisk/home/ryan/workspace/evalserver-async/bin/../lib/B.pmc", 0x7fff0416a620) = -1 ENOENT (No such file or directory)
7106  stat("/mnt/mintdisk/home/ryan/workspace/evalserver-async/bin/../lib/B.pm", 0x7fff0416a620) = -1 ENOENT (No such file or directory)
7106  stat("/home/ryan/perl5/perlbrew/perls/perl-5.24.0/lib/site_perl/5.24.0/x86_64-linux/B.pmc", 0x7fff0416a620) = -1 ENOENT (No such file or directory)
7106  stat("/home/ryan/perl5/perlbrew/perls/perl-5.24.0/lib/site_perl/5.24.0/x86_64-linux/B.pm", 0x7fff0416a620) = -1 ENOENT (No such file or directory)
7106  stat("/home/ryan/perl5/perlbrew/perls/perl-5.24.0/lib/site_perl/5.24.0/B.pmc", 0x7fff0416a620) = -1 ENOENT (No such file or directory)
7106  stat("/home/ryan/perl5/perlbrew/perls/perl-5.24.0/lib/site_perl/5.24.0/B.pm", 0x7fff0416a620) = -1 ENOENT (No such file or directory)
7106  stat("/home/ryan/perl5/perlbrew/perls/perl-5.24.0/lib/5.24.0/x86_64-linux/B.pmc", 0x7fff0416a620) = -1 ENOENT (No such file or directory)
7106  stat("/home/ryan/perl5/perlbrew/perls/perl-5.24.0/lib/5.24.0/x86_64-linux/B.pm", {st_mode=S_IFREG|0444, st_size=31457, ...}) = 0
7106  open("/home/ryan/perl5/perlbrew/perls/perl-5.24.0/lib/5.24.0/x86_64-linux/B.pm", O_RDONLY) = 8
7106  ioctl(8, TCGETS, 0x7fff0416a410)  = -1 ENOTTY (Inappropriate ioctl for device)
7106  lseek(8, 0, SEEK_CUR)             = 0
7106  read(8, "#      B.pm\n#\n#      Copyright ("..., 8192) = 8192
7106  stat("/home/ryan/perl5/perlbrew/perls/perl-5.24.0/lib/5.24.0/x86_64-linux/auto/B/B.bs", 0x560d8582b8c0) = -1 ENOENT (No such file or directory)
7106  stat("/home/ryan/perl5/perlbrew/perls/perl-5.24.0/lib/5.24.0/x86_64-linux/auto/B/B.so", {st_mode=S_IFREG|0555, st_size=98512, ...}) = 0
7106  open("/home/ryan/perl5/perlbrew/perls/perl-5.24.0/lib/5.24.0/x86_64-linux/auto/B/B.so", O_RDONLY|O_CLOEXEC) = 9
7106  read(9, "\177ELF\2\1\1\0\0\0\0\0\0\0\0\0\3\0>\0\1\0\0\0\300O\0\0\0\0\0\0"..., 832) = 832
7106  fstat(9, {st_mode=S_IFREG|0555, st_size=98512, ...}) = 0
7106  mmap(NULL, 2183936, PROT_READ|PROT_EXEC, MAP_PRIVATE|MAP_DENYWRITE, 9, 0) = 0x7f2f5a304000
7106  mprotect(0x7f2f5a316000, 2097152, PROT_NONE) = 0
7106  mmap(0x7f2f5a516000, 16384, PROT_READ|PROT_WRITE, MAP_PRIVATE|MAP_FIXED|MAP_DENYWRITE, 9, 0x12000) = 0x7f2f5a516000
7106  close(9)                          = 0
7106  mprotect(0x7f2f5a516000, 12288, PROT_READ) = 0
7106  brk(0x560d86685000)               = 0x560d86685000
7106  brk(0x560d866a9000)               = 0x560d866a9000
7106  lseek(8, 7715, SEEK_SET)          = 7715
7106  lseek(8, 0, SEEK_CUR)             = 7715
7106  close(8)                          = 0
7106  getuid()                          = 0
7106  geteuid()                         = 0
7106  getgid()                          = 0
7106  getegid()                         = 0
7106  getuid()                          = 0
7106  geteuid()                         = 0
7106  getgid()                          = 0
7106  getegid()                         = 0
7106  getuid()                          = 0
7106  geteuid()                         = 0
7106  getgid()                          = 0
7106  getegid()                         = 0
7106  getuid()                          = 0
7106  geteuid()                         = 0
7106  getgid()                          = 0
7106  getegid()                         = 0
7106  getuid()                          = 0
7106  geteuid()                         = 0
7106  getgid()                          = 0
7106  getegid()                         = 0
7106  getuid()                          = 0
7106  geteuid()                         = 0
7106  getgid()                          = 0
7106  getegid()                         = 0
7106  getuid()                          = 0
7106  geteuid()                         = 0
7106  getgid()                          = 0
7106  getegid()                         = 0
7106  getuid()                          = 0
7106  geteuid()                         = 0
7106  getgid()                          = 0
7106  getegid()                         = 0
7106  getuid()                          = 0
7106  geteuid()                         = 0
7106  getgid()                          = 0
7106  getegid()                         = 0
7106  getuid()                          = 0
7106  geteuid()                         = 0
7106  getgid()                          = 0
7106  getegid()                         = 0
7106  getuid()                          = 0
7106  geteuid()                         = 0
7106  getgid()                          = 0
7106  getegid()                         = 0
7106  getuid()                          = 0
7106  geteuid()                         = 0
7106  getgid()                          = 0
7106  getegid()                         = 0
7106  getuid()                          = 0
7106  geteuid()                         = 0
7106  getgid()                          = 0
7106  getegid()                         = 0
7106  getuid()                          = 0
7106  geteuid()                         = 0
7106  getgid()                          = 0
7106  getegid()                         = 0
7106  getuid()                          = 0
7106  geteuid()                         = 0
7106  getgid()                          = 0
7106  getegid()                         = 0
7106  brk(0x560d866ca000)               = 0x560d866ca000
7106  getuid()                          = 0
7106  geteuid()                         = 0
7106  getgid()                          = 0
7106  getegid()                         = 0
7106  getuid()                          = 0
7106  geteuid()                         = 0
7106  getgid()                          = 0
7106  getegid()                         = 0
7106  getuid()                          = 0
7106  geteuid()                         = 0
7106  getgid()                          = 0
7106  getegid()                         = 0
7106  getuid()                          = 0
7106  geteuid()                         = 0
7106  getgid()                          = 0
7106  getegid()                         = 0
7106  getuid()                          = 0
7106  geteuid()                         = 0
7106  getgid()                          = 0
7106  getegid()                         = 0
7106  getuid()                          = 0
7106  geteuid()                         = 0
7106  getgid()                          = 0
7106  getegid()                         = 0
7106  getuid()                          = 0
7106  geteuid()                         = 0
7106  getgid()                          = 0
7106  getegid()                         = 0
7106  getuid()                          = 0
7106  geteuid()                         = 0
7106  getgid()                          = 0
7106  getegid()                         = 0
7106  getuid()                          = 0
7106  geteuid()                         = 0
7106  getgid()                          = 0
7106  getegid()                         = 0
7106  getuid()                          = 0
7106  geteuid()                         = 0
7106  getgid()                          = 0
7106  getegid()                         = 0
7106  getuid()                          = 0
7106  geteuid()                         = 0
7106  getgid()                          = 0
7106  getegid()                         = 0
7106  getuid()                          = 0
7106  geteuid()                         = 0
7106  getgid()                          = 0
7106  getegid()                         = 0
7106  getuid()                          = 0
7106  geteuid()                         = 0
7106  getgid()                          = 0
7106  getegid()                         = 0
7106  getuid()                          = 0
7106  geteuid()                         = 0
7106  getgid()                          = 0
7106  getegid()                         = 0
7106  getuid()                          = 0
7106  geteuid()                         = 0
7106  getgid()                          = 0
7106  getegid()                         = 0
7106  getuid()                          = 0
7106  geteuid()                         = 0
7106  getgid()                          = 0
7106  getegid()                         = 0
7106  getuid()                          = 0
7106  geteuid()                         = 0
7106  getgid()                          = 0
7106  getegid()                         = 0
7106  getuid()                          = 0
7106  geteuid()                         = 0
7106  getgid()                          = 0
7106  getegid()                         = 0
7106  getuid()                          = 0
7106  geteuid()                         = 0
7106  getgid()                          = 0
7106  getegid()                         = 0
7106  brk(0x560d866eb000)               = 0x560d866eb000
7106  brk(0x560d866ea000)               = 0x560d866ea000
7106  lseek(7, 6865, SEEK_SET)          = 6865
7106  lseek(7, 0, SEEK_CUR)             = 6865
7106  close(7)                          = 0
7106  stat("/mnt/mintdisk/home/ryan/workspace/evalserver-async/bin/../lib/Carp/Heavy.pmc", 0x7fff0416ac30) = -1 ENOENT (No such file or directory)
7106  stat("/mnt/mintdisk/home/ryan/workspace/evalserver-async/bin/../lib/Carp/Heavy.pm", 0x7fff0416ac30) = -1 ENOENT (No such file or directory)
7106  stat("/home/ryan/perl5/perlbrew/perls/perl-5.24.0/lib/site_perl/5.24.0/x86_64-linux/Carp/Heavy.pmc", 0x7fff0416ac30) = -1 ENOENT (No such file or directory)
7106  stat("/home/ryan/perl5/perlbrew/perls/perl-5.24.0/lib/site_perl/5.24.0/x86_64-linux/Carp/Heavy.pm", 0x7fff0416ac30) = -1 ENOENT (No such file or directory)
7106  stat("/home/ryan/perl5/perlbrew/perls/perl-5.24.0/lib/site_perl/5.24.0/Carp/Heavy.pmc", 0x7fff0416ac30) = -1 ENOENT (No such file or directory)
7106  stat("/home/ryan/perl5/perlbrew/perls/perl-5.24.0/lib/site_perl/5.24.0/Carp/Heavy.pm", 0x7fff0416ac30) = -1 ENOENT (No such file or directory)
7106  stat("/home/ryan/perl5/perlbrew/perls/perl-5.24.0/lib/5.24.0/x86_64-linux/Carp/Heavy.pmc", 0x7fff0416ac30) = -1 ENOENT (No such file or directory)
7106  stat("/home/ryan/perl5/perlbrew/perls/perl-5.24.0/lib/5.24.0/x86_64-linux/Carp/Heavy.pm", 0x7fff0416ac30) = -1 ENOENT (No such file or directory)
7106  stat("/home/ryan/perl5/perlbrew/perls/perl-5.24.0/lib/5.24.0/Carp/Heavy.pmc", 0x7fff0416ac30) = -1 ENOENT (No such file or directory)
7106  stat("/home/ryan/perl5/perlbrew/perls/perl-5.24.0/lib/5.24.0/Carp/Heavy.pm", {st_mode=S_IFREG|0444, st_size=773, ...}) = 0
7106  open("/home/ryan/perl5/perlbrew/perls/perl-5.24.0/lib/5.24.0/Carp/Heavy.pm", O_RDONLY) = 7
7106  ioctl(7, TCGETS, 0x7fff0416aa20)  = -1 ENOTTY (Inappropriate ioctl for device)
7106  lseek(7, 0, SEEK_CUR)             = 0
7106  read(7, "package Carp::Heavy;\n\nuse Carp ("..., 8192) = 773
7106  read(7, "", 8192)                 = 0
7106  close(7)                          = 0
7106  getuid()                          = 0
7106  geteuid()                         = 0
7106  getgid()                          = 0
7106  getegid()                         = 0
7106  brk(0x560d8670b000)               = 0x560d8670b000
7106  brk(0x560d8670a000)               = 0x560d8670a000
7106  read(6, "", 8192)                 = 0
7106  close(6)                          = 0
7106  stat("/mnt/mintdisk/home/ryan/workspace/evalserver-async/bin/../lib/Method/Generate/Accessor.pmc", 0x7fff0416b240) = -1 ENOENT (No such file or directory)
7106  stat("/mnt/mintdisk/home/ryan/workspace/evalserver-async/bin/../lib/Method/Generate/Accessor.pm", 0x7fff0416b240) = -1 ENOENT (No such file or directory)
7106  stat("/home/ryan/perl5/perlbrew/perls/perl-5.24.0/lib/site_perl/5.24.0/x86_64-linux/Method/Generate/Accessor.pmc", 0x7fff0416b240) = -1 ENOENT (No such file or directory)
7106  stat("/home/ryan/perl5/perlbrew/perls/perl-5.24.0/lib/site_perl/5.24.0/x86_64-linux/Method/Generate/Accessor.pm", 0x7fff0416b240) = -1 ENOENT (No such file or directory)
7106  stat("/home/ryan/perl5/perlbrew/perls/perl-5.24.0/lib/site_perl/5.24.0/Method/Generate/Accessor.pmc", 0x7fff0416b240) = -1 ENOENT (No such file or directory)
7106  stat("/home/ryan/perl5/perlbrew/perls/perl-5.24.0/lib/site_perl/5.24.0/Method/Generate/Accessor.pm", {st_mode=S_IFREG|0444, st_size=20187, ...}) = 0
7106  open("/home/ryan/perl5/perlbrew/perls/perl-5.24.0/lib/site_perl/5.24.0/Method/Generate/Accessor.pm", O_RDONLY) = 6
7106  ioctl(6, TCGETS, 0x7fff0416b030)  = -1 ENOTTY (Inappropriate ioctl for device)
7106  lseek(6, 0, SEEK_CUR)             = 0
7106  read(6, "package Method::Generate::Access"..., 8192) = 8192
7106  getuid()                          = 0
7106  geteuid()                         = 0
7106  getgid()                          = 0
7106  getegid()                         = 0
7106  stat("/mnt/mintdisk/home/ryan/workspace/evalserver-async/bin/../lib/overload.pmc", 0x7fff0416ac30) = -1 ENOENT (No such file or directory)
7106  stat("/mnt/mintdisk/home/ryan/workspace/evalserver-async/bin/../lib/overload.pm", 0x7fff0416ac30) = -1 ENOENT (No such file or directory)
7106  stat("/home/ryan/perl5/perlbrew/perls/perl-5.24.0/lib/site_perl/5.24.0/x86_64-linux/overload.pmc", 0x7fff0416ac30) = -1 ENOENT (No such file or directory)
7106  stat("/home/ryan/perl5/perlbrew/perls/perl-5.24.0/lib/site_perl/5.24.0/x86_64-linux/overload.pm", 0x7fff0416ac30) = -1 ENOENT (No such file or directory)
7106  stat("/home/ryan/perl5/perlbrew/perls/perl-5.24.0/lib/site_perl/5.24.0/overload.pmc", 0x7fff0416ac30) = -1 ENOENT (No such file or directory)
7106  stat("/home/ryan/perl5/perlbrew/perls/perl-5.24.0/lib/site_perl/5.24.0/overload.pm", 0x7fff0416ac30) = -1 ENOENT (No such file or directory)
7106  stat("/home/ryan/perl5/perlbrew/perls/perl-5.24.0/lib/5.24.0/x86_64-linux/overload.pmc", 0x7fff0416ac30) = -1 ENOENT (No such file or directory)
7106  stat("/home/ryan/perl5/perlbrew/perls/perl-5.24.0/lib/5.24.0/x86_64-linux/overload.pm", 0x7fff0416ac30) = -1 ENOENT (No such file or directory)
7106  stat("/home/ryan/perl5/perlbrew/perls/perl-5.24.0/lib/5.24.0/overload.pmc", 0x7fff0416ac30) = -1 ENOENT (No such file or directory)
7106  stat("/home/ryan/perl5/perlbrew/perls/perl-5.24.0/lib/5.24.0/overload.pm", {st_mode=S_IFREG|0444, st_size=53339, ...}) = 0
7106  open("/home/ryan/perl5/perlbrew/perls/perl-5.24.0/lib/5.24.0/overload.pm", O_RDONLY) = 7
7106  ioctl(7, TCGETS, 0x7fff0416aa20)  = -1 ENOTTY (Inappropriate ioctl for device)
7106  lseek(7, 0, SEEK_CUR)             = 0
7106  read(7, "package overload;\n\nour $VERSION "..., 8192) = 8192
7106  brk(0x560d8672b000)               = 0x560d8672b000
7106  stat("/mnt/mintdisk/home/ryan/workspace/evalserver-async/bin/../lib/overloading.pmc", 0x7fff0416a620) = -1 ENOENT (No such file or directory)
7106  stat("/mnt/mintdisk/home/ryan/workspace/evalserver-async/bin/../lib/overloading.pm", 0x7fff0416a620) = -1 ENOENT (No such file or directory)
7106  stat("/home/ryan/perl5/perlbrew/perls/perl-5.24.0/lib/site_perl/5.24.0/x86_64-linux/overloading.pmc", 0x7fff0416a620) = -1 ENOENT (No such file or directory)
7106  stat("/home/ryan/perl5/perlbrew/perls/perl-5.24.0/lib/site_perl/5.24.0/x86_64-linux/overloading.pm", 0x7fff0416a620) = -1 ENOENT (No such file or directory)
7106  stat("/home/ryan/perl5/perlbrew/perls/perl-5.24.0/lib/site_perl/5.24.0/overloading.pmc", 0x7fff0416a620) = -1 ENOENT (No such file or directory)
7106  stat("/home/ryan/perl5/perlbrew/perls/perl-5.24.0/lib/site_perl/5.24.0/overloading.pm", 0x7fff0416a620) = -1 ENOENT (No such file or directory)
7106  stat("/home/ryan/perl5/perlbrew/perls/perl-5.24.0/lib/5.24.0/x86_64-linux/overloading.pmc", 0x7fff0416a620) = -1 ENOENT (No such file or directory)
7106  stat("/home/ryan/perl5/perlbrew/perls/perl-5.24.0/lib/5.24.0/x86_64-linux/overloading.pm", 0x7fff0416a620) = -1 ENOENT (No such file or directory)
7106  stat("/home/ryan/perl5/perlbrew/perls/perl-5.24.0/lib/5.24.0/overloading.pmc", 0x7fff0416a620) = -1 ENOENT (No such file or directory)
7106  stat("/home/ryan/perl5/perlbrew/perls/perl-5.24.0/lib/5.24.0/overloading.pm", {st_mode=S_IFREG|0444, st_size=1808, ...}) = 0
7106  open("/home/ryan/perl5/perlbrew/perls/perl-5.24.0/lib/5.24.0/overloading.pm", O_RDONLY) = 8
7106  ioctl(8, TCGETS, 0x7fff0416a410)  = -1 ENOTTY (Inappropriate ioctl for device)
7106  lseek(8, 0, SEEK_CUR)             = 0
7106  read(8, "package overloading;\nuse warning"..., 8192) = 1808
7106  lseek(8, 963, SEEK_SET)           = 963
7106  lseek(8, 0, SEEK_CUR)             = 963
7106  close(8)                          = 0
7106  lseek(7, 4465, SEEK_SET)          = 4465
7106  lseek(7, 0, SEEK_CUR)             = 4465
7106  close(7)                          = 0
7106  stat("/mnt/mintdisk/home/ryan/workspace/evalserver-async/bin/../lib/Class/XSAccessor.pmc", 0x7fff0416ac80) = -1 ENOENT (No such file or directory)
7106  stat("/mnt/mintdisk/home/ryan/workspace/evalserver-async/bin/../lib/Class/XSAccessor.pm", 0x7fff0416ac80) = -1 ENOENT (No such file or directory)
7106  stat("/home/ryan/perl5/perlbrew/perls/perl-5.24.0/lib/site_perl/5.24.0/x86_64-linux/Class/XSAccessor.pmc", 0x7fff0416ac80) = -1 ENOENT (No such file or directory)
7106  stat("/home/ryan/perl5/perlbrew/perls/perl-5.24.0/lib/site_perl/5.24.0/x86_64-linux/Class/XSAccessor.pm", 0x7fff0416ac80) = -1 ENOENT (No such file or directory)
7106  stat("/home/ryan/perl5/perlbrew/perls/perl-5.24.0/lib/site_perl/5.24.0/Class/XSAccessor.pmc", 0x7fff0416ac80) = -1 ENOENT (No such file or directory)
7106  stat("/home/ryan/perl5/perlbrew/perls/perl-5.24.0/lib/site_perl/5.24.0/Class/XSAccessor.pm", 0x7fff0416ac80) = -1 ENOENT (No such file or directory)
7106  stat("/home/ryan/perl5/perlbrew/perls/perl-5.24.0/lib/5.24.0/x86_64-linux/Class/XSAccessor.pmc", 0x7fff0416ac80) = -1 ENOENT (No such file or directory)
7106  stat("/home/ryan/perl5/perlbrew/perls/perl-5.24.0/lib/5.24.0/x86_64-linux/Class/XSAccessor.pm", 0x7fff0416ac80) = -1 ENOENT (No such file or directory)
7106  stat("/home/ryan/perl5/perlbrew/perls/perl-5.24.0/lib/5.24.0/Class/XSAccessor.pmc", 0x7fff0416ac80) = -1 ENOENT (No such file or directory)
7106  stat("/home/ryan/perl5/perlbrew/perls/perl-5.24.0/lib/5.24.0/Class/XSAccessor.pm", 0x7fff0416ac80) = -1 ENOENT (No such file or directory)
7106  stat("./Class/XSAccessor.pmc", 0x7fff0416ac80) = -1 ENOENT (No such file or directory)
7106  stat("./Class/XSAccessor.pm", 0x7fff0416ac80) = -1 ENOENT (No such file or directory)
7106  brk(0x560d8674e000)               = 0x560d8674e000
7106  read(6, " @_;\n  my $spec = shift @specs;\n"..., 8192) = 8192
7106  brk(0x560d86770000)               = 0x560d86770000
7106  brk(0x560d86791000)               = 0x560d86791000
7106  read(6, "lt;\n  }\n  if ($spec->{coerce}) {"..., 8192) = 3803
7106  brk(0x560d867b2000)               = 0x560d867b2000
7106  read(6, "", 8192)                 = 0
7106  close(6)                          = 0
7106  brk(0x560d867d3000)               = 0x560d867d3000
7106  brk(0x560d867d1000)               = 0x560d867d1000
7106  stat("/mnt/mintdisk/home/ryan/workspace/evalserver-async/bin/../lib/Path/Tiny.pmc", 0x7fff0416b240) = -1 ENOENT (No such file or directory)
7106  stat("/mnt/mintdisk/home/ryan/workspace/evalserver-async/bin/../lib/Path/Tiny.pm", 0x7fff0416b240) = -1 ENOENT (No such file or directory)
7106  stat("/home/ryan/perl5/perlbrew/perls/perl-5.24.0/lib/site_perl/5.24.0/x86_64-linux/Path/Tiny.pmc", 0x7fff0416b240) = -1 ENOENT (No such file or directory)
7106  stat("/home/ryan/perl5/perlbrew/perls/perl-5.24.0/lib/site_perl/5.24.0/x86_64-linux/Path/Tiny.pm", 0x7fff0416b240) = -1 ENOENT (No such file or directory)
7106  stat("/home/ryan/perl5/perlbrew/perls/perl-5.24.0/lib/site_perl/5.24.0/Path/Tiny.pmc", 0x7fff0416b240) = -1 ENOENT (No such file or directory)
7106  stat("/home/ryan/perl5/perlbrew/perls/perl-5.24.0/lib/site_perl/5.24.0/Path/Tiny.pm", {st_mode=S_IFREG|0444, st_size=110356, ...}) = 0
7106  open("/home/ryan/perl5/perlbrew/perls/perl-5.24.0/lib/site_perl/5.24.0/Path/Tiny.pm", O_RDONLY) = 6
7106  ioctl(6, TCGETS, 0x7fff0416b030)  = -1 ENOTTY (Inappropriate ioctl for device)
7106  lseek(6, 0, SEEK_CUR)             = 0
7106  read(6, "use 5.008001;\nuse strict;\nuse wa"..., 8192) = 8192
7106  stat("/mnt/mintdisk/home/ryan/workspace/evalserver-async/bin/../lib/if.pmc", 0x7fff0416ac30) = -1 ENOENT (No such file or directory)
7106  stat("/mnt/mintdisk/home/ryan/workspace/evalserver-async/bin/../lib/if.pm", 0x7fff0416ac30) = -1 ENOENT (No such file or directory)
7106  stat("/home/ryan/perl5/perlbrew/perls/perl-5.24.0/lib/site_perl/5.24.0/x86_64-linux/if.pmc", 0x7fff0416ac30) = -1 ENOENT (No such file or directory)
7106  stat("/home/ryan/perl5/perlbrew/perls/perl-5.24.0/lib/site_perl/5.24.0/x86_64-linux/if.pm", 0x7fff0416ac30) = -1 ENOENT (No such file or directory)
7106  stat("/home/ryan/perl5/perlbrew/perls/perl-5.24.0/lib/site_perl/5.24.0/if.pmc", 0x7fff0416ac30) = -1 ENOENT (No such file or directory)
7106  stat("/home/ryan/perl5/perlbrew/perls/perl-5.24.0/lib/site_perl/5.24.0/if.pm", 0x7fff0416ac30) = -1 ENOENT (No such file or directory)
7106  stat("/home/ryan/perl5/perlbrew/perls/perl-5.24.0/lib/5.24.0/x86_64-linux/if.pmc", 0x7fff0416ac30) = -1 ENOENT (No such file or directory)
7106  stat("/home/ryan/perl5/perlbrew/perls/perl-5.24.0/lib/5.24.0/x86_64-linux/if.pm", 0x7fff0416ac30) = -1 ENOENT (No such file or directory)
7106  stat("/home/ryan/perl5/perlbrew/perls/perl-5.24.0/lib/5.24.0/if.pmc", 0x7fff0416ac30) = -1 ENOENT (No such file or directory)
7106  stat("/home/ryan/perl5/perlbrew/perls/perl-5.24.0/lib/5.24.0/if.pm", {st_mode=S_IFREG|0444, st_size=3340, ...}) = 0
7106  open("/home/ryan/perl5/perlbrew/perls/perl-5.24.0/lib/5.24.0/if.pm", O_RDONLY) = 7
7106  ioctl(7, TCGETS, 0x7fff0416aa20)  = -1 ENOTTY (Inappropriate ioctl for device)
7106  lseek(7, 0, SEEK_CUR)             = 0
7106  brk(0x560d867f3000)               = 0x560d867f3000
7106  read(7, "package if;\n\n$VERSION = '0.0606'"..., 8192) = 3340
7106  lseek(7, 594, SEEK_SET)           = 594
7106  lseek(7, 0, SEEK_CUR)             = 594
7106  close(7)                          = 0
7106  read(6, ";\n        my ($homedir) = File::"..., 8192) = 8192
7106  brk(0x560d86814000)               = 0x560d86814000
7106  read(6, "wd;\n    return path( ( defined($"..., 8192) = 8192
7106  read(6, "ut\n\n# XXX do recursively for dir"..., 8192) = 8192
7106  brk(0x560d86835000)               = 0x560d86835000
7106  read(6, "6.\n#pod\n#pod =cut\n\n# Note: must "..., 8192) = 8192
7106  brk(0x560d86856000)               = 0x560d86856000
7106  read(6, "will return the number\n#pod of l"..., 8192) = 8192
7106  brk(0x560d86877000)               = 0x560d86877000
7106  read(6, " $self->[DIR] . \"/..\" );\n       "..., 8192) = 8192
7106  read(6, ">, but defaults to C<safe> mode."..., 8192) = 8192
7106  brk(0x560d86898000)               = 0x560d86898000
7106  read(6, " path(\"foo/bar\")->realpath;\n#pod"..., 8192) = 8192
7106  brk(0x560d868b9000)               = 0x560d868b9000
7106  lseek(6, 71506, SEEK_SET)         = 71506
7106  lseek(6, 0, SEEK_CUR)             = 71506
7106  close(6)                          = 0
7106  stat("/mnt/mintdisk/home/ryan/workspace/evalserver-async/bin/../lib/Config_heavy.pl", 0x7fff0416ae90) = -1 ENOENT (No such file or directory)
7106  stat("/home/ryan/perl5/perlbrew/perls/perl-5.24.0/lib/site_perl/5.24.0/x86_64-linux/Config_heavy.pl", 0x7fff0416ae90) = -1 ENOENT (No such file or directory)
7106  stat("/home/ryan/perl5/perlbrew/perls/perl-5.24.0/lib/site_perl/5.24.0/Config_heavy.pl", 0x7fff0416ae90) = -1 ENOENT (No such file or directory)
7106  stat("/home/ryan/perl5/perlbrew/perls/perl-5.24.0/lib/5.24.0/x86_64-linux/Config_heavy.pl", {st_mode=S_IFREG|0444, st_size=48884, ...}) = 0
7106  open("/home/ryan/perl5/perlbrew/perls/perl-5.24.0/lib/5.24.0/x86_64-linux/Config_heavy.pl", O_RDONLY) = 6
7106  ioctl(6, TCGETS, 0x7fff0416ac80)  = -1 ENOTTY (Inappropriate ioctl for device)
7106  lseek(6, 0, SEEK_CUR)             = 0
7106  read(6, "# This file was created by confi"..., 8192) = 8192
7106  read(6, "SILON__=1E-15DD __DEC64_MANT_DIG"..., 8192) = 8192
7106  read(6, "undef'\nd_fp_classl='undef'\nd_fpa"..., 8192) = 8192
7106  read(6, "ne'\nd_wcstombs='define'\nd_wcsxfr"..., 8192) = 8192
7106  brk(0x560d868e0000)               = 0x560d868e0000
7106  brk(0x560d868da000)               = 0x560d868da000
7106  read(6, "r ExtUtils/Manifest ExtUtils/Min"..., 8192) = 8192
7106  read(6, "\"ZERO\", \"HUP\", \"INT\", \"QUIT\", \"I"..., 8192) = 7924
7106  read(6, "", 8192)                 = 0
7106  close(6)                          = 0
7106  brk(0x560d86900000)               = 0x560d86900000
7106  stat("/mnt/mintdisk/home/ryan/workspace/evalserver-async/bin/../lib/Config_git.pl", 0x7fff0416ac90) = -1 ENOENT (No such file or directory)
7106  stat("/home/ryan/perl5/perlbrew/perls/perl-5.24.0/lib/site_perl/5.24.0/x86_64-linux/Config_git.pl", 0x7fff0416ac90) = -1 ENOENT (No such file or directory)
7106  stat("/home/ryan/perl5/perlbrew/perls/perl-5.24.0/lib/site_perl/5.24.0/Config_git.pl", 0x7fff0416ac90) = -1 ENOENT (No such file or directory)
7106  stat("/home/ryan/perl5/perlbrew/perls/perl-5.24.0/lib/5.24.0/x86_64-linux/Config_git.pl", {st_mode=S_IFREG|0444, st_size=409, ...}) = 0
7106  open("/home/ryan/perl5/perlbrew/perls/perl-5.24.0/lib/5.24.0/x86_64-linux/Config_git.pl", O_RDONLY) = 6
7106  ioctl(6, TCGETS, 0x7fff0416aa80)  = -1 ENOTTY (Inappropriate ioctl for device)
7106  lseek(6, 0, SEEK_CUR)             = 0
7106  read(6, "################################"..., 8192) = 409
7106  read(6, "", 8192)                 = 0
7106  close(6)                          = 0
7106  stat("/mnt/mintdisk/home/ryan/workspace/evalserver-async/bin/../lib/BSD/Resource.pmc", 0x7fff0416b240) = -1 ENOENT (No such file or directory)
7106  stat("/mnt/mintdisk/home/ryan/workspace/evalserver-async/bin/../lib/BSD/Resource.pm", 0x7fff0416b240) = -1 ENOENT (No such file or directory)
7106  stat("/home/ryan/perl5/perlbrew/perls/perl-5.24.0/lib/site_perl/5.24.0/x86_64-linux/BSD/Resource.pmc", 0x7fff0416b240) = -1 ENOENT (No such file or directory)
7106  stat("/home/ryan/perl5/perlbrew/perls/perl-5.24.0/lib/site_perl/5.24.0/x86_64-linux/BSD/Resource.pm", {st_mode=S_IFREG|0444, st_size=19905, ...}) = 0
7106  open("/home/ryan/perl5/perlbrew/perls/perl-5.24.0/lib/site_perl/5.24.0/x86_64-linux/BSD/Resource.pm", O_RDONLY) = 6
7106  ioctl(6, TCGETS, 0x7fff0416b030)  = -1 ENOTTY (Inappropriate ioctl for device)
7106  lseek(6, 0, SEEK_CUR)             = 0
7106  read(6, "#\n# Copyright (c) 1995-2016 Jark"..., 8192) = 8192
7106  stat("/mnt/mintdisk/home/ryan/workspace/evalserver-async/bin/../lib/AutoLoader.pmc", 0x7fff0416ac30) = -1 ENOENT (No such file or directory)
7106  stat("/mnt/mintdisk/home/ryan/workspace/evalserver-async/bin/../lib/AutoLoader.pm", 0x7fff0416ac30) = -1 ENOENT (No such file or directory)
7106  stat("/home/ryan/perl5/perlbrew/perls/perl-5.24.0/lib/site_perl/5.24.0/x86_64-linux/AutoLoader.pmc", 0x7fff0416ac30) = -1 ENOENT (No such file or directory)
7106  stat("/home/ryan/perl5/perlbrew/perls/perl-5.24.0/lib/site_perl/5.24.0/x86_64-linux/AutoLoader.pm", 0x7fff0416ac30) = -1 ENOENT (No such file or directory)
7106  stat("/home/ryan/perl5/perlbrew/perls/perl-5.24.0/lib/site_perl/5.24.0/AutoLoader.pmc", 0x7fff0416ac30) = -1 ENOENT (No such file or directory)
7106  stat("/home/ryan/perl5/perlbrew/perls/perl-5.24.0/lib/site_perl/5.24.0/AutoLoader.pm", 0x7fff0416ac30) = -1 ENOENT (No such file or directory)
7106  stat("/home/ryan/perl5/perlbrew/perls/perl-5.24.0/lib/5.24.0/x86_64-linux/AutoLoader.pmc", 0x7fff0416ac30) = -1 ENOENT (No such file or directory)
7106  stat("/home/ryan/perl5/perlbrew/perls/perl-5.24.0/lib/5.24.0/x86_64-linux/AutoLoader.pm", 0x7fff0416ac30) = -1 ENOENT (No such file or directory)
7106  stat("/home/ryan/perl5/perlbrew/perls/perl-5.24.0/lib/5.24.0/AutoLoader.pmc", 0x7fff0416ac30) = -1 ENOENT (No such file or directory)
7106  stat("/home/ryan/perl5/perlbrew/perls/perl-5.24.0/lib/5.24.0/AutoLoader.pm", {st_mode=S_IFREG|0444, st_size=15797, ...}) = 0
7106  open("/home/ryan/perl5/perlbrew/perls/perl-5.24.0/lib/5.24.0/AutoLoader.pm", O_RDONLY) = 7
7106  ioctl(7, TCGETS, 0x7fff0416aa20)  = -1 ENOTTY (Inappropriate ioctl for device)
7106  lseek(7, 0, SEEK_CUR)             = 0
7106  read(7, "package AutoLoader;\n\nuse strict;"..., 8192) = 8192
7106  brk(0x560d86921000)               = 0x560d86921000
7106  lseek(7, 5486, SEEK_SET)          = 5486
7106  lseek(7, 0, SEEK_CUR)             = 5486
7106  close(7)                          = 0
7106  stat("/home/ryan/perl5/perlbrew/perls/perl-5.24.0/lib/site_perl/5.24.0/x86_64-linux/auto/BSD/Resource/autosplit.ix", {st_mode=S_IFREG|0444, st_size=619, ...}) = 0
7106  open("/home/ryan/perl5/perlbrew/perls/perl-5.24.0/lib/site_perl/5.24.0/x86_64-linux/auto/BSD/Resource/autosplit.ix", O_RDONLY) = 7
7106  ioctl(7, TCGETS, 0x7fff0416aa20)  = -1 ENOTTY (Inappropriate ioctl for device)
7106  lseek(7, 0, SEEK_CUR)             = 0
7106  read(7, "# Index created by AutoSplit for"..., 8192) = 619
7106  read(7, "", 8192)                 = 0
7106  close(7)                          = 0
7106  read(6, " (setrlimit documentation, usual"..., 8192) = 8192
7106  read(6, "ntegral data, and the C<isrss> i"..., 8192) = 3521
7106  lseek(6, 17015, SEEK_SET)         = 17015
7106  lseek(6, 0, SEEK_CUR)             = 17015
7106  close(6)                          = 0
7106  getuid()                          = 0
7106  geteuid()                         = 0
7106  getgid()                          = 0
7106  getegid()                         = 0
7106  stat("/mnt/mintdisk/home/ryan/workspace/evalserver-async/bin/../lib/auto/BSD/Resource", 0x560d8582b8c0) = -1 ENOENT (No such file or directory)
7106  stat("/home/ryan/perl5/perlbrew/perls/perl-5.24.0/lib/site_perl/5.24.0/x86_64-linux/auto/BSD/Resource", {st_mode=S_IFDIR|0755, st_size=4096, ...}) = 0
7106  stat("/home/ryan/perl5/perlbrew/perls/perl-5.24.0/lib/site_perl/5.24.0/x86_64-linux/auto/BSD/Resource/Resource.so", {st_mode=S_IFREG|0555, st_size=22384, ...}) = 0
7106  stat("/home/ryan/perl5/perlbrew/perls/perl-5.24.0/lib/site_perl/5.24.0/x86_64-linux/auto/BSD/Resource/Resource.bs", 0x560d8582b8c0) = -1 ENOENT (No such file or directory)
7106  open("/home/ryan/perl5/perlbrew/perls/perl-5.24.0/lib/site_perl/5.24.0/x86_64-linux/auto/BSD/Resource/Resource.so", O_RDONLY|O_CLOEXEC) = 6
7106  read(6, "\177ELF\2\1\1\0\0\0\0\0\0\0\0\0\3\0>\0\1\0\0\0p\17\0\0\0\0\0\0"..., 832) = 832
7106  fstat(6, {st_mode=S_IFREG|0555, st_size=22384, ...}) = 0
7106  mmap(NULL, 2113776, PROT_READ|PROT_EXEC, MAP_PRIVATE|MAP_DENYWRITE, 6, 0) = 0x7f2f5a0ff000
7106  mprotect(0x7f2f5a102000, 2097152, PROT_NONE) = 0
7106  mmap(0x7f2f5a302000, 8192, PROT_READ|PROT_WRITE, MAP_PRIVATE|MAP_FIXED|MAP_DENYWRITE, 6, 0x3000) = 0x7f2f5a302000
7106  close(6)                          = 0
7106  mprotect(0x7f2f5a302000, 4096, PROT_READ) = 0
7106  stat("/mnt/mintdisk/home/ryan/workspace/evalserver-async/bin/../lib/Unix/Mknod.pmc", 0x7fff0416b240) = -1 ENOENT (No such file or directory)
7106  stat("/mnt/mintdisk/home/ryan/workspace/evalserver-async/bin/../lib/Unix/Mknod.pm", 0x7fff0416b240) = -1 ENOENT (No such file or directory)
7106  stat("/home/ryan/perl5/perlbrew/perls/perl-5.24.0/lib/site_perl/5.24.0/x86_64-linux/Unix/Mknod.pmc", 0x7fff0416b240) = -1 ENOENT (No such file or directory)
7106  stat("/home/ryan/perl5/perlbrew/perls/perl-5.24.0/lib/site_perl/5.24.0/x86_64-linux/Unix/Mknod.pm", {st_mode=S_IFREG|0444, st_size=4933, ...}) = 0
7106  open("/home/ryan/perl5/perlbrew/perls/perl-5.24.0/lib/site_perl/5.24.0/x86_64-linux/Unix/Mknod.pm", O_RDONLY) = 6
7106  ioctl(6, TCGETS, 0x7fff0416b030)  = -1 ENOTTY (Inappropriate ioctl for device)
7106  lseek(6, 0, SEEK_CUR)             = 0
7106  read(6, "package Unix::Mknod;\n\nuse 5.006;"..., 8192) = 4933
7106  lseek(6, 702, SEEK_SET)           = 702
7106  lseek(6, 0, SEEK_CUR)             = 702
7106  close(6)                          = 0
7106  getuid()                          = 0
7106  geteuid()                         = 0
7106  getgid()                          = 0
7106  getegid()                         = 0
7106  stat("/home/ryan/perl5/perlbrew/perls/perl-5.24.0/lib/site_perl/5.24.0/x86_64-linux/auto/Unix/Mknod/Mknod.bs", 0x560d8582b8c0) = -1 ENOENT (No such file or directory)
7106  stat("/home/ryan/perl5/perlbrew/perls/perl-5.24.0/lib/site_perl/5.24.0/x86_64-linux/auto/Unix/Mknod/Mknod.so", {st_mode=S_IFREG|0555, st_size=13256, ...}) = 0
7106  open("/home/ryan/perl5/perlbrew/perls/perl-5.24.0/lib/site_perl/5.24.0/x86_64-linux/auto/Unix/Mknod/Mknod.so", O_RDONLY|O_CLOEXEC) = 6
7106  read(6, "\177ELF\2\1\1\0\0\0\0\0\0\0\0\0\3\0>\0\1\0\0\0@\v\0\0\0\0\0\0"..., 832) = 832
7106  fstat(6, {st_mode=S_IFREG|0555, st_size=13256, ...}) = 0
7106  mmap(NULL, 2105488, PROT_READ|PROT_EXEC, MAP_PRIVATE|MAP_DENYWRITE, 6, 0) = 0x7f2f59efc000
7106  mprotect(0x7f2f59efe000, 2093056, PROT_NONE) = 0
7106  mmap(0x7f2f5a0fd000, 8192, PROT_READ|PROT_WRITE, MAP_PRIVATE|MAP_FIXED|MAP_DENYWRITE, 6, 0x1000) = 0x7f2f5a0fd000
7106  close(6)                          = 0
7106  mprotect(0x7f2f5a0fd000, 4096, PROT_READ) = 0
7106  stat("/mnt/mintdisk/home/ryan/workspace/evalserver-async/bin/../lib/EvalServer/Log.pmc", 0x7fff0416b240) = -1 ENOENT (No such file or directory)
7106  stat("/mnt/mintdisk/home/ryan/workspace/evalserver-async/bin/../lib/EvalServer/Log.pm", {st_mode=S_IFREG|0644, st_size=327, ...}) = 0
7106  open("/mnt/mintdisk/home/ryan/workspace/evalserver-async/bin/../lib/EvalServer/Log.pm", O_RDONLY) = 6
7106  ioctl(6, TCGETS, 0x7fff0416b030)  = -1 ENOTTY (Inappropriate ioctl for device)
7106  lseek(6, 0, SEEK_CUR)             = 0
7106  read(6, "package EvalServer::Log;\n\nuse st"..., 8192) = 327
7106  stat("/mnt/mintdisk/home/ryan/workspace/evalserver-async/bin/../lib/Function/Parameters.pmc", 0x7fff0416ac30) = -1 ENOENT (No such file or directory)
7106  stat("/mnt/mintdisk/home/ryan/workspace/evalserver-async/bin/../lib/Function/Parameters.pm", 0x7fff0416ac30) = -1 ENOENT (No such file or directory)
7106  stat("/home/ryan/perl5/perlbrew/perls/perl-5.24.0/lib/site_perl/5.24.0/x86_64-linux/Function/Parameters.pmc", 0x7fff0416ac30) = -1 ENOENT (No such file or directory)
7106  stat("/home/ryan/perl5/perlbrew/perls/perl-5.24.0/lib/site_perl/5.24.0/x86_64-linux/Function/Parameters.pm", {st_mode=S_IFREG|0444, st_size=29591, ...}) = 0
7106  open("/home/ryan/perl5/perlbrew/perls/perl-5.24.0/lib/site_perl/5.24.0/x86_64-linux/Function/Parameters.pm", O_RDONLY) = 7
7106  ioctl(7, TCGETS, 0x7fff0416aa20)  = -1 ENOTTY (Inappropriate ioctl for device)
7106  lseek(7, 0, SEEK_CUR)             = 0
7106  read(7, "package Function::Parameters;\n\nu"..., 8192) = 8192
7106  brk(0x560d86942000)               = 0x560d86942000
7106  stat("/home/ryan/perl5/perlbrew/perls/perl-5.24.0/lib/site_perl/5.24.0/x86_64-linux/auto/Function/Parameters/Parameters.bs", 0x560d8582b8c0) = -1 ENOENT (No such file or directory)
7106  stat("/home/ryan/perl5/perlbrew/perls/perl-5.24.0/lib/site_perl/5.24.0/x86_64-linux/auto/Function/Parameters/Parameters.so", {st_mode=S_IFREG|0555, st_size=51992, ...}) = 0
7106  open("/home/ryan/perl5/perlbrew/perls/perl-5.24.0/lib/site_perl/5.24.0/x86_64-linux/auto/Function/Parameters/Parameters.so", O_RDONLY|O_CLOEXEC) = 8
7106  read(8, "\177ELF\2\1\1\0\0\0\0\0\0\0\0\0\3\0>\0\1\0\0\0\300,\0\0\0\0\0\0"..., 832) = 832
7106  fstat(8, {st_mode=S_IFREG|0555, st_size=51992, ...}) = 0
7106  mmap(NULL, 2139008, PROT_READ|PROT_EXEC, MAP_PRIVATE|MAP_DENYWRITE, 8, 0) = 0x7f2f59cf1000
7106  mprotect(0x7f2f59cfb000, 2093056, PROT_NONE) = 0
7106  mmap(0x7f2f59efa000, 8192, PROT_READ|PROT_WRITE, MAP_PRIVATE|MAP_FIXED|MAP_DENYWRITE, 8, 0x9000) = 0x7f2f59efa000
7106  close(8)                          = 0
7106  mprotect(0x7f2f59efa000, 4096, PROT_READ) = 0
7106  brk(0x560d86963000)               = 0x560d86963000
7106  read(7, ">{slurpy}),\n        (\n          "..., 8192) = 8192
7106  lseek(7, 8465, SEEK_SET)          = 8465
7106  lseek(7, 0, SEEK_CUR)             = 8465
7106  close(7)                          = 0
7106  stat("/mnt/mintdisk/home/ryan/workspace/evalserver-async/bin/../lib/EvalServer/Config.pmc", 0x7fff0416ac30) = -1 ENOENT (No such file or directory)
7106  stat("/mnt/mintdisk/home/ryan/workspace/evalserver-async/bin/../lib/EvalServer/Config.pm", {st_mode=S_IFREG|0644, st_size=1208, ...}) = 0
7106  open("/mnt/mintdisk/home/ryan/workspace/evalserver-async/bin/../lib/EvalServer/Config.pm", O_RDONLY) = 7
7106  ioctl(7, TCGETS, 0x7fff0416aa20)  = -1 ENOTTY (Inappropriate ioctl for device)
7106  lseek(7, 0, SEEK_CUR)             = 0
7106  read(7, "package EvalServer::Config;\n\nuse"..., 8192) = 1208
7106  stat("/mnt/mintdisk/home/ryan/workspace/evalserver-async/bin/../lib/TOML.pmc", 0x7fff0416a620) = -1 ENOENT (No such file or directory)
7106  stat("/mnt/mintdisk/home/ryan/workspace/evalserver-async/bin/../lib/TOML.pm", 0x7fff0416a620) = -1 ENOENT (No such file or directory)
7106  stat("/home/ryan/perl5/perlbrew/perls/perl-5.24.0/lib/site_perl/5.24.0/x86_64-linux/TOML.pmc", 0x7fff0416a620) = -1 ENOENT (No such file or directory)
7106  stat("/home/ryan/perl5/perlbrew/perls/perl-5.24.0/lib/site_perl/5.24.0/x86_64-linux/TOML.pm", 0x7fff0416a620) = -1 ENOENT (No such file or directory)
7106  stat("/home/ryan/perl5/perlbrew/perls/perl-5.24.0/lib/site_perl/5.24.0/TOML.pmc", 0x7fff0416a620) = -1 ENOENT (No such file or directory)
7106  stat("/home/ryan/perl5/perlbrew/perls/perl-5.24.0/lib/site_perl/5.24.0/TOML.pm", {st_mode=S_IFREG|0444, st_size=5172, ...}) = 0
7106  open("/home/ryan/perl5/perlbrew/perls/perl-5.24.0/lib/site_perl/5.24.0/TOML.pm", O_RDONLY) = 8
7106  ioctl(8, TCGETS, 0x7fff0416a410)  = -1 ENOTTY (Inappropriate ioctl for device)
7106  lseek(8, 0, SEEK_CUR)             = 0
7106  read(8, "package TOML;\n\n# ---------------"..., 8192) = 5172
7106  stat("/mnt/mintdisk/home/ryan/workspace/evalserver-async/bin/../lib/TOML/Parser.pmc", 0x7fff0416a010) = -1 ENOENT (No such file or directory)
7106  stat("/mnt/mintdisk/home/ryan/workspace/evalserver-async/bin/../lib/TOML/Parser.pm", 0x7fff0416a010) = -1 ENOENT (No such file or directory)
7106  stat("/home/ryan/perl5/perlbrew/perls/perl-5.24.0/lib/site_perl/5.24.0/x86_64-linux/TOML/Parser.pmc", 0x7fff0416a010) = -1 ENOENT (No such file or directory)
7106  stat("/home/ryan/perl5/perlbrew/perls/perl-5.24.0/lib/site_perl/5.24.0/x86_64-linux/TOML/Parser.pm", 0x7fff0416a010) = -1 ENOENT (No such file or directory)
7106  stat("/home/ryan/perl5/perlbrew/perls/perl-5.24.0/lib/site_perl/5.24.0/TOML/Parser.pmc", 0x7fff0416a010) = -1 ENOENT (No such file or directory)
7106  stat("/home/ryan/perl5/perlbrew/perls/perl-5.24.0/lib/site_perl/5.24.0/TOML/Parser.pm", {st_mode=S_IFREG|0444, st_size=8023, ...}) = 0
7106  open("/home/ryan/perl5/perlbrew/perls/perl-5.24.0/lib/site_perl/5.24.0/TOML/Parser.pm", O_RDONLY) = 9
7106  ioctl(9, TCGETS, 0x7fff04169e00)  = -1 ENOTTY (Inappropriate ioctl for device)
7106  lseek(9, 0, SEEK_CUR)             = 0
7106  read(9, "package TOML::Parser;\nuse 5.0100"..., 8192) = 8023
7106  stat("/mnt/mintdisk/home/ryan/workspace/evalserver-async/bin/../lib/Encode.pmc", 0x7fff04169a00) = -1 ENOENT (No such file or directory)
7106  stat("/mnt/mintdisk/home/ryan/workspace/evalserver-async/bin/../lib/Encode.pm", 0x7fff04169a00) = -1 ENOENT (No such file or directory)
7106  stat("/home/ryan/perl5/perlbrew/perls/perl-5.24.0/lib/site_perl/5.24.0/x86_64-linux/Encode.pmc", 0x7fff04169a00) = -1 ENOENT (No such file or directory)
7106  stat("/home/ryan/perl5/perlbrew/perls/perl-5.24.0/lib/site_perl/5.24.0/x86_64-linux/Encode.pm", 0x7fff04169a00) = -1 ENOENT (No such file or directory)
7106  stat("/home/ryan/perl5/perlbrew/perls/perl-5.24.0/lib/site_perl/5.24.0/Encode.pmc", 0x7fff04169a00) = -1 ENOENT (No such file or directory)
7106  stat("/home/ryan/perl5/perlbrew/perls/perl-5.24.0/lib/site_perl/5.24.0/Encode.pm", 0x7fff04169a00) = -1 ENOENT (No such file or directory)
7106  stat("/home/ryan/perl5/perlbrew/perls/perl-5.24.0/lib/5.24.0/x86_64-linux/Encode.pmc", 0x7fff04169a00) = -1 ENOENT (No such file or directory)
7106  stat("/home/ryan/perl5/perlbrew/perls/perl-5.24.0/lib/5.24.0/x86_64-linux/Encode.pm", {st_mode=S_IFREG|0444, st_size=34186, ...}) = 0
7106  open("/home/ryan/perl5/perlbrew/perls/perl-5.24.0/lib/5.24.0/x86_64-linux/Encode.pm", O_RDONLY) = 10
7106  ioctl(10, TCGETS, 0x7fff041697f0) = -1 ENOTTY (Inappropriate ioctl for device)
7106  lseek(10, 0, SEEK_CUR)            = 0
7106  read(10, "#\n# $Id: Encode.pm,v 2.80 2016/0"..., 8192) = 8192
7106  brk(0x560d86984000)               = 0x560d86984000
7106  stat("/mnt/mintdisk/home/ryan/workspace/evalserver-async/bin/../lib/Encode/Alias.pmc", 0x7fff041693f0) = -1 ENOENT (No such file or directory)
7106  stat("/mnt/mintdisk/home/ryan/workspace/evalserver-async/bin/../lib/Encode/Alias.pm", 0x7fff041693f0) = -1 ENOENT (No such file or directory)
7106  stat("/home/ryan/perl5/perlbrew/perls/perl-5.24.0/lib/site_perl/5.24.0/x86_64-linux/Encode/Alias.pmc", 0x7fff041693f0) = -1 ENOENT (No such file or directory)
7106  stat("/home/ryan/perl5/perlbrew/perls/perl-5.24.0/lib/site_perl/5.24.0/x86_64-linux/Encode/Alias.pm", 0x7fff041693f0) = -1 ENOENT (No such file or directory)
7106  stat("/home/ryan/perl5/perlbrew/perls/perl-5.24.0/lib/site_perl/5.24.0/Encode/Alias.pmc", 0x7fff041693f0) = -1 ENOENT (No such file or directory)
7106  stat("/home/ryan/perl5/perlbrew/perls/perl-5.24.0/lib/site_perl/5.24.0/Encode/Alias.pm", 0x7fff041693f0) = -1 ENOENT (No such file or directory)
7106  stat("/home/ryan/perl5/perlbrew/perls/perl-5.24.0/lib/5.24.0/x86_64-linux/Encode/Alias.pmc", 0x7fff041693f0) = -1 ENOENT (No such file or directory)
7106  stat("/home/ryan/perl5/perlbrew/perls/perl-5.24.0/lib/5.24.0/x86_64-linux/Encode/Alias.pm", {st_mode=S_IFREG|0444, st_size=12342, ...}) = 0
7106  open("/home/ryan/perl5/perlbrew/perls/perl-5.24.0/lib/5.24.0/x86_64-linux/Encode/Alias.pm", O_RDONLY) = 11
7106  ioctl(11, TCGETS, 0x7fff041691e0) = -1 ENOTTY (Inappropriate ioctl for device)
7106  lseek(11, 0, SEEK_CUR)            = 0
7106  read(11, "package Encode::Alias;\nuse stric"..., 8192) = 8192
7106  brk(0x560d869a5000)               = 0x560d869a5000
7106  read(11, "   => '\"big5-eten\"' );\n        d"..., 8192) = 4150
7106  lseek(11, 8852, SEEK_SET)         = 8852
7106  lseek(11, 0, SEEK_CUR)            = 8852
7106  close(11)                         = 0
7106  brk(0x560d869c7000)               = 0x560d869c7000
7106  read(10, " {\n            my ( undef, $str,"..., 8192) = 8192
7106  brk(0x560d869e8000)               = 0x560d869e8000
7106  stat("/mnt/mintdisk/home/ryan/workspace/evalserver-async/bin/../lib/bytes.pmc", 0x7fff041693f0) = -1 ENOENT (No such file or directory)
7106  stat("/mnt/mintdisk/home/ryan/workspace/evalserver-async/bin/../lib/bytes.pm", 0x7fff041693f0) = -1 ENOENT (No such file or directory)
7106  stat("/home/ryan/perl5/perlbrew/perls/perl-5.24.0/lib/site_perl/5.24.0/x86_64-linux/bytes.pmc", 0x7fff041693f0) = -1 ENOENT (No such file or directory)
7106  stat("/home/ryan/perl5/perlbrew/perls/perl-5.24.0/lib/site_perl/5.24.0/x86_64-linux/bytes.pm", 0x7fff041693f0) = -1 ENOENT (No such file or directory)
7106  stat("/home/ryan/perl5/perlbrew/perls/perl-5.24.0/lib/site_perl/5.24.0/bytes.pmc", 0x7fff041693f0) = -1 ENOENT (No such file or directory)
7106  stat("/home/ryan/perl5/perlbrew/perls/perl-5.24.0/lib/site_perl/5.24.0/bytes.pm", 0x7fff041693f0) = -1 ENOENT (No such file or directory)
7106  stat("/home/ryan/perl5/perlbrew/perls/perl-5.24.0/lib/5.24.0/x86_64-linux/bytes.pmc", 0x7fff041693f0) = -1 ENOENT (No such file or directory)
7106  stat("/home/ryan/perl5/perlbrew/perls/perl-5.24.0/lib/5.24.0/x86_64-linux/bytes.pm", 0x7fff041693f0) = -1 ENOENT (No such file or directory)
7106  stat("/home/ryan/perl5/perlbrew/perls/perl-5.24.0/lib/5.24.0/bytes.pmc", 0x7fff041693f0) = -1 ENOENT (No such file or directory)
7106  stat("/home/ryan/perl5/perlbrew/perls/perl-5.24.0/lib/5.24.0/bytes.pm", {st_mode=S_IFREG|0444, st_size=3754, ...}) = 0
7106  open("/home/ryan/perl5/perlbrew/perls/perl-5.24.0/lib/5.24.0/bytes.pm", O_RDONLY) = 11
7106  ioctl(11, TCGETS, 0x7fff041691e0) = -1 ENOTTY (Inappropriate ioctl for device)
7106  lseek(11, 0, SEEK_CUR)            = 0
7106  read(11, "package bytes;\n\nour $VERSION = '"..., 8192) = 3754
7106  lseek(11, 446, SEEK_SET)          = 446
7106  lseek(11, 0, SEEK_CUR)            = 446
7106  close(11)                         = 0
7106  lseek(10, 10410, SEEK_SET)        = 10410
7106  lseek(10, 0, SEEK_CUR)            = 10410
7106  close(10)                         = 0
7106  stat("/home/ryan/perl5/perlbrew/perls/perl-5.24.0/lib/5.24.0/x86_64-linux/auto/Encode/Encode.bs", 0x560d8582b8c0) = -1 ENOENT (No such file or directory)
7106  stat("/home/ryan/perl5/perlbrew/perls/perl-5.24.0/lib/5.24.0/x86_64-linux/auto/Encode/Encode.so", {st_mode=S_IFREG|0555, st_size=51616, ...}) = 0
7106  open("/home/ryan/perl5/perlbrew/perls/perl-5.24.0/lib/5.24.0/x86_64-linux/auto/Encode/Encode.so", O_RDONLY|O_CLOEXEC) = 10
7106  read(10, "\177ELF\2\1\1\0\0\0\0\0\0\0\0\0\3\0>\0\1\0\0\0\20*\0\0\0\0\0\0"..., 832) = 832
7106  fstat(10, {st_mode=S_IFREG|0555, st_size=51616, ...}) = 0
7106  mmap(NULL, 2138608, PROT_READ|PROT_EXEC, MAP_PRIVATE|MAP_DENYWRITE, 10, 0) = 0x7f2f59ae6000
7106  mprotect(0x7f2f59aef000, 2097152, PROT_NONE) = 0
7106  mmap(0x7f2f59cef000, 8192, PROT_READ|PROT_WRITE, MAP_PRIVATE|MAP_FIXED|MAP_DENYWRITE, 10, 0x9000) = 0x7f2f59cef000
7106  close(10)                         = 0
7106  mprotect(0x7f2f59cef000, 4096, PROT_READ) = 0
7106  stat("/mnt/mintdisk/home/ryan/workspace/evalserver-async/bin/../lib/Encode/Config.pmc", 0x7fff04169a00) = -1 ENOENT (No such file or directory)
7106  stat("/mnt/mintdisk/home/ryan/workspace/evalserver-async/bin/../lib/Encode/Config.pm", 0x7fff04169a00) = -1 ENOENT (No such file or directory)
7106  stat("/home/ryan/perl5/perlbrew/perls/perl-5.24.0/lib/site_perl/5.24.0/x86_64-linux/Encode/Config.pmc", 0x7fff04169a00) = -1 ENOENT (No such file or directory)
7106  stat("/home/ryan/perl5/perlbrew/perls/perl-5.24.0/lib/site_perl/5.24.0/x86_64-linux/Encode/Config.pm", 0x7fff04169a00) = -1 ENOENT (No such file or directory)
7106  stat("/home/ryan/perl5/perlbrew/perls/perl-5.24.0/lib/site_perl/5.24.0/Encode/Config.pmc", 0x7fff04169a00) = -1 ENOENT (No such file or directory)
7106  stat("/home/ryan/perl5/perlbrew/perls/perl-5.24.0/lib/site_perl/5.24.0/Encode/Config.pm", 0x7fff04169a00) = -1 ENOENT (No such file or directory)
7106  stat("/home/ryan/perl5/perlbrew/perls/perl-5.24.0/lib/5.24.0/x86_64-linux/Encode/Config.pmc", 0x7fff04169a00) = -1 ENOENT (No such file or directory)
7106  stat("/home/ryan/perl5/perlbrew/perls/perl-5.24.0/lib/5.24.0/x86_64-linux/Encode/Config.pm", {st_mode=S_IFREG|0444, st_size=6065, ...}) = 0
7106  open("/home/ryan/perl5/perlbrew/perls/perl-5.24.0/lib/5.24.0/x86_64-linux/Encode/Config.pm", O_RDONLY) = 10
7106  ioctl(10, TCGETS, 0x7fff041697f0) = -1 ENOTTY (Inappropriate ioctl for device)
7106  lseek(10, 0, SEEK_CUR)            = 0
7106  read(10, "#\n# Demand-load module list\n#\npa"..., 8192) = 6065
7106  brk(0x560d86a09000)               = 0x560d86a09000
7106  lseek(10, 6001, SEEK_SET)         = 6001
7106  lseek(10, 0, SEEK_CUR)            = 6001
7106  close(10)                         = 0
7106  stat("/mnt/mintdisk/home/ryan/workspace/evalserver-async/bin/../lib/Encode/ConfigLocal.pmc", 0x7fff04169a00) = -1 ENOENT (No such file or directory)
7106  stat("/mnt/mintdisk/home/ryan/workspace/evalserver-async/bin/../lib/Encode/ConfigLocal.pm", 0x7fff04169a00) = -1 ENOENT (No such file or directory)
7106  stat("/home/ryan/perl5/perlbrew/perls/perl-5.24.0/lib/site_perl/5.24.0/x86_64-linux/Encode/ConfigLocal.pmc", 0x7fff04169a00) = -1 ENOENT (No such file or directory)
7106  stat("/home/ryan/perl5/perlbrew/perls/perl-5.24.0/lib/site_perl/5.24.0/x86_64-linux/Encode/ConfigLocal.pm", 0x7fff04169a00) = -1 ENOENT (No such file or directory)
7106  stat("/home/ryan/perl5/perlbrew/perls/perl-5.24.0/lib/site_perl/5.24.0/Encode/ConfigLocal.pmc", 0x7fff04169a00) = -1 ENOENT (No such file or directory)
7106  stat("/home/ryan/perl5/perlbrew/perls/perl-5.24.0/lib/site_perl/5.24.0/Encode/ConfigLocal.pm", 0x7fff04169a00) = -1 ENOENT (No such file or directory)
7106  stat("/home/ryan/perl5/perlbrew/perls/perl-5.24.0/lib/5.24.0/x86_64-linux/Encode/ConfigLocal.pmc", 0x7fff04169a00) = -1 ENOENT (No such file or directory)
7106  stat("/home/ryan/perl5/perlbrew/perls/perl-5.24.0/lib/5.24.0/x86_64-linux/Encode/ConfigLocal.pm", 0x7fff04169a00) = -1 ENOENT (No such file or directory)
7106  stat("/home/ryan/perl5/perlbrew/perls/perl-5.24.0/lib/5.24.0/Encode/ConfigLocal.pmc", 0x7fff04169a00) = -1 ENOENT (No such file or directory)
7106  stat("/home/ryan/perl5/perlbrew/perls/perl-5.24.0/lib/5.24.0/Encode/ConfigLocal.pm", 0x7fff04169a00) = -1 ENOENT (No such file or directory)
7106  stat("./Encode/ConfigLocal.pmc", 0x7fff04169a00) = -1 ENOENT (No such file or directory)
7106  stat("./Encode/ConfigLocal.pm", 0x7fff04169a00) = -1 ENOENT (No such file or directory)
7106  stat("/mnt/mintdisk/home/ryan/workspace/evalserver-async/bin/../lib/Encode/Encoding.pmc", 0x7fff04169a00) = -1 ENOENT (No such file or directory)
7106  stat("/mnt/mintdisk/home/ryan/workspace/evalserver-async/bin/../lib/Encode/Encoding.pm", 0x7fff04169a00) = -1 ENOENT (No such file or directory)
7106  stat("/home/ryan/perl5/perlbrew/perls/perl-5.24.0/lib/site_perl/5.24.0/x86_64-linux/Encode/Encoding.pmc", 0x7fff04169a00) = -1 ENOENT (No such file or directory)
7106  stat("/home/ryan/perl5/perlbrew/perls/perl-5.24.0/lib/site_perl/5.24.0/x86_64-linux/Encode/Encoding.pm", 0x7fff04169a00) = -1 ENOENT (No such file or directory)
7106  stat("/home/ryan/perl5/perlbrew/perls/perl-5.24.0/lib/site_perl/5.24.0/Encode/Encoding.pmc", 0x7fff04169a00) = -1 ENOENT (No such file or directory)
7106  stat("/home/ryan/perl5/perlbrew/perls/perl-5.24.0/lib/site_perl/5.24.0/Encode/Encoding.pm", 0x7fff04169a00) = -1 ENOENT (No such file or directory)
7106  stat("/home/ryan/perl5/perlbrew/perls/perl-5.24.0/lib/5.24.0/x86_64-linux/Encode/Encoding.pmc", 0x7fff04169a00) = -1 ENOENT (No such file or directory)
7106  stat("/home/ryan/perl5/perlbrew/perls/perl-5.24.0/lib/5.24.0/x86_64-linux/Encode/Encoding.pm", {st_mode=S_IFREG|0444, st_size=9097, ...}) = 0
7106  open("/home/ryan/perl5/perlbrew/perls/perl-5.24.0/lib/5.24.0/x86_64-linux/Encode/Encoding.pm", O_RDONLY) = 10
7106  ioctl(10, TCGETS, 0x7fff041697f0) = -1 ENOTTY (Inappropriate ioctl for device)
7106  lseek(10, 0, SEEK_CUR)            = 0
7106  read(10, "package Encode::Encoding;\n\n# Bas"..., 8192) = 8192
7106  lseek(10, 1496, SEEK_SET)         = 1496
7106  lseek(10, 0, SEEK_CUR)            = 1496
7106  close(10)                         = 0
7106  stat("/mnt/mintdisk/home/ryan/workspace/evalserver-async/bin/../lib/TOML/Parser/Tokenizer.pmc", 0x7fff04169a00) = -1 ENOENT (No such file or directory)
7106  stat("/mnt/mintdisk/home/ryan/workspace/evalserver-async/bin/../lib/TOML/Parser/Tokenizer.pm", 0x7fff04169a00) = -1 ENOENT (No such file or directory)
7106  stat("/home/ryan/perl5/perlbrew/perls/perl-5.24.0/lib/site_perl/5.24.0/x86_64-linux/TOML/Parser/Tokenizer.pmc", 0x7fff04169a00) = -1 ENOENT (No such file or directory)
7106  stat("/home/ryan/perl5/perlbrew/perls/perl-5.24.0/lib/site_perl/5.24.0/x86_64-linux/TOML/Parser/Tokenizer.pm", 0x7fff04169a00) = -1 ENOENT (No such file or directory)
7106  stat("/home/ryan/perl5/perlbrew/perls/perl-5.24.0/lib/site_perl/5.24.0/TOML/Parser/Tokenizer.pmc", 0x7fff04169a00) = -1 ENOENT (No such file or directory)
7106  stat("/home/ryan/perl5/perlbrew/perls/perl-5.24.0/lib/site_perl/5.24.0/TOML/Parser/Tokenizer.pm", {st_mode=S_IFREG|0444, st_size=11428, ...}) = 0
7106  open("/home/ryan/perl5/perlbrew/perls/perl-5.24.0/lib/site_perl/5.24.0/TOML/Parser/Tokenizer.pm", O_RDONLY) = 10
7106  ioctl(10, TCGETS, 0x7fff041697f0) = -1 ENOTTY (Inappropriate ioctl for device)
7106  lseek(10, 0, SEEK_CUR)            = 0
7106  read(10, "package TOML::Parser::Tokenizer;"..., 8192) = 8192
7106  brk(0x560d86a2a000)               = 0x560d86a2a000
7106  read(10, "@keys ]}\" if DEBUG;\n    return ["..., 8192) = 3236
7106  close(10)                         = 0
7106  stat("/mnt/mintdisk/home/ryan/workspace/evalserver-async/bin/../lib/TOML/Parser/Tokenizer/Strict.pmc", 0x7fff04169a00) = -1 ENOENT (No such file or directory)
7106  stat("/mnt/mintdisk/home/ryan/workspace/evalserver-async/bin/../lib/TOML/Parser/Tokenizer/Strict.pm", 0x7fff04169a00) = -1 ENOENT (No such file or directory)
7106  stat("/home/ryan/perl5/perlbrew/perls/perl-5.24.0/lib/site_perl/5.24.0/x86_64-linux/TOML/Parser/Tokenizer/Strict.pmc", 0x7fff04169a00) = -1 ENOENT (No such file or directory)
7106  stat("/home/ryan/perl5/perlbrew/perls/perl-5.24.0/lib/site_perl/5.24.0/x86_64-linux/TOML/Parser/Tokenizer/Strict.pm", 0x7fff04169a00) = -1 ENOENT (No such file or directory)
7106  stat("/home/ryan/perl5/perlbrew/perls/perl-5.24.0/lib/site_perl/5.24.0/TOML/Parser/Tokenizer/Strict.pmc", 0x7fff04169a00) = -1 ENOENT (No such file or directory)
7106  stat("/home/ryan/perl5/perlbrew/perls/perl-5.24.0/lib/site_perl/5.24.0/TOML/Parser/Tokenizer/Strict.pm", {st_mode=S_IFREG|0444, st_size=763, ...}) = 0
7106  open("/home/ryan/perl5/perlbrew/perls/perl-5.24.0/lib/site_perl/5.24.0/TOML/Parser/Tokenizer/Strict.pm", O_RDONLY) = 10
7106  ioctl(10, TCGETS, 0x7fff041697f0) = -1 ENOTTY (Inappropriate ioctl for device)
7106  lseek(10, 0, SEEK_CUR)            = 0
7106  read(10, "package TOML::Parser::Tokenizer:"..., 8192) = 763
7106  stat("/mnt/mintdisk/home/ryan/workspace/evalserver-async/bin/../lib/parent.pmc", 0x7fff041693f0) = -1 ENOENT (No such file or directory)
7106  stat("/mnt/mintdisk/home/ryan/workspace/evalserver-async/bin/../lib/parent.pm", 0x7fff041693f0) = -1 ENOENT (No such file or directory)
7106  stat("/home/ryan/perl5/perlbrew/perls/perl-5.24.0/lib/site_perl/5.24.0/x86_64-linux/parent.pmc", 0x7fff041693f0) = -1 ENOENT (No such file or directory)
7106  stat("/home/ryan/perl5/perlbrew/perls/perl-5.24.0/lib/site_perl/5.24.0/x86_64-linux/parent.pm", 0x7fff041693f0) = -1 ENOENT (No such file or directory)
7106  stat("/home/ryan/perl5/perlbrew/perls/perl-5.24.0/lib/site_perl/5.24.0/parent.pmc", 0x7fff041693f0) = -1 ENOENT (No such file or directory)
7106  stat("/home/ryan/perl5/perlbrew/perls/perl-5.24.0/lib/site_perl/5.24.0/parent.pm", 0x7fff041693f0) = -1 ENOENT (No such file or directory)
7106  stat("/home/ryan/perl5/perlbrew/perls/perl-5.24.0/lib/5.24.0/x86_64-linux/parent.pmc", 0x7fff041693f0) = -1 ENOENT (No such file or directory)
7106  stat("/home/ryan/perl5/perlbrew/perls/perl-5.24.0/lib/5.24.0/x86_64-linux/parent.pm", 0x7fff041693f0) = -1 ENOENT (No such file or directory)
7106  stat("/home/ryan/perl5/perlbrew/perls/perl-5.24.0/lib/5.24.0/parent.pmc", 0x7fff041693f0) = -1 ENOENT (No such file or directory)
7106  stat("/home/ryan/perl5/perlbrew/perls/perl-5.24.0/lib/5.24.0/parent.pm", {st_mode=S_IFREG|0444, st_size=2592, ...}) = 0
7106  open("/home/ryan/perl5/perlbrew/perls/perl-5.24.0/lib/5.24.0/parent.pm", O_RDONLY) = 11
7106  ioctl(11, TCGETS, 0x7fff041691e0) = -1 ENOTTY (Inappropriate ioctl for device)
7106  lseek(11, 0, SEEK_CUR)            = 0
7106  read(11, "package parent;\nuse strict;\nuse "..., 8192) = 2592
7106  lseek(11, 478, SEEK_SET)          = 478
7106  lseek(11, 0, SEEK_CUR)            = 478
7106  close(11)                         = 0
7106  close(10)                         = 0
7106  stat("/mnt/mintdisk/home/ryan/workspace/evalserver-async/bin/../lib/TOML/Parser/Util.pmc", 0x7fff04169a00) = -1 ENOENT (No such file or directory)
7106  stat("/mnt/mintdisk/home/ryan/workspace/evalserver-async/bin/../lib/TOML/Parser/Util.pm", 0x7fff04169a00) = -1 ENOENT (No such file or directory)
7106  stat("/home/ryan/perl5/perlbrew/perls/perl-5.24.0/lib/site_perl/5.24.0/x86_64-linux/TOML/Parser/Util.pmc", 0x7fff04169a00) = -1 ENOENT (No such file or directory)
7106  stat("/home/ryan/perl5/perlbrew/perls/perl-5.24.0/lib/site_perl/5.24.0/x86_64-linux/TOML/Parser/Util.pm", 0x7fff04169a00) = -1 ENOENT (No such file or directory)
7106  stat("/home/ryan/perl5/perlbrew/perls/perl-5.24.0/lib/site_perl/5.24.0/TOML/Parser/Util.pmc", 0x7fff04169a00) = -1 ENOENT (No such file or directory)
7106  stat("/home/ryan/perl5/perlbrew/perls/perl-5.24.0/lib/site_perl/5.24.0/TOML/Parser/Util.pm", {st_mode=S_IFREG|0444, st_size=892, ...}) = 0
7106  open("/home/ryan/perl5/perlbrew/perls/perl-5.24.0/lib/site_perl/5.24.0/TOML/Parser/Util.pm", O_RDONLY) = 10
7106  ioctl(10, TCGETS, 0x7fff041697f0) = -1 ENOTTY (Inappropriate ioctl for device)
7106  lseek(10, 0, SEEK_CUR)            = 0
7106  read(10, "package TOML::Parser::Util;\nuse "..., 8192) = 892
7106  brk(0x560d86a4b000)               = 0x560d86a4b000
7106  close(10)                         = 0
7106  stat("/mnt/mintdisk/home/ryan/workspace/evalserver-async/bin/../lib/Types/Serialiser.pmc", 0x7fff04169a00) = -1 ENOENT (No such file or directory)
7106  stat("/mnt/mintdisk/home/ryan/workspace/evalserver-async/bin/../lib/Types/Serialiser.pm", 0x7fff04169a00) = -1 ENOENT (No such file or directory)
7106  stat("/home/ryan/perl5/perlbrew/perls/perl-5.24.0/lib/site_perl/5.24.0/x86_64-linux/Types/Serialiser.pmc", 0x7fff04169a00) = -1 ENOENT (No such file or directory)
7106  stat("/home/ryan/perl5/perlbrew/perls/perl-5.24.0/lib/site_perl/5.24.0/x86_64-linux/Types/Serialiser.pm", 0x7fff04169a00) = -1 ENOENT (No such file or directory)
7106  stat("/home/ryan/perl5/perlbrew/perls/perl-5.24.0/lib/site_perl/5.24.0/Types/Serialiser.pmc", 0x7fff04169a00) = -1 ENOENT (No such file or directory)
7106  stat("/home/ryan/perl5/perlbrew/perls/perl-5.24.0/lib/site_perl/5.24.0/Types/Serialiser.pm", {st_mode=S_IFREG|0444, st_size=8751, ...}) = 0
7106  open("/home/ryan/perl5/perlbrew/perls/perl-5.24.0/lib/site_perl/5.24.0/Types/Serialiser.pm", O_RDONLY) = 10
7106  ioctl(10, TCGETS, 0x7fff041697f0) = -1 ENOTTY (Inappropriate ioctl for device)
7106  lseek(10, 0, SEEK_CUR)            = 0
7106  read(10, "=head1 NAME\n\nTypes::Serialiser -"..., 8192) = 8192
7106  stat("/mnt/mintdisk/home/ryan/workspace/evalserver-async/bin/../lib/common/sense.pmc", 0x7fff041693f0) = -1 ENOENT (No such file or directory)
7106  stat("/mnt/mintdisk/home/ryan/workspace/evalserver-async/bin/../lib/common/sense.pm", 0x7fff041693f0) = -1 ENOENT (No such file or directory)
7106  stat("/home/ryan/perl5/perlbrew/perls/perl-5.24.0/lib/site_perl/5.24.0/x86_64-linux/common/sense.pmc", 0x7fff041693f0) = -1 ENOENT (No such file or directory)
7106  stat("/home/ryan/perl5/perlbrew/perls/perl-5.24.0/lib/site_perl/5.24.0/x86_64-linux/common/sense.pm", {st_mode=S_IFREG|0444, st_size=492, ...}) = 0
7106  open("/home/ryan/perl5/perlbrew/perls/perl-5.24.0/lib/site_perl/5.24.0/x86_64-linux/common/sense.pm", O_RDONLY) = 11
7106  ioctl(11, TCGETS, 0x7fff041691e0) = -1 ENOTTY (Inappropriate ioctl for device)
7106  lseek(11, 0, SEEK_CUR)            = 0
7106  read(11, "package common::sense;\n\nour $VER"..., 8192) = 492
7106  read(11, "", 8192)                = 0
7106  close(11)                         = 0
7106  read(10, "::FREEZE {\n      my ($self, $mod"..., 8192) = 559
7106  read(10, "", 8192)                = 0
7106  close(10)                         = 0
7106  getuid()                          = 0
7106  geteuid()                         = 0
7106  getgid()                          = 0
7106  getegid()                         = 0
7106  brk(0x560d86a6c000)               = 0x560d86a6c000
7106  lseek(9, 5661, SEEK_SET)          = 5661
7106  lseek(9, 0, SEEK_CUR)             = 5661
7106  close(9)                          = 0
7106  lseek(8, 2670, SEEK_SET)          = 2670
7106  lseek(8, 0, SEEK_CUR)             = 2670
7106  close(8)                          = 0
7106  stat("/mnt/mintdisk/home/ryan/workspace/evalserver-async/bin/../lib/File/Slurper.pmc", 0x7fff0416a620) = -1 ENOENT (No such file or directory)
7106  stat("/mnt/mintdisk/home/ryan/workspace/evalserver-async/bin/../lib/File/Slurper.pm", 0x7fff0416a620) = -1 ENOENT (No such file or directory)
7106  stat("/home/ryan/perl5/perlbrew/perls/perl-5.24.0/lib/site_perl/5.24.0/x86_64-linux/File/Slurper.pmc", 0x7fff0416a620) = -1 ENOENT (No such file or directory)
7106  stat("/home/ryan/perl5/perlbrew/perls/perl-5.24.0/lib/site_perl/5.24.0/x86_64-linux/File/Slurper.pm", 0x7fff0416a620) = -1 ENOENT (No such file or directory)
7106  stat("/home/ryan/perl5/perlbrew/perls/perl-5.24.0/lib/site_perl/5.24.0/File/Slurper.pmc", 0x7fff0416a620) = -1 ENOENT (No such file or directory)
7106  stat("/home/ryan/perl5/perlbrew/perls/perl-5.24.0/lib/site_perl/5.24.0/File/Slurper.pm", {st_mode=S_IFREG|0444, st_size=6002, ...}) = 0
7106  open("/home/ryan/perl5/perlbrew/perls/perl-5.24.0/lib/site_perl/5.24.0/File/Slurper.pm", O_RDONLY) = 8
7106  ioctl(8, TCGETS, 0x7fff0416a410)  = -1 ENOTTY (Inappropriate ioctl for device)
7106  lseek(8, 0, SEEK_CUR)             = 0
7106  read(8, "package File::Slurper;\n$File::Sl"..., 8192) = 6002
7106  stat("/mnt/mintdisk/home/ryan/workspace/evalserver-async/bin/../lib/PerlIO/encoding.pmc", 0x7fff0416a010) = -1 ENOENT (No such file or directory)
7106  stat("/mnt/mintdisk/home/ryan/workspace/evalserver-async/bin/../lib/PerlIO/encoding.pm", 0x7fff0416a010) = -1 ENOENT (No such file or directory)
7106  stat("/home/ryan/perl5/perlbrew/perls/perl-5.24.0/lib/site_perl/5.24.0/x86_64-linux/PerlIO/encoding.pmc", 0x7fff0416a010) = -1 ENOENT (No such file or directory)
7106  stat("/home/ryan/perl5/perlbrew/perls/perl-5.24.0/lib/site_perl/5.24.0/x86_64-linux/PerlIO/encoding.pm", 0x7fff0416a010) = -1 ENOENT (No such file or directory)
7106  stat("/home/ryan/perl5/perlbrew/perls/perl-5.24.0/lib/site_perl/5.24.0/PerlIO/encoding.pmc", 0x7fff0416a010) = -1 ENOENT (No such file or directory)
7106  stat("/home/ryan/perl5/perlbrew/perls/perl-5.24.0/lib/site_perl/5.24.0/PerlIO/encoding.pm", 0x7fff0416a010) = -1 ENOENT (No such file or directory)
7106  stat("/home/ryan/perl5/perlbrew/perls/perl-5.24.0/lib/5.24.0/x86_64-linux/PerlIO/encoding.pmc", 0x7fff0416a010) = -1 ENOENT (No such file or directory)
7106  stat("/home/ryan/perl5/perlbrew/perls/perl-5.24.0/lib/5.24.0/x86_64-linux/PerlIO/encoding.pm", {st_mode=S_IFREG|0444, st_size=1219, ...}) = 0
7106  open("/home/ryan/perl5/perlbrew/perls/perl-5.24.0/lib/5.24.0/x86_64-linux/PerlIO/encoding.pm", O_RDONLY) = 9
7106  ioctl(9, TCGETS, 0x7fff04169e00)  = -1 ENOTTY (Inappropriate ioctl for device)
7106  lseek(9, 0, SEEK_CUR)             = 0
7106  read(9, "package PerlIO::encoding;\n\nuse s"..., 8192) = 1219
7106  lseek(9, 370, SEEK_SET)           = 370
7106  lseek(9, 0, SEEK_CUR)             = 370
7106  close(9)                          = 0
7106  stat("/home/ryan/perl5/perlbrew/perls/perl-5.24.0/lib/5.24.0/x86_64-linux/auto/PerlIO/encoding/encoding.bs", 0x560d8582b8c0) = -1 ENOENT (No such file or directory)
7106  stat("/home/ryan/perl5/perlbrew/perls/perl-5.24.0/lib/5.24.0/x86_64-linux/auto/PerlIO/encoding/encoding.so", {st_mode=S_IFREG|0555, st_size=33144, ...}) = 0
7106  open("/home/ryan/perl5/perlbrew/perls/perl-5.24.0/lib/5.24.0/x86_64-linux/auto/PerlIO/encoding/encoding.so", O_RDONLY|O_CLOEXEC) = 9
7106  read(9, "\177ELF\2\1\1\0\0\0\0\0\0\0\0\0\3\0>\0\1\0\0\0p \0\0\0\0\0\0"..., 832) = 832
7106  fstat(9, {st_mode=S_IFREG|0555, st_size=33144, ...}) = 0
7106  mmap(NULL, 2122256, PROT_READ|PROT_EXEC, MAP_PRIVATE|MAP_DENYWRITE, 9, 0) = 0x7f2f598df000
7106  mprotect(0x7f2f598e5000, 2093056, PROT_NONE) = 0
7106  mmap(0x7f2f59ae4000, 8192, PROT_READ|PROT_WRITE, MAP_PRIVATE|MAP_FIXED|MAP_DENYWRITE, 9, 0x5000) = 0x7f2f59ae4000
7106  close(9)                          = 0
7106  mprotect(0x7f2f59ae4000, 4096, PROT_READ) = 0
7106  stat("/mnt/mintdisk/home/ryan/workspace/evalserver-async/bin/../lib/PerlIO/utf8_strict.pmc", 0x7fff0416a010) = -1 ENOENT (No such file or directory)
7106  stat("/mnt/mintdisk/home/ryan/workspace/evalserver-async/bin/../lib/PerlIO/utf8_strict.pm", 0x7fff0416a010) = -1 ENOENT (No such file or directory)
7106  stat("/home/ryan/perl5/perlbrew/perls/perl-5.24.0/lib/site_perl/5.24.0/x86_64-linux/PerlIO/utf8_strict.pmc", 0x7fff0416a010) = -1 ENOENT (No such file or directory)
7106  stat("/home/ryan/perl5/perlbrew/perls/perl-5.24.0/lib/site_perl/5.24.0/x86_64-linux/PerlIO/utf8_strict.pm", {st_mode=S_IFREG|0444, st_size=1625, ...}) = 0
7106  open("/home/ryan/perl5/perlbrew/perls/perl-5.24.0/lib/site_perl/5.24.0/x86_64-linux/PerlIO/utf8_strict.pm", O_RDONLY) = 9
7106  ioctl(9, TCGETS, 0x7fff04169e00)  = -1 ENOTTY (Inappropriate ioctl for device)
7106  lseek(9, 0, SEEK_CUR)             = 0
7106  read(9, "package PerlIO::utf8_strict;\n$Pe"..., 8192) = 1625
7106  lseek(9, 214, SEEK_SET)           = 214
7106  lseek(9, 0, SEEK_CUR)             = 214
7106  close(9)                          = 0
7106  stat("/home/ryan/perl5/perlbrew/perls/perl-5.24.0/lib/site_perl/5.24.0/x86_64-linux/auto/PerlIO/utf8_strict/utf8_strict.bs", 0x560d8582b8c0) = -1 ENOENT (No such file or directory)
7106  stat("/home/ryan/perl5/perlbrew/perls/perl-5.24.0/lib/site_perl/5.24.0/x86_64-linux/auto/PerlIO/utf8_strict/utf8_strict.so", {st_mode=S_IFREG|0555, st_size=18624, ...}) = 0
7106  open("/home/ryan/perl5/perlbrew/perls/perl-5.24.0/lib/site_perl/5.24.0/x86_64-linux/auto/PerlIO/utf8_strict/utf8_strict.so", O_RDONLY|O_CLOEXEC) = 9
7106  read(9, "\177ELF\2\1\1\0\0\0\0\0\0\0\0\0\3\0>\0\1\0\0\0\20\23\0\0\0\0\0\0"..., 832) = 832
7106  fstat(9, {st_mode=S_IFREG|0555, st_size=18624, ...}) = 0
7106  mmap(NULL, 2109648, PROT_READ|PROT_EXEC, MAP_PRIVATE|MAP_DENYWRITE, 9, 0) = 0x7f2f596db000
7106  mprotect(0x7f2f596de000, 2093056, PROT_NONE) = 0
7106  mmap(0x7f2f598dd000, 8192, PROT_READ|PROT_WRITE, MAP_PRIVATE|MAP_FIXED|MAP_DENYWRITE, 9, 0x2000) = 0x7f2f598dd000
7106  close(9)                          = 0
7106  mprotect(0x7f2f598dd000, 4096, PROT_READ) = 0
7106  brk(0x560d86a8d000)               = 0x560d86a8d000
7106  lseek(8, 2794, SEEK_SET)          = 2794
7106  lseek(8, 0, SEEK_CUR)             = 2794
7106  close(8)                          = 0
7106  stat("/mnt/mintdisk/home/ryan/workspace/evalserver-async/bin/../lib/Data/Dumper.pmc", 0x7fff0416a620) = -1 ENOENT (No such file or directory)
7106  stat("/mnt/mintdisk/home/ryan/workspace/evalserver-async/bin/../lib/Data/Dumper.pm", 0x7fff0416a620) = -1 ENOENT (No such file or directory)
7106  stat("/home/ryan/perl5/perlbrew/perls/perl-5.24.0/lib/site_perl/5.24.0/x86_64-linux/Data/Dumper.pmc", 0x7fff0416a620) = -1 ENOENT (No such file or directory)
7106  stat("/home/ryan/perl5/perlbrew/perls/perl-5.24.0/lib/site_perl/5.24.0/x86_64-linux/Data/Dumper.pm", 0x7fff0416a620) = -1 ENOENT (No such file or directory)
7106  stat("/home/ryan/perl5/perlbrew/perls/perl-5.24.0/lib/site_perl/5.24.0/Data/Dumper.pmc", 0x7fff0416a620) = -1 ENOENT (No such file or directory)
7106  stat("/home/ryan/perl5/perlbrew/perls/perl-5.24.0/lib/site_perl/5.24.0/Data/Dumper.pm", 0x7fff0416a620) = -1 ENOENT (No such file or directory)
7106  stat("/home/ryan/perl5/perlbrew/perls/perl-5.24.0/lib/5.24.0/x86_64-linux/Data/Dumper.pmc", 0x7fff0416a620) = -1 ENOENT (No such file or directory)
7106  stat("/home/ryan/perl5/perlbrew/perls/perl-5.24.0/lib/5.24.0/x86_64-linux/Data/Dumper.pm", {st_mode=S_IFREG|0444, st_size=46002, ...}) = 0
7106  open("/home/ryan/perl5/perlbrew/perls/perl-5.24.0/lib/5.24.0/x86_64-linux/Data/Dumper.pm", O_RDONLY) = 8
7106  ioctl(8, TCGETS, 0x7fff0416a410)  = -1 ENOTTY (Inappropriate ioctl for device)
7106  lseek(8, 0, SEEK_CUR)             = 0
7106  read(8, "#\n# Data/Dumper.pm\n#\n# convert p"..., 8192) = 8192
7106  getuid()                          = 0
7106  geteuid()                         = 0
7106  getgid()                          = 0
7106  getegid()                         = 0
7106  stat("/home/ryan/perl5/perlbrew/perls/perl-5.24.0/lib/5.24.0/x86_64-linux/auto/Data/Dumper/Dumper.bs", 0x560d8582b8c0) = -1 ENOENT (No such file or directory)
7106  stat("/home/ryan/perl5/perlbrew/perls/perl-5.24.0/lib/5.24.0/x86_64-linux/auto/Data/Dumper/Dumper.so", {st_mode=S_IFREG|0555, st_size=40912, ...}) = 0
7106  open("/home/ryan/perl5/perlbrew/perls/perl-5.24.0/lib/5.24.0/x86_64-linux/auto/Data/Dumper/Dumper.so", O_RDONLY|O_CLOEXEC) = 9
7106  read(9, "\177ELF\2\1\1\0\0\0\0\0\0\0\0\0\3\0>\0\1\0\0\0p\36\0\0\0\0\0\0"..., 832) = 832
7106  fstat(9, {st_mode=S_IFREG|0555, st_size=40912, ...}) = 0
7106  mmap(NULL, 2130472, PROT_READ|PROT_EXEC, MAP_PRIVATE|MAP_DENYWRITE, 9, 0) = 0x7f2f594d2000
7106  mprotect(0x7f2f594da000, 2093056, PROT_NONE) = 0
7106  mmap(0x7f2f596d9000, 8192, PROT_READ|PROT_WRITE, MAP_PRIVATE|MAP_FIXED|MAP_DENYWRITE, 9, 0x7000) = 0x7f2f596d9000
7106  close(9)                          = 0
7106  mprotect(0x7f2f596d9000, 4096, PROT_READ) = 0
7106  brk(0x560d86aae000)               = 0x560d86aae000
7106  read(8, "o recourse.\n#\nsub _dump {\n  my($"..., 8192) = 8192
7106  brk(0x560d86ad1000)               = 0x560d86ad1000
7106  read(8, "hold our place using $postlen\n  "..., 8192) = 8192
7106  brk(0x560d86af2000)               = 0x560d86af2000
7106  brk(0x560d86b14000)               = 0x560d86b14000
7106  lseek(8, 23942, SEEK_SET)         = 23942
7106  lseek(8, 0, SEEK_CUR)             = 23942
7106  close(8)                          = 0
7106  read(7, "", 8192)                 = 0
7106  close(7)                          = 0
7106  getuid()                          = 0
7106  geteuid()                         = 0
7106  getgid()                          = 0
7106  getegid()                         = 0
7106  read(6, "", 8192)                 = 0
7106  close(6)                          = 0
7106  read(5, "", 8192)                 = 0
7106  close(5)                          = 0
7106  brk(0x560d86b36000)               = 0x560d86b36000
7106  stat("/mnt/mintdisk/home/ryan/workspace/evalserver-async/bin/../lib/IO/Async/Loop.pmc", 0x7fff0416b850) = -1 ENOENT (No such file or directory)
7106  stat("/mnt/mintdisk/home/ryan/workspace/evalserver-async/bin/../lib/IO/Async/Loop.pm", 0x7fff0416b850) = -1 ENOENT (No such file or directory)
7106  stat("/home/ryan/perl5/perlbrew/perls/perl-5.24.0/lib/site_perl/5.24.0/x86_64-linux/IO/Async/Loop.pmc", 0x7fff0416b850) = -1 ENOENT (No such file or directory)
7106  stat("/home/ryan/perl5/perlbrew/perls/perl-5.24.0/lib/site_perl/5.24.0/x86_64-linux/IO/Async/Loop.pm", 0x7fff0416b850) = -1 ENOENT (No such file or directory)
7106  stat("/home/ryan/perl5/perlbrew/perls/perl-5.24.0/lib/site_perl/5.24.0/IO/Async/Loop.pmc", 0x7fff0416b850) = -1 ENOENT (No such file or directory)
7106  stat("/home/ryan/perl5/perlbrew/perls/perl-5.24.0/lib/site_perl/5.24.0/IO/Async/Loop.pm", {st_mode=S_IFREG|0444, st_size=78509, ...}) = 0
7106  open("/home/ryan/perl5/perlbrew/perls/perl-5.24.0/lib/site_perl/5.24.0/IO/Async/Loop.pm", O_RDONLY) = 5
7106  ioctl(5, TCGETS, 0x7fff0416b640)  = -1 ENOTTY (Inappropriate ioctl for device)
7106  lseek(5, 0, SEEK_CUR)             = 0
7106  read(5, "#  You may distribute under the "..., 8192) = 8192
7106  stat("/mnt/mintdisk/home/ryan/workspace/evalserver-async/bin/../lib/IO/Socket.pmc", 0x7fff0416b240) = -1 ENOENT (No such file or directory)
7106  stat("/mnt/mintdisk/home/ryan/workspace/evalserver-async/bin/../lib/IO/Socket.pm", 0x7fff0416b240) = -1 ENOENT (No such file or directory)
7106  stat("/home/ryan/perl5/perlbrew/perls/perl-5.24.0/lib/site_perl/5.24.0/x86_64-linux/IO/Socket.pmc", 0x7fff0416b240) = -1 ENOENT (No such file or directory)
7106  stat("/home/ryan/perl5/perlbrew/perls/perl-5.24.0/lib/site_perl/5.24.0/x86_64-linux/IO/Socket.pm", 0x7fff0416b240) = -1 ENOENT (No such file or directory)
7106  stat("/home/ryan/perl5/perlbrew/perls/perl-5.24.0/lib/site_perl/5.24.0/IO/Socket.pmc", 0x7fff0416b240) = -1 ENOENT (No such file or directory)
7106  stat("/home/ryan/perl5/perlbrew/perls/perl-5.24.0/lib/site_perl/5.24.0/IO/Socket.pm", 0x7fff0416b240) = -1 ENOENT (No such file or directory)
7106  stat("/home/ryan/perl5/perlbrew/perls/perl-5.24.0/lib/5.24.0/x86_64-linux/IO/Socket.pmc", 0x7fff0416b240) = -1 ENOENT (No such file or directory)
7106  stat("/home/ryan/perl5/perlbrew/perls/perl-5.24.0/lib/5.24.0/x86_64-linux/IO/Socket.pm", {st_mode=S_IFREG|0444, st_size=16049, ...}) = 0
7106  open("/home/ryan/perl5/perlbrew/perls/perl-5.24.0/lib/5.24.0/x86_64-linux/IO/Socket.pm", O_RDONLY) = 6
7106  ioctl(6, TCGETS, 0x7fff0416b030)  = -1 ENOTTY (Inappropriate ioctl for device)
7106  lseek(6, 0, SEEK_CUR)             = 0
7106  read(6, "\n# IO::Socket.pm\n#\n# Copyright ("..., 8192) = 8192
7106  stat("/mnt/mintdisk/home/ryan/workspace/evalserver-async/bin/../lib/IO/Handle.pmc", 0x7fff0416ac30) = -1 ENOENT (No such file or directory)
7106  stat("/mnt/mintdisk/home/ryan/workspace/evalserver-async/bin/../lib/IO/Handle.pm", 0x7fff0416ac30) = -1 ENOENT (No such file or directory)
7106  stat("/home/ryan/perl5/perlbrew/perls/perl-5.24.0/lib/site_perl/5.24.0/x86_64-linux/IO/Handle.pmc", 0x7fff0416ac30) = -1 ENOENT (No such file or directory)
7106  stat("/home/ryan/perl5/perlbrew/perls/perl-5.24.0/lib/site_perl/5.24.0/x86_64-linux/IO/Handle.pm", 0x7fff0416ac30) = -1 ENOENT (No such file or directory)
7106  stat("/home/ryan/perl5/perlbrew/perls/perl-5.24.0/lib/site_perl/5.24.0/IO/Handle.pmc", 0x7fff0416ac30) = -1 ENOENT (No such file or directory)
7106  stat("/home/ryan/perl5/perlbrew/perls/perl-5.24.0/lib/site_perl/5.24.0/IO/Handle.pm", 0x7fff0416ac30) = -1 ENOENT (No such file or directory)
7106  stat("/home/ryan/perl5/perlbrew/perls/perl-5.24.0/lib/5.24.0/x86_64-linux/IO/Handle.pmc", 0x7fff0416ac30) = -1 ENOENT (No such file or directory)
7106  stat("/home/ryan/perl5/perlbrew/perls/perl-5.24.0/lib/5.24.0/x86_64-linux/IO/Handle.pm", {st_mode=S_IFREG|0444, st_size=17176, ...}) = 0
7106  open("/home/ryan/perl5/perlbrew/perls/perl-5.24.0/lib/5.24.0/x86_64-linux/IO/Handle.pm", O_RDONLY) = 7
7106  ioctl(7, TCGETS, 0x7fff0416aa20)  = -1 ENOTTY (Inappropriate ioctl for device)
7106  lseek(7, 0, SEEK_CUR)             = 0
7106  read(7, "package IO::Handle;\n\n=head1 NAME"..., 8192) = 8192
7106  read(7, " from C<IO::Handle> may want to "..., 8192) = 8192
7106  stat("/mnt/mintdisk/home/ryan/workspace/evalserver-async/bin/../lib/Symbol.pmc", 0x7fff0416a620) = -1 ENOENT (No such file or directory)
7106  stat("/mnt/mintdisk/home/ryan/workspace/evalserver-async/bin/../lib/Symbol.pm", 0x7fff0416a620) = -1 ENOENT (No such file or directory)
7106  stat("/home/ryan/perl5/perlbrew/perls/perl-5.24.0/lib/site_perl/5.24.0/x86_64-linux/Symbol.pmc", 0x7fff0416a620) = -1 ENOENT (No such file or directory)
7106  stat("/home/ryan/perl5/perlbrew/perls/perl-5.24.0/lib/site_perl/5.24.0/x86_64-linux/Symbol.pm", 0x7fff0416a620) = -1 ENOENT (No such file or directory)
7106  stat("/home/ryan/perl5/perlbrew/perls/perl-5.24.0/lib/site_perl/5.24.0/Symbol.pmc", 0x7fff0416a620) = -1 ENOENT (No such file or directory)
7106  stat("/home/ryan/perl5/perlbrew/perls/perl-5.24.0/lib/site_perl/5.24.0/Symbol.pm", 0x7fff0416a620) = -1 ENOENT (No such file or directory)
7106  stat("/home/ryan/perl5/perlbrew/perls/perl-5.24.0/lib/5.24.0/x86_64-linux/Symbol.pmc", 0x7fff0416a620) = -1 ENOENT (No such file or directory)
7106  stat("/home/ryan/perl5/perlbrew/perls/perl-5.24.0/lib/5.24.0/x86_64-linux/Symbol.pm", 0x7fff0416a620) = -1 ENOENT (No such file or directory)
7106  stat("/home/ryan/perl5/perlbrew/perls/perl-5.24.0/lib/5.24.0/Symbol.pmc", 0x7fff0416a620) = -1 ENOENT (No such file or directory)
7106  stat("/home/ryan/perl5/perlbrew/perls/perl-5.24.0/lib/5.24.0/Symbol.pm", {st_mode=S_IFREG|0444, st_size=4794, ...}) = 0
7106  open("/home/ryan/perl5/perlbrew/perls/perl-5.24.0/lib/5.24.0/Symbol.pm", O_RDONLY) = 8
7106  ioctl(8, TCGETS, 0x7fff0416a410)  = -1 ENOTTY (Inappropriate ioctl for device)
7106  lseek(8, 0, SEEK_CUR)             = 0
7106  read(8, "package Symbol;\n\n=head1 NAME\n\nSy"..., 8192) = 4794
7106  brk(0x560d86b57000)               = 0x560d86b57000
7106  read(8, "", 8192)                 = 0
7106  close(8)                          = 0
7106  getuid()                          = 0
7106  geteuid()                         = 0
7106  getgid()                          = 0
7106  getegid()                         = 0
7106  stat("/mnt/mintdisk/home/ryan/workspace/evalserver-async/bin/../lib/SelectSaver.pmc", 0x7fff0416a620) = -1 ENOENT (No such file or directory)
7106  stat("/mnt/mintdisk/home/ryan/workspace/evalserver-async/bin/../lib/SelectSaver.pm", 0x7fff0416a620) = -1 ENOENT (No such file or directory)
7106  stat("/home/ryan/perl5/perlbrew/perls/perl-5.24.0/lib/site_perl/5.24.0/x86_64-linux/SelectSaver.pmc", 0x7fff0416a620) = -1 ENOENT (No such file or directory)
7106  stat("/home/ryan/perl5/perlbrew/perls/perl-5.24.0/lib/site_perl/5.24.0/x86_64-linux/SelectSaver.pm", 0x7fff0416a620) = -1 ENOENT (No such file or directory)
7106  stat("/home/ryan/perl5/perlbrew/perls/perl-5.24.0/lib/site_perl/5.24.0/SelectSaver.pmc", 0x7fff0416a620) = -1 ENOENT (No such file or directory)
7106  stat("/home/ryan/perl5/perlbrew/perls/perl-5.24.0/lib/site_perl/5.24.0/SelectSaver.pm", 0x7fff0416a620) = -1 ENOENT (No such file or directory)
7106  stat("/home/ryan/perl5/perlbrew/perls/perl-5.24.0/lib/5.24.0/x86_64-linux/SelectSaver.pmc", 0x7fff0416a620) = -1 ENOENT (No such file or directory)
7106  stat("/home/ryan/perl5/perlbrew/perls/perl-5.24.0/lib/5.24.0/x86_64-linux/SelectSaver.pm", 0x7fff0416a620) = -1 ENOENT (No such file or directory)
7106  stat("/home/ryan/perl5/perlbrew/perls/perl-5.24.0/lib/5.24.0/SelectSaver.pmc", 0x7fff0416a620) = -1 ENOENT (No such file or directory)
7106  stat("/home/ryan/perl5/perlbrew/perls/perl-5.24.0/lib/5.24.0/SelectSaver.pm", {st_mode=S_IFREG|0444, st_size=1076, ...}) = 0
7106  open("/home/ryan/perl5/perlbrew/perls/perl-5.24.0/lib/5.24.0/SelectSaver.pm", O_RDONLY) = 8
7106  ioctl(8, TCGETS, 0x7fff0416a410)  = -1 ENOTTY (Inappropriate ioctl for device)
7106  lseek(8, 0, SEEK_CUR)             = 0
7106  read(8, "package SelectSaver;\n\nour $VERSI"..., 8192) = 1076
7106  read(8, "", 8192)                 = 0
7106  close(8)                          = 0
7106  stat("/mnt/mintdisk/home/ryan/workspace/evalserver-async/bin/../lib/IO.pmc", 0x7fff0416a620) = -1 ENOENT (No such file or directory)
7106  stat("/mnt/mintdisk/home/ryan/workspace/evalserver-async/bin/../lib/IO.pm", 0x7fff0416a620) = -1 ENOENT (No such file or directory)
7106  stat("/home/ryan/perl5/perlbrew/perls/perl-5.24.0/lib/site_perl/5.24.0/x86_64-linux/IO.pmc", 0x7fff0416a620) = -1 ENOENT (No such file or directory)
7106  stat("/home/ryan/perl5/perlbrew/perls/perl-5.24.0/lib/site_perl/5.24.0/x86_64-linux/IO.pm", 0x7fff0416a620) = -1 ENOENT (No such file or directory)
7106  stat("/home/ryan/perl5/perlbrew/perls/perl-5.24.0/lib/site_perl/5.24.0/IO.pmc", 0x7fff0416a620) = -1 ENOENT (No such file or directory)
7106  stat("/home/ryan/perl5/perlbrew/perls/perl-5.24.0/lib/site_perl/5.24.0/IO.pm", 0x7fff0416a620) = -1 ENOENT (No such file or directory)
7106  stat("/home/ryan/perl5/perlbrew/perls/perl-5.24.0/lib/5.24.0/x86_64-linux/IO.pmc", 0x7fff0416a620) = -1 ENOENT (No such file or directory)
7106  stat("/home/ryan/perl5/perlbrew/perls/perl-5.24.0/lib/5.24.0/x86_64-linux/IO.pm", {st_mode=S_IFREG|0444, st_size=1397, ...}) = 0
7106  open("/home/ryan/perl5/perlbrew/perls/perl-5.24.0/lib/5.24.0/x86_64-linux/IO.pm", O_RDONLY) = 8
7106  ioctl(8, TCGETS, 0x7fff0416a410)  = -1 ENOTTY (Inappropriate ioctl for device)
7106  lseek(8, 0, SEEK_CUR)             = 0
7106  read(8, "#\n\npackage IO;\n\nuse XSLoader ();"..., 8192) = 1397
7106  lseek(8, 412, SEEK_SET)           = 412
7106  lseek(8, 0, SEEK_CUR)             = 412
7106  close(8)                          = 0
7106  stat("/home/ryan/perl5/perlbrew/perls/perl-5.24.0/lib/5.24.0/x86_64-linux/auto/IO/IO.bs", 0x560d8582b8c0) = -1 ENOENT (No such file or directory)
7106  stat("/home/ryan/perl5/perlbrew/perls/perl-5.24.0/lib/5.24.0/x86_64-linux/auto/IO/IO.so", {st_mode=S_IFREG|0555, st_size=23768, ...}) = 0
7106  open("/home/ryan/perl5/perlbrew/perls/perl-5.24.0/lib/5.24.0/x86_64-linux/auto/IO/IO.so", O_RDONLY|O_CLOEXEC) = 8
7106  read(8, "\177ELF\2\1\1\0\0\0\0\0\0\0\0\0\3\0>\0\1\0\0\0`\26\0\0\0\0\0\0"..., 832) = 832
7106  fstat(8, {st_mode=S_IFREG|0555, st_size=23768, ...}) = 0
7106  mmap(NULL, 2113944, PROT_READ|PROT_EXEC, MAP_PRIVATE|MAP_DENYWRITE, 8, 0) = 0x7f2f592cd000
7106  mprotect(0x7f2f592d1000, 2093056, PROT_NONE) = 0
7106  mmap(0x7f2f594d0000, 8192, PROT_READ|PROT_WRITE, MAP_PRIVATE|MAP_FIXED|MAP_DENYWRITE, 8, 0x3000) = 0x7f2f594d0000
7106  close(8)                          = 0
7106  mprotect(0x7f2f594d0000, 4096, PROT_READ) = 0
7106  brk(0x560d86b78000)               = 0x560d86b78000
7106  brk(0x560d86b9d000)               = 0x560d86b9d000
7106  read(7, "{\n    @_ == 3 || croak 'usage: $"..., 8192) = 792
7106  read(7, "", 8192)                 = 0
7106  close(7)                          = 0
7106  getuid()                          = 0
7106  geteuid()                         = 0
7106  getgid()                          = 0
7106  getegid()                         = 0
7106  stat("/mnt/mintdisk/home/ryan/workspace/evalserver-async/bin/../lib/Socket.pmc", 0x7fff0416ac30) = -1 ENOENT (No such file or directory)
7106  stat("/mnt/mintdisk/home/ryan/workspace/evalserver-async/bin/../lib/Socket.pm", 0x7fff0416ac30) = -1 ENOENT (No such file or directory)
7106  stat("/home/ryan/perl5/perlbrew/perls/perl-5.24.0/lib/site_perl/5.24.0/x86_64-linux/Socket.pmc", 0x7fff0416ac30) = -1 ENOENT (No such file or directory)
7106  stat("/home/ryan/perl5/perlbrew/perls/perl-5.24.0/lib/site_perl/5.24.0/x86_64-linux/Socket.pm", 0x7fff0416ac30) = -1 ENOENT (No such file or directory)
7106  stat("/home/ryan/perl5/perlbrew/perls/perl-5.24.0/lib/site_perl/5.24.0/Socket.pmc", 0x7fff0416ac30) = -1 ENOENT (No such file or directory)
7106  stat("/home/ryan/perl5/perlbrew/perls/perl-5.24.0/lib/site_perl/5.24.0/Socket.pm", 0x7fff0416ac30) = -1 ENOENT (No such file or directory)
7106  stat("/home/ryan/perl5/perlbrew/perls/perl-5.24.0/lib/5.24.0/x86_64-linux/Socket.pmc", 0x7fff0416ac30) = -1 ENOENT (No such file or directory)
7106  stat("/home/ryan/perl5/perlbrew/perls/perl-5.24.0/lib/5.24.0/x86_64-linux/Socket.pm", {st_mode=S_IFREG|0444, st_size=36431, ...}) = 0
7106  open("/home/ryan/perl5/perlbrew/perls/perl-5.24.0/lib/5.24.0/x86_64-linux/Socket.pm", O_RDONLY) = 7
7106  ioctl(7, TCGETS, 0x7fff0416aa20)  = -1 ENOTTY (Inappropriate ioctl for device)
7106  lseek(7, 0, SEEK_CUR)             = 0
7106  read(7, "package Socket;\n\nuse strict;\n{ u"..., 8192) = 8192
7106  read(7, " according to pack_sockaddr_in6("..., 8192) = 8192
7106  read(7, "\n\nThe following flag constants a"..., 8192) = 8192
7106  read(7, " IP_HDRINCL IP_TOS IP_TTL IP_REC"..., 8192) = 8192
7106  brk(0x560d86bbe000)               = 0x560d86bbe000
7106  read(7, "canonname, undef, undef, undef, "..., 8192) = 3663
7106  read(7, "", 8192)                 = 0
7106  close(7)                          = 0
7106  getuid()                          = 0
7106  geteuid()                         = 0
7106  getgid()                          = 0
7106  getegid()                         = 0
7106  brk(0x560d86bdf000)               = 0x560d86bdf000
7106  stat("/home/ryan/perl5/perlbrew/perls/perl-5.24.0/lib/5.24.0/x86_64-linux/auto/Socket/Socket.bs", 0x560d8582b8c0) = -1 ENOENT (No such file or directory)
7106  stat("/home/ryan/perl5/perlbrew/perls/perl-5.24.0/lib/5.24.0/x86_64-linux/auto/Socket/Socket.so", {st_mode=S_IFREG|0555, st_size=48896, ...}) = 0
7106  open("/home/ryan/perl5/perlbrew/perls/perl-5.24.0/lib/5.24.0/x86_64-linux/auto/Socket/Socket.so", O_RDONLY|O_CLOEXEC) = 7
7106  read(7, "\177ELF\2\1\1\0\0\0\0\0\0\0\0\0\3\0>\0\1\0\0\0\360-\0\0\0\0\0\0"..., 832) = 832
7106  fstat(7, {st_mode=S_IFREG|0555, st_size=48896, ...}) = 0
7106  mmap(NULL, 2138536, PROT_READ|PROT_EXEC, MAP_PRIVATE|MAP_DENYWRITE, 7, 0) = 0x7f2f590c2000
7106  mprotect(0x7f2f590ca000, 2097152, PROT_NONE) = 0
7106  mmap(0x7f2f592ca000, 12288, PROT_READ|PROT_WRITE, MAP_PRIVATE|MAP_FIXED|MAP_DENYWRITE, 7, 0x8000) = 0x7f2f592ca000
7106  close(7)                          = 0
7106  mprotect(0x7f2f592ca000, 8192, PROT_READ) = 0
7106  stat("/mnt/mintdisk/home/ryan/workspace/evalserver-async/bin/../lib/Errno.pmc", 0x7fff0416ac30) = -1 ENOENT (No such file or directory)
7106  stat("/mnt/mintdisk/home/ryan/workspace/evalserver-async/bin/../lib/Errno.pm", 0x7fff0416ac30) = -1 ENOENT (No such file or directory)
7106  stat("/home/ryan/perl5/perlbrew/perls/perl-5.24.0/lib/site_perl/5.24.0/x86_64-linux/Errno.pmc", 0x7fff0416ac30) = -1 ENOENT (No such file or directory)
7106  stat("/home/ryan/perl5/perlbrew/perls/perl-5.24.0/lib/site_perl/5.24.0/x86_64-linux/Errno.pm", 0x7fff0416ac30) = -1 ENOENT (No such file or directory)
7106  stat("/home/ryan/perl5/perlbrew/perls/perl-5.24.0/lib/site_perl/5.24.0/Errno.pmc", 0x7fff0416ac30) = -1 ENOENT (No such file or directory)
7106  stat("/home/ryan/perl5/perlbrew/perls/perl-5.24.0/lib/site_perl/5.24.0/Errno.pm", 0x7fff0416ac30) = -1 ENOENT (No such file or directory)
7106  stat("/home/ryan/perl5/perlbrew/perls/perl-5.24.0/lib/5.24.0/x86_64-linux/Errno.pmc", 0x7fff0416ac30) = -1 ENOENT (No such file or directory)
7106  stat("/home/ryan/perl5/perlbrew/perls/perl-5.24.0/lib/5.24.0/x86_64-linux/Errno.pm", {st_mode=S_IFREG|0444, st_size=6657, ...}) = 0
7106  open("/home/ryan/perl5/perlbrew/perls/perl-5.24.0/lib/5.24.0/x86_64-linux/Errno.pm", O_RDONLY) = 7
7106  ioctl(7, TCGETS, 0x7fff0416aa20)  = -1 ENOTTY (Inappropriate ioctl for device)
7106  lseek(7, 0, SEEK_CUR)             = 0
7106  read(7, "# -*- buffer-read-only: t -*-\n#\n"..., 8192) = 6657
7106  lseek(7, 5092, SEEK_SET)          = 5092
7106  lseek(7, 0, SEEK_CUR)             = 5092
7106  close(7)                          = 0
7106  getuid()                          = 0
7106  geteuid()                         = 0
7106  getgid()                          = 0
7106  getegid()                         = 0
7106  brk(0x560d86c00000)               = 0x560d86c00000
7106  read(6, "pt(SOL_SOCKET,@_)\n\t    : $sock->"..., 8192) = 7857
7106  lseek(6, 9456, SEEK_SET)          = 9456
7106  lseek(6, 0, SEEK_CUR)             = 9456
7106  close(6)                          = 0
7106  stat("/mnt/mintdisk/home/ryan/workspace/evalserver-async/bin/../lib/IO/Socket/INET.pmc", 0x7fff0416b240) = -1 ENOENT (No such file or directory)
7106  stat("/mnt/mintdisk/home/ryan/workspace/evalserver-async/bin/../lib/IO/Socket/INET.pm", 0x7fff0416b240) = -1 ENOENT (No such file or directory)
7106  stat("/home/ryan/perl5/perlbrew/perls/perl-5.24.0/lib/site_perl/5.24.0/x86_64-linux/IO/Socket/INET.pmc", 0x7fff0416b240) = -1 ENOENT (No such file or directory)
7106  stat("/home/ryan/perl5/perlbrew/perls/perl-5.24.0/lib/site_perl/5.24.0/x86_64-linux/IO/Socket/INET.pm", 0x7fff0416b240) = -1 ENOENT (No such file or directory)
7106  stat("/home/ryan/perl5/perlbrew/perls/perl-5.24.0/lib/site_perl/5.24.0/IO/Socket/INET.pmc", 0x7fff0416b240) = -1 ENOENT (No such file or directory)
7106  stat("/home/ryan/perl5/perlbrew/perls/perl-5.24.0/lib/site_perl/5.24.0/IO/Socket/INET.pm", 0x7fff0416b240) = -1 ENOENT (No such file or directory)
7106  stat("/home/ryan/perl5/perlbrew/perls/perl-5.24.0/lib/5.24.0/x86_64-linux/IO/Socket/INET.pmc", 0x7fff0416b240) = -1 ENOENT (No such file or directory)
7106  stat("/home/ryan/perl5/perlbrew/perls/perl-5.24.0/lib/5.24.0/x86_64-linux/IO/Socket/INET.pm", {st_mode=S_IFREG|0444, st_size=12476, ...}) = 0
7106  open("/home/ryan/perl5/perlbrew/perls/perl-5.24.0/lib/5.24.0/x86_64-linux/IO/Socket/INET.pm", O_RDONLY) = 6
7106  ioctl(6, TCGETS, 0x7fff0416b030)  = -1 ENOTTY (Inappropriate ioctl for device)
7106  lseek(6, 0, SEEK_CUR)             = 0
7106  read(6, "# IO::Socket::INET.pm\n#\n# Copyri"..., 8192) = 8192
7106  brk(0x560d86c21000)               = 0x560d86c21000
7106  brk(0x560d86c42000)               = 0x560d86c42000
7106  lseek(6, 7474, SEEK_SET)          = 7474
7106  lseek(6, 0, SEEK_CUR)             = 7474
7106  close(6)                          = 0
7106  getuid()                          = 0
7106  geteuid()                         = 0
7106  getgid()                          = 0
7106  getegid()                         = 0
7106  stat("/mnt/mintdisk/home/ryan/workspace/evalserver-async/bin/../lib/IO/Socket/UNIX.pmc", 0x7fff0416b240) = -1 ENOENT (No such file or directory)
7106  stat("/mnt/mintdisk/home/ryan/workspace/evalserver-async/bin/../lib/IO/Socket/UNIX.pm", 0x7fff0416b240) = -1 ENOENT (No such file or directory)
7106  stat("/home/ryan/perl5/perlbrew/perls/perl-5.24.0/lib/site_perl/5.24.0/x86_64-linux/IO/Socket/UNIX.pmc", 0x7fff0416b240) = -1 ENOENT (No such file or directory)
7106  stat("/home/ryan/perl5/perlbrew/perls/perl-5.24.0/lib/site_perl/5.24.0/x86_64-linux/IO/Socket/UNIX.pm", 0x7fff0416b240) = -1 ENOENT (No such file or directory)
7106  stat("/home/ryan/perl5/perlbrew/perls/perl-5.24.0/lib/site_perl/5.24.0/IO/Socket/UNIX.pmc", 0x7fff0416b240) = -1 ENOENT (No such file or directory)
7106  stat("/home/ryan/perl5/perlbrew/perls/perl-5.24.0/lib/site_perl/5.24.0/IO/Socket/UNIX.pm", 0x7fff0416b240) = -1 ENOENT (No such file or directory)
7106  stat("/home/ryan/perl5/perlbrew/perls/perl-5.24.0/lib/5.24.0/x86_64-linux/IO/Socket/UNIX.pmc", 0x7fff0416b240) = -1 ENOENT (No such file or directory)
7106  stat("/home/ryan/perl5/perlbrew/perls/perl-5.24.0/lib/5.24.0/x86_64-linux/IO/Socket/UNIX.pm", {st_mode=S_IFREG|0444, st_size=3423, ...}) = 0
7106  open("/home/ryan/perl5/perlbrew/perls/perl-5.24.0/lib/5.24.0/x86_64-linux/IO/Socket/UNIX.pm", O_RDONLY) = 6
7106  ioctl(6, TCGETS, 0x7fff0416b030)  = -1 ENOTTY (Inappropriate ioctl for device)
7106  lseek(6, 0, SEEK_CUR)             = 0
7106  read(6, "# IO::Socket::UNIX.pm\n#\n# Copyri"..., 8192) = 3423
7106  brk(0x560d86c63000)               = 0x560d86c63000
7106  lseek(6, 1374, SEEK_SET)          = 1374
7106  lseek(6, 0, SEEK_CUR)             = 1374
7106  close(6)                          = 0
7106  getuid()                          = 0
7106  geteuid()                         = 0
7106  getgid()                          = 0
7106  getegid()                         = 0
7106  getuid()                          = 0
7106  geteuid()                         = 0
7106  getgid()                          = 0
7106  getegid()                         = 0
7106  stat("/mnt/mintdisk/home/ryan/workspace/evalserver-async/bin/../lib/IO/Async/OS.pmc", 0x7fff0416b240) = -1 ENOENT (No such file or directory)
7106  stat("/mnt/mintdisk/home/ryan/workspace/evalserver-async/bin/../lib/IO/Async/OS.pm", 0x7fff0416b240) = -1 ENOENT (No such file or directory)
7106  stat("/home/ryan/perl5/perlbrew/perls/perl-5.24.0/lib/site_perl/5.24.0/x86_64-linux/IO/Async/OS.pmc", 0x7fff0416b240) = -1 ENOENT (No such file or directory)
7106  stat("/home/ryan/perl5/perlbrew/perls/perl-5.24.0/lib/site_perl/5.24.0/x86_64-linux/IO/Async/OS.pm", 0x7fff0416b240) = -1 ENOENT (No such file or directory)
7106  stat("/home/ryan/perl5/perlbrew/perls/perl-5.24.0/lib/site_perl/5.24.0/IO/Async/OS.pmc", 0x7fff0416b240) = -1 ENOENT (No such file or directory)
7106  stat("/home/ryan/perl5/perlbrew/perls/perl-5.24.0/lib/site_perl/5.24.0/IO/Async/OS.pm", {st_mode=S_IFREG|0444, st_size=17197, ...}) = 0
7106  open("/home/ryan/perl5/perlbrew/perls/perl-5.24.0/lib/site_perl/5.24.0/IO/Async/OS.pm", O_RDONLY) = 6
7106  ioctl(6, TCGETS, 0x7fff0416b030)  = -1 ENOTTY (Inappropriate ioctl for device)
7106  lseek(6, 0, SEEK_CUR)             = 0
7106  read(6, "#  You may distribute under the "..., 8192) = 8192
7106  getrlimit(RLIMIT_NOFILE, {rlim_cur=1024, rlim_max=64*1024}) = 0
7106  stat("/mnt/mintdisk/home/ryan/workspace/evalserver-async/bin/../lib/IO/Socket/IP.pmc", 0x7fff0416ac30) = -1 ENOENT (No such file or directory)
7106  stat("/mnt/mintdisk/home/ryan/workspace/evalserver-async/bin/../lib/IO/Socket/IP.pm", 0x7fff0416ac30) = -1 ENOENT (No such file or directory)
7106  stat("/home/ryan/perl5/perlbrew/perls/perl-5.24.0/lib/site_perl/5.24.0/x86_64-linux/IO/Socket/IP.pmc", 0x7fff0416ac30) = -1 ENOENT (No such file or directory)
7106  stat("/home/ryan/perl5/perlbrew/perls/perl-5.24.0/lib/site_perl/5.24.0/x86_64-linux/IO/Socket/IP.pm", 0x7fff0416ac30) = -1 ENOENT (No such file or directory)
7106  stat("/home/ryan/perl5/perlbrew/perls/perl-5.24.0/lib/site_perl/5.24.0/IO/Socket/IP.pmc", 0x7fff0416ac30) = -1 ENOENT (No such file or directory)
7106  stat("/home/ryan/perl5/perlbrew/perls/perl-5.24.0/lib/site_perl/5.24.0/IO/Socket/IP.pm", 0x7fff0416ac30) = -1 ENOENT (No such file or directory)
7106  stat("/home/ryan/perl5/perlbrew/perls/perl-5.24.0/lib/5.24.0/x86_64-linux/IO/Socket/IP.pmc", 0x7fff0416ac30) = -1 ENOENT (No such file or directory)
7106  stat("/home/ryan/perl5/perlbrew/perls/perl-5.24.0/lib/5.24.0/x86_64-linux/IO/Socket/IP.pm", 0x7fff0416ac30) = -1 ENOENT (No such file or directory)
7106  stat("/home/ryan/perl5/perlbrew/perls/perl-5.24.0/lib/5.24.0/IO/Socket/IP.pmc", 0x7fff0416ac30) = -1 ENOENT (No such file or directory)
7106  stat("/home/ryan/perl5/perlbrew/perls/perl-5.24.0/lib/5.24.0/IO/Socket/IP.pm", {st_mode=S_IFREG|0444, st_size=38800, ...}) = 0
7106  open("/home/ryan/perl5/perlbrew/perls/perl-5.24.0/lib/5.24.0/IO/Socket/IP.pm", O_RDONLY) = 7
7106  ioctl(7, TCGETS, 0x7fff0416aa20)  = -1 ENOTTY (Inappropriate ioctl for device)
7106  lseek(7, 0, SEEK_CUR)             = 0
7106  read(7, "#  You may distribute under the "..., 8192) = 8192
7106  stat("/mnt/mintdisk/home/ryan/workspace/evalserver-async/bin/../lib/base.pmc", 0x7fff0416a620) = -1 ENOENT (No such file or directory)
7106  stat("/mnt/mintdisk/home/ryan/workspace/evalserver-async/bin/../lib/base.pm", 0x7fff0416a620) = -1 ENOENT (No such file or directory)
7106  stat("/home/ryan/perl5/perlbrew/perls/perl-5.24.0/lib/site_perl/5.24.0/x86_64-linux/base.pmc", 0x7fff0416a620) = -1 ENOENT (No such file or directory)
7106  stat("/home/ryan/perl5/perlbrew/perls/perl-5.24.0/lib/site_perl/5.24.0/x86_64-linux/base.pm", 0x7fff0416a620) = -1 ENOENT (No such file or directory)
7106  stat("/home/ryan/perl5/perlbrew/perls/perl-5.24.0/lib/site_perl/5.24.0/base.pmc", 0x7fff0416a620) = -1 ENOENT (No such file or directory)
7106  stat("/home/ryan/perl5/perlbrew/perls/perl-5.24.0/lib/site_perl/5.24.0/base.pm", 0x7fff0416a620) = -1 ENOENT (No such file or directory)
7106  stat("/home/ryan/perl5/perlbrew/perls/perl-5.24.0/lib/5.24.0/x86_64-linux/base.pmc", 0x7fff0416a620) = -1 ENOENT (No such file or directory)
7106  stat("/home/ryan/perl5/perlbrew/perls/perl-5.24.0/lib/5.24.0/x86_64-linux/base.pm", 0x7fff0416a620) = -1 ENOENT (No such file or directory)
7106  stat("/home/ryan/perl5/perlbrew/perls/perl-5.24.0/lib/5.24.0/base.pmc", 0x7fff0416a620) = -1 ENOENT (No such file or directory)
7106  stat("/home/ryan/perl5/perlbrew/perls/perl-5.24.0/lib/5.24.0/base.pm", {st_mode=S_IFREG|0444, st_size=7390, ...}) = 0
7106  open("/home/ryan/perl5/perlbrew/perls/perl-5.24.0/lib/5.24.0/base.pm", O_RDONLY) = 8
7106  ioctl(8, TCGETS, 0x7fff0416a410)  = -1 ENOTTY (Inappropriate ioctl for device)
7106  lseek(8, 0, SEEK_CUR)             = 0
7106  read(8, "use 5.008;\npackage base;\n\nuse st"..., 8192) = 7390
7106  brk(0x560d86c84000)               = 0x560d86c84000
7106  lseek(8, 5344, SEEK_SET)          = 5344
7106  lseek(8, 0, SEEK_CUR)             = 5344
7106  close(8)                          = 0
7106  open("/etc/nsswitch.conf", O_RDONLY|O_CLOEXEC) = 8
7106  fstat(8, {st_mode=S_IFREG|0644, st_size=543, ...}) = 0
7106  read(8, "# /etc/nsswitch.conf\n#\n# Example"..., 4096) = 543
7106  read(8, "", 4096)                 = 0
7106  close(8)                          = 0
7106  open("/etc/ld.so.cache", O_RDONLY|O_CLOEXEC) = 8
7106  fstat(8, {st_mode=S_IFREG|0644, st_size=351433, ...}) = 0
7106  mmap(NULL, 351433, PROT_READ, MAP_PRIVATE, 8, 0) = 0x7f2f5ca46000
7106  close(8)                          = 0
7106  access("/etc/ld.so.nohwcap", F_OK) = -1 ENOENT (No such file or directory)
7106  open("/lib/x86_64-linux-gnu/libnss_db.so.2", O_RDONLY|O_CLOEXEC) = -1 ENOENT (No such file or directory)
7106  open("/usr/lib/x86_64-linux-gnu/tls/x86_64/libnss_db.so.2", O_RDONLY|O_CLOEXEC) = -1 ENOENT (No such file or directory)
7106  stat("/usr/lib/x86_64-linux-gnu/tls/x86_64", 0x7fff04169c90) = -1 ENOENT (No such file or directory)
7106  open("/usr/lib/x86_64-linux-gnu/tls/libnss_db.so.2", O_RDONLY|O_CLOEXEC) = -1 ENOENT (No such file or directory)
7106  stat("/usr/lib/x86_64-linux-gnu/tls", {st_mode=S_IFDIR|0755, st_size=4096, ...}) = 0
7106  open("/usr/lib/x86_64-linux-gnu/x86_64/libnss_db.so.2", O_RDONLY|O_CLOEXEC) = -1 ENOENT (No such file or directory)
7106  stat("/usr/lib/x86_64-linux-gnu/x86_64", 0x7fff04169c90) = -1 ENOENT (No such file or directory)
7106  open("/usr/lib/x86_64-linux-gnu/libnss_db.so.2", O_RDONLY|O_CLOEXEC) = -1 ENOENT (No such file or directory)
7106  stat("/usr/lib/x86_64-linux-gnu", {st_mode=S_IFDIR|0755, st_size=266240, ...}) = 0
7106  open("/lib/tls/x86_64/libnss_db.so.2", O_RDONLY|O_CLOEXEC) = -1 ENOENT (No such file or directory)
7106  stat("/lib/tls/x86_64", 0x7fff04169c90) = -1 ENOENT (No such file or directory)
7106  open("/lib/tls/libnss_db.so.2", O_RDONLY|O_CLOEXEC) = -1 ENOENT (No such file or directory)
7106  stat("/lib/tls", 0x7fff04169c90)  = -1 ENOENT (No such file or directory)
7106  open("/lib/x86_64/libnss_db.so.2", O_RDONLY|O_CLOEXEC) = -1 ENOENT (No such file or directory)
7106  stat("/lib/x86_64", 0x7fff04169c90) = -1 ENOENT (No such file or directory)
7106  open("/lib/libnss_db.so.2", O_RDONLY|O_CLOEXEC) = -1 ENOENT (No such file or directory)
7106  stat("/lib", {st_mode=S_IFDIR|0755, st_size=4096, ...}) = 0
7106  open("/usr/lib/tls/x86_64/libnss_db.so.2", O_RDONLY|O_CLOEXEC) = -1 ENOENT (No such file or directory)
7106  stat("/usr/lib/tls/x86_64", 0x7fff04169c90) = -1 ENOENT (No such file or directory)
7106  open("/usr/lib/tls/libnss_db.so.2", O_RDONLY|O_CLOEXEC) = -1 ENOENT (No such file or directory)
7106  stat("/usr/lib/tls", {st_mode=S_IFDIR|0755, st_size=4096, ...}) = 0
7106  open("/usr/lib/x86_64/libnss_db.so.2", O_RDONLY|O_CLOEXEC) = -1 ENOENT (No such file or directory)
7106  stat("/usr/lib/x86_64", 0x7fff04169c90) = -1 ENOENT (No such file or directory)
7106  open("/usr/lib/libnss_db.so.2", O_RDONLY|O_CLOEXEC) = -1 ENOENT (No such file or directory)
7106  stat("/usr/lib", {st_mode=S_IFDIR|0755, st_size=73728, ...}) = 0
7106  munmap(0x7f2f5ca46000, 351433)    = 0
7106  open("/etc/ld.so.cache", O_RDONLY|O_CLOEXEC) = 8
7106  fstat(8, {st_mode=S_IFREG|0644, st_size=351433, ...}) = 0
7106  mmap(NULL, 351433, PROT_READ, MAP_PRIVATE, 8, 0) = 0x7f2f5ca46000
7106  close(8)                          = 0
7106  access("/etc/ld.so.nohwcap", F_OK) = -1 ENOENT (No such file or directory)
7106  open("/lib/x86_64-linux-gnu/libnss_files.so.2", O_RDONLY|O_CLOEXEC) = 8
7106  read(8, "\177ELF\2\1\1\0\0\0\0\0\0\0\0\0\3\0>\0\1\0\0\0\320!\0\0\0\0\0\0"..., 832) = 832
7106  fstat(8, {st_mode=S_IFREG|0644, st_size=47632, ...}) = 0
7106  mmap(NULL, 2168600, PROT_READ|PROT_EXEC, MAP_PRIVATE|MAP_DENYWRITE, 8, 0) = 0x7f2f58eb0000
7106  mprotect(0x7f2f58eba000, 2097152, PROT_NONE) = 0
7106  mmap(0x7f2f590ba000, 8192, PROT_READ|PROT_WRITE, MAP_PRIVATE|MAP_FIXED|MAP_DENYWRITE, 8, 0xa000) = 0x7f2f590ba000
7106  mmap(0x7f2f590bc000, 22296, PROT_READ|PROT_WRITE, MAP_PRIVATE|MAP_FIXED|MAP_ANONYMOUS, -1, 0) = 0x7f2f590bc000
7106  close(8)                          = 0
7106  mprotect(0x7f2f590ba000, 4096, PROT_READ) = 0
7106  munmap(0x7f2f5ca46000, 351433)    = 0
7106  open("/etc/protocols", O_RDONLY|O_CLOEXEC) = 8
7106  fstat(8, {st_mode=S_IFREG|0644, st_size=2932, ...}) = 0
7106  read(8, "# Internet (IP) protocols\n#\n# Up"..., 4096) = 2932
7106  close(8)                          = 0
7106  read(7, "6> sockets\nto the given value. I"..., 8192) = 8192
7106  brk(0x560d86ca5000)               = 0x560d86ca5000
7106  read(7, "ort};\n   push @sockopts_enabled,"..., 8192) = 8192
7106  brk(0x560d86cc6000)               = 0x560d86cc6000
7106  read(7, "ly = sockaddr_family $addr;\n\n   "..., 8192) = 8192
7106  read(7, " file descriptor number, so such"..., 8192) = 6032
7106  brk(0x560d86ce7000)               = 0x560d86ce7000
7106  read(7, "", 8192)                 = 0
7106  close(7)                          = 0
7106  stat("/mnt/mintdisk/home/ryan/workspace/evalserver-async/bin/../lib/Sereal/Encoder.pmc", 0x7fff0416ac30) = -1 ENOENT (No such file or directory)
7106  stat("/mnt/mintdisk/home/ryan/workspace/evalserver-async/bin/../lib/Sereal/Encoder.pm", 0x7fff0416ac30) = -1 ENOENT (No such file or directory)
7106  stat("/home/ryan/perl5/perlbrew/perls/perl-5.24.0/lib/site_perl/5.24.0/x86_64-linux/Sereal/Encoder.pmc", 0x7fff0416ac30) = -1 ENOENT (No such file or directory)
7106  stat("/home/ryan/perl5/perlbrew/perls/perl-5.24.0/lib/site_perl/5.24.0/x86_64-linux/Sereal/Encoder.pm", 0x7fff0416ac30) = -1 ENOENT (No such file or directory)
7106  stat("/home/ryan/perl5/perlbrew/perls/perl-5.24.0/lib/site_perl/5.24.0/Sereal/Encoder.pmc", 0x7fff0416ac30) = -1 ENOENT (No such file or directory)
7106  stat("/home/ryan/perl5/perlbrew/perls/perl-5.24.0/lib/site_perl/5.24.0/Sereal/Encoder.pm", 0x7fff0416ac30) = -1 ENOENT (No such file or directory)
7106  stat("/home/ryan/perl5/perlbrew/perls/perl-5.24.0/lib/5.24.0/x86_64-linux/Sereal/Encoder.pmc", 0x7fff0416ac30) = -1 ENOENT (No such file or directory)
7106  stat("/home/ryan/perl5/perlbrew/perls/perl-5.24.0/lib/5.24.0/x86_64-linux/Sereal/Encoder.pm", 0x7fff0416ac30) = -1 ENOENT (No such file or directory)
7106  stat("/home/ryan/perl5/perlbrew/perls/perl-5.24.0/lib/5.24.0/Sereal/Encoder.pmc", 0x7fff0416ac30) = -1 ENOENT (No such file or directory)
7106  stat("/home/ryan/perl5/perlbrew/perls/perl-5.24.0/lib/5.24.0/Sereal/Encoder.pm", 0x7fff0416ac30) = -1 ENOENT (No such file or directory)
7106  stat("./Sereal/Encoder.pmc", 0x7fff0416ac30) = -1 ENOENT (No such file or directory)
7106  stat("./Sereal/Encoder.pm", 0x7fff0416ac30) = -1 ENOENT (No such file or directory)
7106  read(6, "ktype or\n      #     ${*$S2}{io_"..., 8192) = 8192
7106  brk(0x560d86d0a000)               = 0x560d86d0a000
7106  read(6, "um}->() if $sigwatch->{$signum};"..., 8192) = 813
7106  read(6, "", 8192)                 = 0
7106  close(6)                          = 0
7106  getuid()                          = 0
7106  geteuid()                         = 0
7106  getgid()                          = 0
7106  getegid()                         = 0
7106  stat("/mnt/mintdisk/home/ryan/workspace/evalserver-async/bin/../lib/IO/Async/OS/linux.pmc", 0x7fff0416b240) = -1 ENOENT (No such file or directory)
7106  stat("/mnt/mintdisk/home/ryan/workspace/evalserver-async/bin/../lib/IO/Async/OS/linux.pm", 0x7fff0416b240) = -1 ENOENT (No such file or directory)
7106  stat("/home/ryan/perl5/perlbrew/perls/perl-5.24.0/lib/site_perl/5.24.0/x86_64-linux/IO/Async/OS/linux.pmc", 0x7fff0416b240) = -1 ENOENT (No such file or directory)
7106  stat("/home/ryan/perl5/perlbrew/perls/perl-5.24.0/lib/site_perl/5.24.0/x86_64-linux/IO/Async/OS/linux.pm", 0x7fff0416b240) = -1 ENOENT (No such file or directory)
7106  stat("/home/ryan/perl5/perlbrew/perls/perl-5.24.0/lib/site_perl/5.24.0/IO/Async/OS/linux.pmc", 0x7fff0416b240) = -1 ENOENT (No such file or directory)
7106  stat("/home/ryan/perl5/perlbrew/perls/perl-5.24.0/lib/site_perl/5.24.0/IO/Async/OS/linux.pm", {st_mode=S_IFREG|0444, st_size=1486, ...}) = 0
7106  open("/home/ryan/perl5/perlbrew/perls/perl-5.24.0/lib/site_perl/5.24.0/IO/Async/OS/linux.pm", O_RDONLY) = 6
7106  ioctl(6, TCGETS, 0x7fff0416b030)  = -1 ENOTTY (Inappropriate ioctl for device)
7106  lseek(6, 0, SEEK_CUR)             = 0
7106  read(6, "#  You may distribute under the "..., 8192) = 1486
7106  read(6, "", 8192)                 = 0
7106  close(6)                          = 0
7106  getuid()                          = 0
7106  geteuid()                         = 0
7106  getgid()                          = 0
7106  getegid()                         = 0
7106  getuid()                          = 0
7106  geteuid()                         = 0
7106  getgid()                          = 0
7106  getegid()                         = 0
7106  read(5, ". These may or may not be fully-"..., 8192) = 8192
7106  brk(0x560d86d2b000)               = 0x560d86d2b000
7106  brk(0x560d86d2a000)               = 0x560d86d2a000
7106  read(5, "al listening sockets. A loop\nimp"..., 8192) = 8192
7106  read(5, "o run in the child process (as p"..., 8192) = 8192
7106  brk(0x560d86d4b000)               = 0x560d86d4b000
7106  read(5, "fo> method.\n\nThis example shows "..., 8192) = 8192
7106  read(5, ".\n\n=item socktype => STRING\n\nOpt"..., 8192) = 8192
7106  brk(0x560d86d6d000)               = 0x560d86d6d000
7106  read(5, "->socket( $family, $socktype, $p"..., 8192) = 8192
7106  brk(0x560d86d8e000)               = 0x560d86d8e000
7106  read(5, "ecific subclasses of it are\nrequ"..., 8192) = 8192
7106  read(5, "mequeue->enqueue( time => $time,"..., 8192) = 8192
7106  brk(0x560d86daf000)               = 0x560d86daf000
7106  read(5, " handlers, the timeout is reduce"..., 8192) = 4781
7106  read(5, "", 8192)                 = 0
7106  close(5)                          = 0
7106  rt_sigaction(SIGPIPE, NULL, {sa_handler=SIG_DFL, sa_mask=[], sa_flags=0}, 8) = 0
7106  rt_sigprocmask(SIG_BLOCK, [PIPE], [], 8) = 0
7106  rt_sigaction(SIGPIPE, {sa_handler=SIG_IGN, sa_mask=[], sa_flags=SA_RESTORER, sa_restorer=0x7f2f5c6700c0}, {sa_handler=SIG_DFL, sa_mask=[], sa_flags=0}, 8) = 0
7106  rt_sigprocmask(SIG_SETMASK, [], NULL, 8) = 0
7106  stat("/mnt/mintdisk/home/ryan/workspace/evalserver-async/bin/../lib/IO/Async/Function.pmc", 0x7fff0416b850) = -1 ENOENT (No such file or directory)
7106  stat("/mnt/mintdisk/home/ryan/workspace/evalserver-async/bin/../lib/IO/Async/Function.pm", 0x7fff0416b850) = -1 ENOENT (No such file or directory)
7106  stat("/home/ryan/perl5/perlbrew/perls/perl-5.24.0/lib/site_perl/5.24.0/x86_64-linux/IO/Async/Function.pmc", 0x7fff0416b850) = -1 ENOENT (No such file or directory)
7106  stat("/home/ryan/perl5/perlbrew/perls/perl-5.24.0/lib/site_perl/5.24.0/x86_64-linux/IO/Async/Function.pm", 0x7fff0416b850) = -1 ENOENT (No such file or directory)
7106  stat("/home/ryan/perl5/perlbrew/perls/perl-5.24.0/lib/site_perl/5.24.0/IO/Async/Function.pmc", 0x7fff0416b850) = -1 ENOENT (No such file or directory)
7106  stat("/home/ryan/perl5/perlbrew/perls/perl-5.24.0/lib/site_perl/5.24.0/IO/Async/Function.pm", {st_mode=S_IFREG|0444, st_size=18263, ...}) = 0
7106  open("/home/ryan/perl5/perlbrew/perls/perl-5.24.0/lib/site_perl/5.24.0/IO/Async/Function.pm", O_RDONLY) = 5
7106  ioctl(5, TCGETS, 0x7fff0416b640)  = -1 ENOTTY (Inappropriate ioctl for device)
7106  lseek(5, 0, SEEK_CUR)             = 0
7106  read(5, "#  You may distribute under the "..., 8192) = 8192
7106  stat("/mnt/mintdisk/home/ryan/workspace/evalserver-async/bin/../lib/IO/Async/Notifier.pmc", 0x7fff0416b240) = -1 ENOENT (No such file or directory)
7106  stat("/mnt/mintdisk/home/ryan/workspace/evalserver-async/bin/../lib/IO/Async/Notifier.pm", 0x7fff0416b240) = -1 ENOENT (No such file or directory)
7106  stat("/home/ryan/perl5/perlbrew/perls/perl-5.24.0/lib/site_perl/5.24.0/x86_64-linux/IO/Async/Notifier.pmc", 0x7fff0416b240) = -1 ENOENT (No such file or directory)
7106  stat("/home/ryan/perl5/perlbrew/perls/perl-5.24.0/lib/site_perl/5.24.0/x86_64-linux/IO/Async/Notifier.pm", 0x7fff0416b240) = -1 ENOENT (No such file or directory)
7106  stat("/home/ryan/perl5/perlbrew/perls/perl-5.24.0/lib/site_perl/5.24.0/IO/Async/Notifier.pmc", 0x7fff0416b240) = -1 ENOENT (No such file or directory)
7106  stat("/home/ryan/perl5/perlbrew/perls/perl-5.24.0/lib/site_perl/5.24.0/IO/Async/Notifier.pm", {st_mode=S_IFREG|0444, st_size=25161, ...}) = 0
7106  open("/home/ryan/perl5/perlbrew/perls/perl-5.24.0/lib/site_perl/5.24.0/IO/Async/Notifier.pm", O_RDONLY) = 6
7106  ioctl(6, TCGETS, 0x7fff0416b030)  = -1 ENOTTY (Inappropriate ioctl for device)
7106  lseek(6, 0, SEEK_CUR)             = 0
7106  read(6, "#  You may distribute under the "..., 8192) = 8192
7106  stat("/mnt/mintdisk/home/ryan/workspace/evalserver-async/bin/../lib/Future.pmc", 0x7fff0416ac30) = -1 ENOENT (No such file or directory)
7106  stat("/mnt/mintdisk/home/ryan/workspace/evalserver-async/bin/../lib/Future.pm", 0x7fff0416ac30) = -1 ENOENT (No such file or directory)
7106  stat("/home/ryan/perl5/perlbrew/perls/perl-5.24.0/lib/site_perl/5.24.0/x86_64-linux/Future.pmc", 0x7fff0416ac30) = -1 ENOENT (No such file or directory)
7106  stat("/home/ryan/perl5/perlbrew/perls/perl-5.24.0/lib/site_perl/5.24.0/x86_64-linux/Future.pm", 0x7fff0416ac30) = -1 ENOENT (No such file or directory)
7106  stat("/home/ryan/perl5/perlbrew/perls/perl-5.24.0/lib/site_perl/5.24.0/Future.pmc", 0x7fff0416ac30) = -1 ENOENT (No such file or directory)
7106  stat("/home/ryan/perl5/perlbrew/perls/perl-5.24.0/lib/site_perl/5.24.0/Future.pm", {st_mode=S_IFREG|0444, st_size=66764, ...}) = 0
7106  open("/home/ryan/perl5/perlbrew/perls/perl-5.24.0/lib/site_perl/5.24.0/Future.pm", O_RDONLY) = 7
7106  ioctl(7, TCGETS, 0x7fff0416aa20)  = -1 ENOTTY (Inappropriate ioctl for device)
7106  lseek(7, 0, SEEK_CUR)             = 0
7106  read(7, "#  You may distribute under the "..., 8192) = 8192
7106  brk(0x560d86dd1000)               = 0x560d86dd1000
7106  read(7, "e );\n\n   my $name = join \"::\", $"..., 8192) = 8192
7106  brk(0x560d86df3000)               = 0x560d86df3000
7106  read(7, "details may be provided that wil"..., 8192) = 8192
7106  brk(0x560d86e14000)               = 0x560d86e14000
7106  read(7, "e( $self->get ) \n               "..., 8192) = 8192
7106  brk(0x560d86e35000)               = 0x560d86e35000
7106  read(7, " be callable in ->$func\"\n      f"..., 8192) = 8192
7106  read(7, "uence future will then be marked"..., 8192) = 8192
7106  brk(0x560d86e56000)               = 0x560d86e56000
7106  read(7, "    $weakself->_mark_ready( \"nee"..., 8192) = 8192
7106  brk(0x560d86e77000)               = 0x560d86e77000
7106  read(7, "and restore, to return the opera"..., 8192) = 8192
7106  read(7, "t\nleast would require the applic"..., 8192) = 1228
7106  read(7, "", 8192)                 = 0
7106  close(7)                          = 0
7106  stat("/mnt/mintdisk/home/ryan/workspace/evalserver-async/bin/../lib/IO/Async/Debug.pmc", 0x7fff0416ac30) = -1 ENOENT (No such file or directory)
7106  stat("/mnt/mintdisk/home/ryan/workspace/evalserver-async/bin/../lib/IO/Async/Debug.pm", 0x7fff0416ac30) = -1 ENOENT (No such file or directory)
7106  stat("/home/ryan/perl5/perlbrew/perls/perl-5.24.0/lib/site_perl/5.24.0/x86_64-linux/IO/Async/Debug.pmc", 0x7fff0416ac30) = -1 ENOENT (No such file or directory)
7106  stat("/home/ryan/perl5/perlbrew/perls/perl-5.24.0/lib/site_perl/5.24.0/x86_64-linux/IO/Async/Debug.pm", 0x7fff0416ac30) = -1 ENOENT (No such file or directory)
7106  stat("/home/ryan/perl5/perlbrew/perls/perl-5.24.0/lib/site_perl/5.24.0/IO/Async/Debug.pmc", 0x7fff0416ac30) = -1 ENOENT (No such file or directory)
7106  stat("/home/ryan/perl5/perlbrew/perls/perl-5.24.0/lib/site_perl/5.24.0/IO/Async/Debug.pm", {st_mode=S_IFREG|0444, st_size=3128, ...}) = 0
7106  open("/home/ryan/perl5/perlbrew/perls/perl-5.24.0/lib/site_perl/5.24.0/IO/Async/Debug.pm", O_RDONLY) = 7
7106  ioctl(7, TCGETS, 0x7fff0416aa20)  = -1 ENOTTY (Inappropriate ioctl for device)
7106  lseek(7, 0, SEEK_CUR)             = 0
7106  read(7, "#  You may distribute under the "..., 8192) = 3128
7106  read(7, "", 8192)                 = 0
7106  close(7)                          = 0
7106  brk(0x560d86e98000)               = 0x560d86e98000
7106  read(6, "else_done() )\n\nThe future itself"..., 8192) = 8192
7106  read(6, ") ? $code : $self->can( $code );"..., 8192) = 8192
7106  brk(0x560d86eb9000)               = 0x560d86eb9000
7106  read(6, "hat is, the C<$name> should be a"..., 8192) = 585
7106  read(6, "", 8192)                 = 0
7106  close(6)                          = 0
7106  stat("/mnt/mintdisk/home/ryan/workspace/evalserver-async/bin/../lib/IO/Async/Timer/Countdown.pmc", 0x7fff0416b240) = -1 ENOENT (No such file or directory)
7106  stat("/mnt/mintdisk/home/ryan/workspace/evalserver-async/bin/../lib/IO/Async/Timer/Countdown.pm", 0x7fff0416b240) = -1 ENOENT (No such file or directory)
7106  stat("/home/ryan/perl5/perlbrew/perls/perl-5.24.0/lib/site_perl/5.24.0/x86_64-linux/IO/Async/Timer/Countdown.pmc", 0x7fff0416b240) = -1 ENOENT (No such file or directory)
7106  stat("/home/ryan/perl5/perlbrew/perls/perl-5.24.0/lib/site_perl/5.24.0/x86_64-linux/IO/Async/Timer/Countdown.pm", 0x7fff0416b240) = -1 ENOENT (No such file or directory)
7106  stat("/home/ryan/perl5/perlbrew/perls/perl-5.24.0/lib/site_perl/5.24.0/IO/Async/Timer/Countdown.pmc", 0x7fff0416b240) = -1 ENOENT (No such file or directory)
7106  stat("/home/ryan/perl5/perlbrew/perls/perl-5.24.0/lib/site_perl/5.24.0/IO/Async/Timer/Countdown.pm", {st_mode=S_IFREG|0444, st_size=6562, ...}) = 0
7106  open("/home/ryan/perl5/perlbrew/perls/perl-5.24.0/lib/site_perl/5.24.0/IO/Async/Timer/Countdown.pm", O_RDONLY) = 6
7106  ioctl(6, TCGETS, 0x7fff0416b030)  = -1 ENOTTY (Inappropriate ioctl for device)
7106  lseek(6, 0, SEEK_CUR)             = 0
7106  read(6, "#  You may distribute under the "..., 8192) = 6562
7106  stat("/mnt/mintdisk/home/ryan/workspace/evalserver-async/bin/../lib/IO/Async/Timer.pmc", 0x7fff0416ac30) = -1 ENOENT (No such file or directory)
7106  stat("/mnt/mintdisk/home/ryan/workspace/evalserver-async/bin/../lib/IO/Async/Timer.pm", 0x7fff0416ac30) = -1 ENOENT (No such file or directory)
7106  stat("/home/ryan/perl5/perlbrew/perls/perl-5.24.0/lib/site_perl/5.24.0/x86_64-linux/IO/Async/Timer.pmc", 0x7fff0416ac30) = -1 ENOENT (No such file or directory)
7106  stat("/home/ryan/perl5/perlbrew/perls/perl-5.24.0/lib/site_perl/5.24.0/x86_64-linux/IO/Async/Timer.pm", 0x7fff0416ac30) = -1 ENOENT (No such file or directory)
7106  stat("/home/ryan/perl5/perlbrew/perls/perl-5.24.0/lib/site_perl/5.24.0/IO/Async/Timer.pmc", 0x7fff0416ac30) = -1 ENOENT (No such file or directory)
7106  stat("/home/ryan/perl5/perlbrew/perls/perl-5.24.0/lib/site_perl/5.24.0/IO/Async/Timer.pm", {st_mode=S_IFREG|0444, st_size=3667, ...}) = 0
7106  open("/home/ryan/perl5/perlbrew/perls/perl-5.24.0/lib/site_perl/5.24.0/IO/Async/Timer.pm", O_RDONLY) = 7
7106  ioctl(7, TCGETS, 0x7fff0416aa20)  = -1 ENOTTY (Inappropriate ioctl for device)
7106  lseek(7, 0, SEEK_CUR)             = 0
7106  read(7, "#  You may distribute under the "..., 8192) = 3667
7106  read(7, "", 8192)                 = 0
7106  close(7)                          = 0
7106  read(6, "", 8192)                 = 0
7106  close(6)                          = 0
7106  brk(0x560d86eda000)               = 0x560d86eda000
7106  brk(0x560d86ed9000)               = 0x560d86ed9000
7106  read(5, "rker processes. If a non-busy wo"..., 8192) = 8192
7106  brk(0x560d86efa000)               = 0x560d86efa000
7106  stat("/mnt/mintdisk/home/ryan/workspace/evalserver-async/bin/../lib/IO/Async/Routine.pmc", 0x7fff0416b240) = -1 ENOENT (No such file or directory)
7106  stat("/mnt/mintdisk/home/ryan/workspace/evalserver-async/bin/../lib/IO/Async/Routine.pm", 0x7fff0416b240) = -1 ENOENT (No such file or directory)
7106  stat("/home/ryan/perl5/perlbrew/perls/perl-5.24.0/lib/site_perl/5.24.0/x86_64-linux/IO/Async/Routine.pmc", 0x7fff0416b240) = -1 ENOENT (No such file or directory)
7106  stat("/home/ryan/perl5/perlbrew/perls/perl-5.24.0/lib/site_perl/5.24.0/x86_64-linux/IO/Async/Routine.pm", 0x7fff0416b240) = -1 ENOENT (No such file or directory)
7106  stat("/home/ryan/perl5/perlbrew/perls/perl-5.24.0/lib/site_perl/5.24.0/IO/Async/Routine.pmc", 0x7fff0416b240) = -1 ENOENT (No such file or directory)
7106  stat("/home/ryan/perl5/perlbrew/perls/perl-5.24.0/lib/site_perl/5.24.0/IO/Async/Routine.pm", {st_mode=S_IFREG|0444, st_size=11188, ...}) = 0
7106  open("/home/ryan/perl5/perlbrew/perls/perl-5.24.0/lib/site_perl/5.24.0/IO/Async/Routine.pm", O_RDONLY) = 6
7106  ioctl(6, TCGETS, 0x7fff0416b030)  = -1 ENOTTY (Inappropriate ioctl for device)
7106  lseek(6, 0, SEEK_CUR)             = 0
7106  read(6, "#  You may distribute under the "..., 8192) = 8192
7106  stat("/mnt/mintdisk/home/ryan/workspace/evalserver-async/bin/../lib/IO/Async/Process.pmc", 0x7fff0416ac30) = -1 ENOENT (No such file or directory)
7106  stat("/mnt/mintdisk/home/ryan/workspace/evalserver-async/bin/../lib/IO/Async/Process.pm", 0x7fff0416ac30) = -1 ENOENT (No such file or directory)
7106  stat("/home/ryan/perl5/perlbrew/perls/perl-5.24.0/lib/site_perl/5.24.0/x86_64-linux/IO/Async/Process.pmc", 0x7fff0416ac30) = -1 ENOENT (No such file or directory)
7106  stat("/home/ryan/perl5/perlbrew/perls/perl-5.24.0/lib/site_perl/5.24.0/x86_64-linux/IO/Async/Process.pm", 0x7fff0416ac30) = -1 ENOENT (No such file or directory)
7106  stat("/home/ryan/perl5/perlbrew/perls/perl-5.24.0/lib/site_perl/5.24.0/IO/Async/Process.pmc", 0x7fff0416ac30) = -1 ENOENT (No such file or directory)
7106  stat("/home/ryan/perl5/perlbrew/perls/perl-5.24.0/lib/site_perl/5.24.0/IO/Async/Process.pm", {st_mode=S_IFREG|0444, st_size=24615, ...}) = 0
7106  open("/home/ryan/perl5/perlbrew/perls/perl-5.24.0/lib/site_perl/5.24.0/IO/Async/Process.pm", O_RDONLY) = 7
7106  ioctl(7, TCGETS, 0x7fff0416aa20)  = -1 ENOTTY (Inappropriate ioctl for device)
7106  lseek(7, 0, SEEK_CUR)             = 0
7106  read(7, "#  You may distribute under the "..., 8192) = 8192
7106  read(7, "igure_fd( 0, %{ delete $setup_pa"..., 8192) = 8192
7106  brk(0x560d86f1c000)               = 0x560d86f1c000
7106  brk(0x560d86f3d000)               = 0x560d86f3d000
7106  read(7, "ing the C<on_finish> or C<on_exc"..., 8192) = 8192
7106  read(7, "leonerd@leonerd.org.uk>\n\n=cut\n\n0"..., 8192) = 39
7106  read(7, "", 8192)                 = 0
7106  close(7)                          = 0
7106  brk(0x560d86f61000)               = 0x560d86f61000
7106  read(6, ";\n   my @channels_out;\n\n   forea"..., 8192) = 2996
7106  read(6, "", 8192)                 = 0
7106  close(6)                          = 0
7106  stat("/mnt/mintdisk/home/ryan/workspace/evalserver-async/bin/../lib/IO/Async/Channel.pmc", 0x7fff0416b240) = -1 ENOENT (No such file or directory)
7106  stat("/mnt/mintdisk/home/ryan/workspace/evalserver-async/bin/../lib/IO/Async/Channel.pm", 0x7fff0416b240) = -1 ENOENT (No such file or directory)
7106  stat("/home/ryan/perl5/perlbrew/perls/perl-5.24.0/lib/site_perl/5.24.0/x86_64-linux/IO/Async/Channel.pmc", 0x7fff0416b240) = -1 ENOENT (No such file or directory)
7106  stat("/home/ryan/perl5/perlbrew/perls/perl-5.24.0/lib/site_perl/5.24.0/x86_64-linux/IO/Async/Channel.pm", 0x7fff0416b240) = -1 ENOENT (No such file or directory)
7106  stat("/home/ryan/perl5/perlbrew/perls/perl-5.24.0/lib/site_perl/5.24.0/IO/Async/Channel.pmc", 0x7fff0416b240) = -1 ENOENT (No such file or directory)
7106  stat("/home/ryan/perl5/perlbrew/perls/perl-5.24.0/lib/site_perl/5.24.0/IO/Async/Channel.pm", {st_mode=S_IFREG|0444, st_size=13129, ...}) = 0
7106  open("/home/ryan/perl5/perlbrew/perls/perl-5.24.0/lib/site_perl/5.24.0/IO/Async/Channel.pm", O_RDONLY) = 6
7106  ioctl(6, TCGETS, 0x7fff0416b030)  = -1 ENOTTY (Inappropriate ioctl for device)
7106  lseek(6, 0, SEEK_CUR)             = 0
7106  read(6, "#  You may distribute under the "..., 8192) = 8192
7106  stat("/mnt/mintdisk/home/ryan/workspace/evalserver-async/bin/../lib/IO/Async/Stream.pmc", 0x7fff0416ac30) = -1 ENOENT (No such file or directory)
7106  stat("/mnt/mintdisk/home/ryan/workspace/evalserver-async/bin/../lib/IO/Async/Stream.pm", 0x7fff0416ac30) = -1 ENOENT (No such file or directory)
7106  stat("/home/ryan/perl5/perlbrew/perls/perl-5.24.0/lib/site_perl/5.24.0/x86_64-linux/IO/Async/Stream.pmc", 0x7fff0416ac30) = -1 ENOENT (No such file or directory)
7106  stat("/home/ryan/perl5/perlbrew/perls/perl-5.24.0/lib/site_perl/5.24.0/x86_64-linux/IO/Async/Stream.pm", 0x7fff0416ac30) = -1 ENOENT (No such file or directory)
7106  stat("/home/ryan/perl5/perlbrew/perls/perl-5.24.0/lib/site_perl/5.24.0/IO/Async/Stream.pmc", 0x7fff0416ac30) = -1 ENOENT (No such file or directory)
7106  stat("/home/ryan/perl5/perlbrew/perls/perl-5.24.0/lib/site_perl/5.24.0/IO/Async/Stream.pm", {st_mode=S_IFREG|0444, st_size=43595, ...}) = 0
7106  open("/home/ryan/perl5/perlbrew/perls/perl-5.24.0/lib/site_perl/5.24.0/IO/Async/Stream.pm", O_RDONLY) = 7
7106  ioctl(7, TCGETS, 0x7fff0416aa20)  = -1 ENOTTY (Inappropriate ioctl for device)
7106  lseek(7, 0, SEEK_CUR)             = 0
7106  read(7, "#  You may distribute under the "..., 8192) = 8192
7106  stat("/mnt/mintdisk/home/ryan/workspace/evalserver-async/bin/../lib/IO/Async/Handle.pmc", 0x7fff0416a620) = -1 ENOENT (No such file or directory)
7106  stat("/mnt/mintdisk/home/ryan/workspace/evalserver-async/bin/../lib/IO/Async/Handle.pm", 0x7fff0416a620) = -1 ENOENT (No such file or directory)
7106  stat("/home/ryan/perl5/perlbrew/perls/perl-5.24.0/lib/site_perl/5.24.0/x86_64-linux/IO/Async/Handle.pmc", 0x7fff0416a620) = -1 ENOENT (No such file or directory)
7106  stat("/home/ryan/perl5/perlbrew/perls/perl-5.24.0/lib/site_perl/5.24.0/x86_64-linux/IO/Async/Handle.pm", 0x7fff0416a620) = -1 ENOENT (No such file or directory)
7106  stat("/home/ryan/perl5/perlbrew/perls/perl-5.24.0/lib/site_perl/5.24.0/IO/Async/Handle.pmc", 0x7fff0416a620) = -1 ENOENT (No such file or directory)
7106  stat("/home/ryan/perl5/perlbrew/perls/perl-5.24.0/lib/site_perl/5.24.0/IO/Async/Handle.pm", {st_mode=S_IFREG|0444, st_size=17304, ...}) = 0
7106  open("/home/ryan/perl5/perlbrew/perls/perl-5.24.0/lib/site_perl/5.24.0/IO/Async/Handle.pm", O_RDONLY) = 8
7106  ioctl(8, TCGETS, 0x7fff0416a410)  = -1 ENOTTY (Inappropriate ioctl for device)
7106  lseek(8, 0, SEEK_CUR)             = 0
7106  read(8, "#  You may distribute under the "..., 8192) = 8192
7106  brk(0x560d86f83000)               = 0x560d86f83000
7106  stat("/mnt/mintdisk/home/ryan/workspace/evalserver-async/bin/../lib/Future/Utils.pmc", 0x7fff0416a010) = -1 ENOENT (No such file or directory)
7106  stat("/mnt/mintdisk/home/ryan/workspace/evalserver-async/bin/../lib/Future/Utils.pm", 0x7fff0416a010) = -1 ENOENT (No such file or directory)
7106  stat("/home/ryan/perl5/perlbrew/perls/perl-5.24.0/lib/site_perl/5.24.0/x86_64-linux/Future/Utils.pmc", 0x7fff0416a010) = -1 ENOENT (No such file or directory)
7106  stat("/home/ryan/perl5/perlbrew/perls/perl-5.24.0/lib/site_perl/5.24.0/x86_64-linux/Future/Utils.pm", 0x7fff0416a010) = -1 ENOENT (No such file or directory)
7106  stat("/home/ryan/perl5/perlbrew/perls/perl-5.24.0/lib/site_perl/5.24.0/Future/Utils.pmc", 0x7fff0416a010) = -1 ENOENT (No such file or directory)
7106  stat("/home/ryan/perl5/perlbrew/perls/perl-5.24.0/lib/site_perl/5.24.0/Future/Utils.pm", {st_mode=S_IFREG|0444, st_size=21215, ...}) = 0
7106  open("/home/ryan/perl5/perlbrew/perls/perl-5.24.0/lib/site_perl/5.24.0/Future/Utils.pm", O_RDONLY) = 9
7106  ioctl(9, TCGETS, 0x7fff04169e00)  = -1 ENOTTY (Inappropriate ioctl for device)
7106  lseek(9, 0, SEEK_CUR)             = 0
7106  read(9, "#  You may distribute under the "..., 8192) = 8192
7106  read(9, "ist.\n\nFor backward compatibility"..., 8192) = 8192
7106  brk(0x560d86fa4000)               = 0x560d86fa4000
7106  read(9, "eturn for @$slots;\n\n            "..., 8192) = 4831
7106  read(9, "", 8192)                 = 0
7106  close(9)                          = 0
7106  brk(0x560d86fc5000)               = 0x560d86fc5000
7106  read(8, " or return;\n   my $fh = $self->w"..., 8192) = 8192
7106  read(8, "ddrs = @_;\n\n      try_repeat {\n "..., 8192) = 920
7106  brk(0x560d86fe6000)               = 0x560d86fe6000
7106  read(8, "", 8192)                 = 0
7106  close(8)                          = 0
7106  stat("/mnt/mintdisk/home/ryan/workspace/evalserver-async/bin/../lib/Struct/Dumb.pmc", 0x7fff0416a620) = -1 ENOENT (No such file or directory)
7106  stat("/mnt/mintdisk/home/ryan/workspace/evalserver-async/bin/../lib/Struct/Dumb.pm", 0x7fff0416a620) = -1 ENOENT (No such file or directory)
7106  stat("/home/ryan/perl5/perlbrew/perls/perl-5.24.0/lib/site_perl/5.24.0/x86_64-linux/Struct/Dumb.pmc", 0x7fff0416a620) = -1 ENOENT (No such file or directory)
7106  stat("/home/ryan/perl5/perlbrew/perls/perl-5.24.0/lib/site_perl/5.24.0/x86_64-linux/Struct/Dumb.pm", 0x7fff0416a620) = -1 ENOENT (No such file or directory)
7106  stat("/home/ryan/perl5/perlbrew/perls/perl-5.24.0/lib/site_perl/5.24.0/Struct/Dumb.pmc", 0x7fff0416a620) = -1 ENOENT (No such file or directory)
7106  stat("/home/ryan/perl5/perlbrew/perls/perl-5.24.0/lib/site_perl/5.24.0/Struct/Dumb.pm", {st_mode=S_IFREG|0444, st_size=9167, ...}) = 0
7106  open("/home/ryan/perl5/perlbrew/perls/perl-5.24.0/lib/site_perl/5.24.0/Struct/Dumb.pm", O_RDONLY) = 8
7106  ioctl(8, TCGETS, 0x7fff0416a410)  = -1 ENOTTY (Inappropriate ioctl for device)
7106  lseek(8, 0, SEEK_CUR)             = 0
7106  read(8, "#  You may distribute under the "..., 8192) = 8192
7106  brk(0x560d87007000)               = 0x560d87007000
7106  read(8, "s to instances as if they were A"..., 8192) = 975
7106  read(8, "", 8192)                 = 0
7106  close(8)                          = 0
7106  read(7, "iately, without waiting for the "..., 8192) = 8192
7106  read(7, "eady_for_write> is not used.\nHow"..., 8192) = 8192
7106  read(7, "$encoding->encode( $data );\n    "..., 8192) = 8192
7106  brk(0x560d87029000)               = 0x560d87029000
7106  brk(0x560d8704a000)               = 0x560d8704a000
7106  read(7, "or_read( 1 );\n}\n\n=head2 push_on_"..., 8192) = 8192
7106  read(7, "he C<$record> variable, if there"..., 8192) = 2635
7106  read(7, "", 8192)                 = 0
7106  close(7)                          = 0
7106  brk(0x560d8706b000)               = 0x560d8706b000
7106  read(6, "\n=over 8\n\n=item on_recv => CODE\n"..., 8192) = 4937
7106  brk(0x560d8708d000)               = 0x560d8708d000
7106  read(6, "", 8192)                 = 0
7106  close(6)                          = 0
7106  read(5, "unction->remove_child( $worker )"..., 8192) = 1879
7106  read(5, "", 8192)                 = 0
7106  close(5)                          = 0
7106  stat("/mnt/mintdisk/home/ryan/workspace/evalserver-async/bin/../lib/EvalServer/JobManager.pmc", 0x7fff0416b850) = -1 ENOENT (No such file or directory)
7106  stat("/mnt/mintdisk/home/ryan/workspace/evalserver-async/bin/../lib/EvalServer/JobManager.pm", {st_mode=S_IFREG|0644, st_size=2415, ...}) = 0
7106  open("/mnt/mintdisk/home/ryan/workspace/evalserver-async/bin/../lib/EvalServer/JobManager.pm", O_RDONLY) = 5
7106  ioctl(5, TCGETS, 0x7fff0416b640)  = -1 ENOTTY (Inappropriate ioctl for device)
7106  lseek(5, 0, SEEK_CUR)             = 0
7106  read(5, "package EvalServer::JobManager;\n"..., 8192) = 2415
7106  getuid()                          = 0
7106  geteuid()                         = 0
7106  getgid()                          = 0
7106  getegid()                         = 0
7106  brk(0x560d870ae000)               = 0x560d870ae000
7106  read(5, "", 8192)                 = 0
7106  close(5)                          = 0
7106  getuid()                          = 0
7106  geteuid()                         = 0
7106  getgid()                          = 0
7106  getegid()                         = 0
7106  stat("/mnt/mintdisk/home/ryan/workspace/evalserver-async/bin/../lib/IPC/Run.pmc", 0x7fff0416b850) = -1 ENOENT (No such file or directory)
7106  stat("/mnt/mintdisk/home/ryan/workspace/evalserver-async/bin/../lib/IPC/Run.pm", 0x7fff0416b850) = -1 ENOENT (No such file or directory)
7106  stat("/home/ryan/perl5/perlbrew/perls/perl-5.24.0/lib/site_perl/5.24.0/x86_64-linux/IPC/Run.pmc", 0x7fff0416b850) = -1 ENOENT (No such file or directory)
7106  stat("/home/ryan/perl5/perlbrew/perls/perl-5.24.0/lib/site_perl/5.24.0/x86_64-linux/IPC/Run.pm", 0x7fff0416b850) = -1 ENOENT (No such file or directory)
7106  stat("/home/ryan/perl5/perlbrew/perls/perl-5.24.0/lib/site_perl/5.24.0/IPC/Run.pmc", 0x7fff0416b850) = -1 ENOENT (No such file or directory)
7106  stat("/home/ryan/perl5/perlbrew/perls/perl-5.24.0/lib/site_perl/5.24.0/IPC/Run.pm", {st_mode=S_IFREG|0444, st_size=138058, ...}) = 0
7106  open("/home/ryan/perl5/perlbrew/perls/perl-5.24.0/lib/site_perl/5.24.0/IPC/Run.pm", O_RDONLY) = 5
7106  ioctl(5, TCGETS, 0x7fff0416b640)  = -1 ENOTTY (Inappropriate ioctl for device)
7106  lseek(5, 0, SEEK_CUR)             = 0
7106  read(5, "package IPC::Run;\nuse bytes;\n\n=p"..., 8192) = 8192
7106  read(5, "eful not to disturb the current "..., 8192) = 8192
7106  read(5, "  \\@cmd1,\n         '<', \\$in,\n  "..., 8192) = 8192
7106  read(5, "err completely closed before any"..., 8192) = 8192
7106  read(5, "unker, $out,\n   );\n\n=back\n\n=head"..., 8192) = 8192
7106  getuid()                          = 0
7106  geteuid()                         = 0
7106  getgid()                          = 0
7106  getegid()                         = 0
7106  stat("/mnt/mintdisk/home/ryan/workspace/evalserver-async/bin/../lib/IPC/Run/Debug.pmc", 0x7fff0416b240) = -1 ENOENT (No such file or directory)
7106  stat("/mnt/mintdisk/home/ryan/workspace/evalserver-async/bin/../lib/IPC/Run/Debug.pm", 0x7fff0416b240) = -1 ENOENT (No such file or directory)
7106  stat("/home/ryan/perl5/perlbrew/perls/perl-5.24.0/lib/site_perl/5.24.0/x86_64-linux/IPC/Run/Debug.pmc", 0x7fff0416b240) = -1 ENOENT (No such file or directory)
7106  stat("/home/ryan/perl5/perlbrew/perls/perl-5.24.0/lib/site_perl/5.24.0/x86_64-linux/IPC/Run/Debug.pm", 0x7fff0416b240) = -1 ENOENT (No such file or directory)
7106  stat("/home/ryan/perl5/perlbrew/perls/perl-5.24.0/lib/site_perl/5.24.0/IPC/Run/Debug.pmc", 0x7fff0416b240) = -1 ENOENT (No such file or directory)
7106  stat("/home/ryan/perl5/perlbrew/perls/perl-5.24.0/lib/site_perl/5.24.0/IPC/Run/Debug.pm", {st_mode=S_IFREG|0444, st_size=7730, ...}) = 0
7106  open("/home/ryan/perl5/perlbrew/perls/perl-5.24.0/lib/site_perl/5.24.0/IPC/Run/Debug.pm", O_RDONLY) = 6
7106  ioctl(6, TCGETS, 0x7fff0416b030)  = -1 ENOTTY (Inappropriate ioctl for device)
7106  lseek(6, 0, SEEK_CUR)             = 0
7106  read(6, "package IPC::Run::Debug;\n\n=pod\n\n"..., 8192) = 7730
7106  getuid()                          = 0
7106  geteuid()                         = 0
7106  getgid()                          = 0
7106  getegid()                         = 0
7106  read(6, "", 8192)                 = 0
7106  close(6)                          = 0
7106  brk(0x560d870cf000)               = 0x560d870cf000
7106  brk(0x560d870f0000)               = 0x560d870f0000
7106  getpid()                          = 7106
7106  stat("/mnt/mintdisk/home/ryan/workspace/evalserver-async/bin/../lib/UNIVERSAL.pmc", 0x7fff0416b240) = -1 ENOENT (No such file or directory)
7106  stat("/mnt/mintdisk/home/ryan/workspace/evalserver-async/bin/../lib/UNIVERSAL.pm", 0x7fff0416b240) = -1 ENOENT (No such file or directory)
7106  stat("/home/ryan/perl5/perlbrew/perls/perl-5.24.0/lib/site_perl/5.24.0/x86_64-linux/UNIVERSAL.pmc", 0x7fff0416b240) = -1 ENOENT (No such file or directory)
7106  stat("/home/ryan/perl5/perlbrew/perls/perl-5.24.0/lib/site_perl/5.24.0/x86_64-linux/UNIVERSAL.pm", 0x7fff0416b240) = -1 ENOENT (No such file or directory)
7106  stat("/home/ryan/perl5/perlbrew/perls/perl-5.24.0/lib/site_perl/5.24.0/UNIVERSAL.pmc", 0x7fff0416b240) = -1 ENOENT (No such file or directory)
7106  stat("/home/ryan/perl5/perlbrew/perls/perl-5.24.0/lib/site_perl/5.24.0/UNIVERSAL.pm", 0x7fff0416b240) = -1 ENOENT (No such file or directory)
7106  stat("/home/ryan/perl5/perlbrew/perls/perl-5.24.0/lib/5.24.0/x86_64-linux/UNIVERSAL.pmc", 0x7fff0416b240) = -1 ENOENT (No such file or directory)
7106  stat("/home/ryan/perl5/perlbrew/perls/perl-5.24.0/lib/5.24.0/x86_64-linux/UNIVERSAL.pm", 0x7fff0416b240) = -1 ENOENT (No such file or directory)
7106  stat("/home/ryan/perl5/perlbrew/perls/perl-5.24.0/lib/5.24.0/UNIVERSAL.pmc", 0x7fff0416b240) = -1 ENOENT (No such file or directory)
7106  stat("/home/ryan/perl5/perlbrew/perls/perl-5.24.0/lib/5.24.0/UNIVERSAL.pm", {st_mode=S_IFREG|0444, st_size=6594, ...}) = 0
7106  open("/home/ryan/perl5/perlbrew/perls/perl-5.24.0/lib/5.24.0/UNIVERSAL.pm", O_RDONLY) = 6
7106  ioctl(6, TCGETS, 0x7fff0416b030)  = -1 ENOTTY (Inappropriate ioctl for device)
7106  lseek(6, 0, SEEK_CUR)             = 0
7106  read(6, "package UNIVERSAL;\n\nour $VERSION"..., 8192) = 6594
7106  lseek(6, 519, SEEK_SET)           = 519
7106  lseek(6, 0, SEEK_CUR)             = 519
7106  close(6)                          = 0
7106  brk(0x560d87111000)               = 0x560d87111000
7106  brk(0x560d87110000)               = 0x560d87110000
7106  read(5, "\n   return $r;\n}\n\n\nsub _dup2_rud"..., 8192) = 8192
7106  brk(0x560d87131000)               = 0x560d87131000
7106  brk(0x560d87130000)               = 0x560d87130000
7106  read(5, "ll_kill_kill_pussycat_kill unles"..., 8192) = 8192
7106  brk(0x560d87151000)               = 0x560d87151000
7106  read(5, "d*) (<pty) ((?:\\s+\\S+)?) (<) () "..., 8192) = 8192
7106  brk(0x560d87175000)               = 0x560d87175000
7106  read(5, "dren.\n   ## @output_fds_accum ac"..., 8192) = 8192
7106  brk(0x560d87196000)               = 0x560d87196000
7106  read(5, " }\n            elsif ( $op->{TYP"..., 8192) = 8192
7106  brk(0x560d871b7000)               = 0x560d871b7000
7106  brk(0x560d871b6000)               = 0x560d871b6000
7106  read(5, "_kid_and_exit {\n   my IPC::Run $"..., 8192) = 8192
7106  brk(0x560d871d7000)               = 0x560d871d7000
7106  read(5, "on't\n      ## inherit output buf"..., 8192) = 8192
7106  brk(0x560d871f8000)               = 0x560d871f8000
7106  read(5, "= 0.5;\n      }\n\n      _debug 'ti"..., 8192) = 8192
7106  brk(0x560d8721c000)               = 0x560d8721c000
7106  read(5, "t want to starve any child proce"..., 8192) = 8192
7106  brk(0x560d8723d000)               = 0x560d8723d000
7106  read(5, "roak \"Harness not run\" unless $s"..., 8192) = 8192
7106  read(5, "t even\n#   ## one second less th"..., 8192) = 8192
7106  brk(0x560d8725e000)               = 0x560d8725e000
7106  read(5, " socket connected to the\nparent."..., 8192) = 6986
7106  read(5, "", 8192)                 = 0
7106  close(5)                          = 0
7106  stat("/mnt/mintdisk/home/ryan/workspace/evalserver-async/bin/../lib/IPC/Run/IO.pmc", 0x7fff0416b850) = -1 ENOENT (No such file or directory)
7106  stat("/mnt/mintdisk/home/ryan/workspace/evalserver-async/bin/../lib/IPC/Run/IO.pm", 0x7fff0416b850) = -1 ENOENT (No such file or directory)
7106  stat("/home/ryan/perl5/perlbrew/perls/perl-5.24.0/lib/site_perl/5.24.0/x86_64-linux/IPC/Run/IO.pmc", 0x7fff0416b850) = -1 ENOENT (No such file or directory)
7106  stat("/home/ryan/perl5/perlbrew/perls/perl-5.24.0/lib/site_perl/5.24.0/x86_64-linux/IPC/Run/IO.pm", 0x7fff0416b850) = -1 ENOENT (No such file or directory)
7106  stat("/home/ryan/perl5/perlbrew/perls/perl-5.24.0/lib/site_perl/5.24.0/IPC/Run/IO.pmc", 0x7fff0416b850) = -1 ENOENT (No such file or directory)
7106  stat("/home/ryan/perl5/perlbrew/perls/perl-5.24.0/lib/site_perl/5.24.0/IPC/Run/IO.pm", {st_mode=S_IFREG|0444, st_size=14086, ...}) = 0
7106  open("/home/ryan/perl5/perlbrew/perls/perl-5.24.0/lib/site_perl/5.24.0/IPC/Run/IO.pm", O_RDONLY) = 5
7106  ioctl(5, TCGETS, 0x7fff0416b640)  = -1 ENOTTY (Inappropriate ioctl for device)
7106  lseek(5, 0, SEEK_CUR)             = 0
7106  read(5, "package IPC::Run::IO;\n\n=head1 NA"..., 8192) = 8192
7106  brk(0x560d8727f000)               = 0x560d8727f000
7106  read(5, "FD}, $self->{TFD} ) = IPC::Run::"..., 8192) = 5894
7106  read(5, "", 8192)                 = 0
7106  close(5)                          = 0
7106  stat("/mnt/mintdisk/home/ryan/workspace/evalserver-async/bin/../lib/IPC/Run/Timer.pmc", 0x7fff0416b850) = -1 ENOENT (No such file or directory)
7106  stat("/mnt/mintdisk/home/ryan/workspace/evalserver-async/bin/../lib/IPC/Run/Timer.pm", 0x7fff0416b850) = -1 ENOENT (No such file or directory)
7106  stat("/home/ryan/perl5/perlbrew/perls/perl-5.24.0/lib/site_perl/5.24.0/x86_64-linux/IPC/Run/Timer.pmc", 0x7fff0416b850) = -1 ENOENT (No such file or directory)
7106  stat("/home/ryan/perl5/perlbrew/perls/perl-5.24.0/lib/site_perl/5.24.0/x86_64-linux/IPC/Run/Timer.pm", 0x7fff0416b850) = -1 ENOENT (No such file or directory)
7106  stat("/home/ryan/perl5/perlbrew/perls/perl-5.24.0/lib/site_perl/5.24.0/IPC/Run/Timer.pmc", 0x7fff0416b850) = -1 ENOENT (No such file or directory)
7106  stat("/home/ryan/perl5/perlbrew/perls/perl-5.24.0/lib/site_perl/5.24.0/IPC/Run/Timer.pm", {st_mode=S_IFREG|0444, st_size=16354, ...}) = 0
7106  open("/home/ryan/perl5/perlbrew/perls/perl-5.24.0/lib/site_perl/5.24.0/IPC/Run/Timer.pm", O_RDONLY) = 5
7106  ioctl(5, TCGETS, 0x7fff0416b640)  = -1 ENOTTY (Inappropriate ioctl for device)
7106  lseek(5, 0, SEEK_CUR)             = 0
7106  read(5, "package IPC::Run::Timer;\n\n=pod\n\n"..., 8192) = 8192
7106  getuid()                          = 0
7106  geteuid()                         = 0
7106  getgid()                          = 0
7106  getegid()                         = 0
7106  brk(0x560d872a0000)               = 0x560d872a0000
7106  read(5, "g'\";\n      }\n   }\n\n   _debug $se"..., 8192) = 8162
7106  brk(0x560d872c1000)               = 0x560d872c1000
7106  read(5, "", 8192)                 = 0
7106  close(5)                          = 0
7106  read(4, "", 8192)                 = 0
7106  close(4)                          = 0
7106  read(3, "", 8192)                 = 0
7106  close(3)                          = 0
7106  stat("/mnt/mintdisk/home/ryan/workspace/evalserver-async/bin/../lib/IO/Async/Loop/Epoll.pmc", 0x7fff0416c4e0) = -1 ENOENT (No such file or directory)
7106  stat("/mnt/mintdisk/home/ryan/workspace/evalserver-async/bin/../lib/IO/Async/Loop/Epoll.pm", 0x7fff0416c4e0) = -1 ENOENT (No such file or directory)
7106  stat("/home/ryan/perl5/perlbrew/perls/perl-5.24.0/lib/site_perl/5.24.0/x86_64-linux/IO/Async/Loop/Epoll.pmc", 0x7fff0416c4e0) = -1 ENOENT (No such file or directory)
7106  stat("/home/ryan/perl5/perlbrew/perls/perl-5.24.0/lib/site_perl/5.24.0/x86_64-linux/IO/Async/Loop/Epoll.pm", 0x7fff0416c4e0) = -1 ENOENT (No such file or directory)
7106  stat("/home/ryan/perl5/perlbrew/perls/perl-5.24.0/lib/site_perl/5.24.0/IO/Async/Loop/Epoll.pmc", 0x7fff0416c4e0) = -1 ENOENT (No such file or directory)
7106  stat("/home/ryan/perl5/perlbrew/perls/perl-5.24.0/lib/site_perl/5.24.0/IO/Async/Loop/Epoll.pm", 0x7fff0416c4e0) = -1 ENOENT (No such file or directory)
7106  stat("/home/ryan/perl5/perlbrew/perls/perl-5.24.0/lib/5.24.0/x86_64-linux/IO/Async/Loop/Epoll.pmc", 0x7fff0416c4e0) = -1 ENOENT (No such file or directory)
7106  stat("/home/ryan/perl5/perlbrew/perls/perl-5.24.0/lib/5.24.0/x86_64-linux/IO/Async/Loop/Epoll.pm", 0x7fff0416c4e0) = -1 ENOENT (No such file or directory)
7106  stat("/home/ryan/perl5/perlbrew/perls/perl-5.24.0/lib/5.24.0/IO/Async/Loop/Epoll.pmc", 0x7fff0416c4e0) = -1 ENOENT (No such file or directory)
7106  stat("/home/ryan/perl5/perlbrew/perls/perl-5.24.0/lib/5.24.0/IO/Async/Loop/Epoll.pm", 0x7fff0416c4e0) = -1 ENOENT (No such file or directory)
7106  stat("./IO/Async/Loop/Epoll.pmc", 0x7fff0416c4e0) = -1 ENOENT (No such file or directory)
7106  stat("./IO/Async/Loop/Epoll.pm", 0x7fff0416c4e0) = -1 ENOENT (No such file or directory)
7106  stat("/mnt/mintdisk/home/ryan/workspace/evalserver-async/bin/../lib/IO/Async/Loop/Ppoll.pmc", 0x7fff0416c4e0) = -1 ENOENT (No such file or directory)
7106  stat("/mnt/mintdisk/home/ryan/workspace/evalserver-async/bin/../lib/IO/Async/Loop/Ppoll.pm", 0x7fff0416c4e0) = -1 ENOENT (No such file or directory)
7106  stat("/home/ryan/perl5/perlbrew/perls/perl-5.24.0/lib/site_perl/5.24.0/x86_64-linux/IO/Async/Loop/Ppoll.pmc", 0x7fff0416c4e0) = -1 ENOENT (No such file or directory)
7106  stat("/home/ryan/perl5/perlbrew/perls/perl-5.24.0/lib/site_perl/5.24.0/x86_64-linux/IO/Async/Loop/Ppoll.pm", 0x7fff0416c4e0) = -1 ENOENT (No such file or directory)
7106  stat("/home/ryan/perl5/perlbrew/perls/perl-5.24.0/lib/site_perl/5.24.0/IO/Async/Loop/Ppoll.pmc", 0x7fff0416c4e0) = -1 ENOENT (No such file or directory)
7106  stat("/home/ryan/perl5/perlbrew/perls/perl-5.24.0/lib/site_perl/5.24.0/IO/Async/Loop/Ppoll.pm", 0x7fff0416c4e0) = -1 ENOENT (No such file or directory)
7106  stat("/home/ryan/perl5/perlbrew/perls/perl-5.24.0/lib/5.24.0/x86_64-linux/IO/Async/Loop/Ppoll.pmc", 0x7fff0416c4e0) = -1 ENOENT (No such file or directory)
7106  stat("/home/ryan/perl5/perlbrew/perls/perl-5.24.0/lib/5.24.0/x86_64-linux/IO/Async/Loop/Ppoll.pm", 0x7fff0416c4e0) = -1 ENOENT (No such file or directory)
7106  stat("/home/ryan/perl5/perlbrew/perls/perl-5.24.0/lib/5.24.0/IO/Async/Loop/Ppoll.pmc", 0x7fff0416c4e0) = -1 ENOENT (No such file or directory)
7106  stat("/home/ryan/perl5/perlbrew/perls/perl-5.24.0/lib/5.24.0/IO/Async/Loop/Ppoll.pm", 0x7fff0416c4e0) = -1 ENOENT (No such file or directory)
7106  stat("./IO/Async/Loop/Ppoll.pmc", 0x7fff0416c4e0) = -1 ENOENT (No such file or directory)
7106  stat("./IO/Async/Loop/Ppoll.pm", 0x7fff0416c4e0) = -1 ENOENT (No such file or directory)
7106  stat("/mnt/mintdisk/home/ryan/workspace/evalserver-async/bin/../lib/IO/Async/Loop/linux.pmc", 0x7fff0416c4e0) = -1 ENOENT (No such file or directory)
7106  stat("/mnt/mintdisk/home/ryan/workspace/evalserver-async/bin/../lib/IO/Async/Loop/linux.pm", 0x7fff0416c4e0) = -1 ENOENT (No such file or directory)
7106  stat("/home/ryan/perl5/perlbrew/perls/perl-5.24.0/lib/site_perl/5.24.0/x86_64-linux/IO/Async/Loop/linux.pmc", 0x7fff0416c4e0) = -1 ENOENT (No such file or directory)
7106  stat("/home/ryan/perl5/perlbrew/perls/perl-5.24.0/lib/site_perl/5.24.0/x86_64-linux/IO/Async/Loop/linux.pm", 0x7fff0416c4e0) = -1 ENOENT (No such file or directory)
7106  stat("/home/ryan/perl5/perlbrew/perls/perl-5.24.0/lib/site_perl/5.24.0/IO/Async/Loop/linux.pmc", 0x7fff0416c4e0) = -1 ENOENT (No such file or directory)
7106  stat("/home/ryan/perl5/perlbrew/perls/perl-5.24.0/lib/site_perl/5.24.0/IO/Async/Loop/linux.pm", 0x7fff0416c4e0) = -1 ENOENT (No such file or directory)
7106  stat("/home/ryan/perl5/perlbrew/perls/perl-5.24.0/lib/5.24.0/x86_64-linux/IO/Async/Loop/linux.pmc", 0x7fff0416c4e0) = -1 ENOENT (No such file or directory)
7106  stat("/home/ryan/perl5/perlbrew/perls/perl-5.24.0/lib/5.24.0/x86_64-linux/IO/Async/Loop/linux.pm", 0x7fff0416c4e0) = -1 ENOENT (No such file or directory)
7106  stat("/home/ryan/perl5/perlbrew/perls/perl-5.24.0/lib/5.24.0/IO/Async/Loop/linux.pmc", 0x7fff0416c4e0) = -1 ENOENT (No such file or directory)
7106  stat("/home/ryan/perl5/perlbrew/perls/perl-5.24.0/lib/5.24.0/IO/Async/Loop/linux.pm", 0x7fff0416c4e0) = -1 ENOENT (No such file or directory)
7106  stat("./IO/Async/Loop/linux.pmc", 0x7fff0416c4e0) = -1 ENOENT (No such file or directory)
7106  stat("./IO/Async/Loop/linux.pm", 0x7fff0416c4e0) = -1 ENOENT (No such file or directory)
7106  stat("/mnt/mintdisk/home/ryan/workspace/evalserver-async/bin/../lib/IO/Async/Loop/Poll.pmc", 0x7fff0416c4e0) = -1 ENOENT (No such file or directory)
7106  stat("/mnt/mintdisk/home/ryan/workspace/evalserver-async/bin/../lib/IO/Async/Loop/Poll.pm", 0x7fff0416c4e0) = -1 ENOENT (No such file or directory)
7106  stat("/home/ryan/perl5/perlbrew/perls/perl-5.24.0/lib/site_perl/5.24.0/x86_64-linux/IO/Async/Loop/Poll.pmc", 0x7fff0416c4e0) = -1 ENOENT (No such file or directory)
7106  stat("/home/ryan/perl5/perlbrew/perls/perl-5.24.0/lib/site_perl/5.24.0/x86_64-linux/IO/Async/Loop/Poll.pm", 0x7fff0416c4e0) = -1 ENOENT (No such file or directory)
7106  stat("/home/ryan/perl5/perlbrew/perls/perl-5.24.0/lib/site_perl/5.24.0/IO/Async/Loop/Poll.pmc", 0x7fff0416c4e0) = -1 ENOENT (No such file or directory)
7106  stat("/home/ryan/perl5/perlbrew/perls/perl-5.24.0/lib/site_perl/5.24.0/IO/Async/Loop/Poll.pm", {st_mode=S_IFREG|0444, st_size=9677, ...}) = 0
7106  open("/home/ryan/perl5/perlbrew/perls/perl-5.24.0/lib/site_perl/5.24.0/IO/Async/Loop/Poll.pm", O_RDONLY) = 3
7106  ioctl(3, TCGETS, 0x7fff0416c2d0)  = -1 ENOTTY (Inappropriate ioctl for device)
7106  lseek(3, 0, SEEK_CUR)             = 0
7106  read(3, "#  You may distribute under the "..., 8192) = 8192
7106  stat("/mnt/mintdisk/home/ryan/workspace/evalserver-async/bin/../lib/IO/Poll.pmc", 0x7fff0416bed0) = -1 ENOENT (No such file or directory)
7106  stat("/mnt/mintdisk/home/ryan/workspace/evalserver-async/bin/../lib/IO/Poll.pm", 0x7fff0416bed0) = -1 ENOENT (No such file or directory)
7106  stat("/home/ryan/perl5/perlbrew/perls/perl-5.24.0/lib/site_perl/5.24.0/x86_64-linux/IO/Poll.pmc", 0x7fff0416bed0) = -1 ENOENT (No such file or directory)
7106  stat("/home/ryan/perl5/perlbrew/perls/perl-5.24.0/lib/site_perl/5.24.0/x86_64-linux/IO/Poll.pm", 0x7fff0416bed0) = -1 ENOENT (No such file or directory)
7106  stat("/home/ryan/perl5/perlbrew/perls/perl-5.24.0/lib/site_perl/5.24.0/IO/Poll.pmc", 0x7fff0416bed0) = -1 ENOENT (No such file or directory)
7106  stat("/home/ryan/perl5/perlbrew/perls/perl-5.24.0/lib/site_perl/5.24.0/IO/Poll.pm", 0x7fff0416bed0) = -1 ENOENT (No such file or directory)
7106  stat("/home/ryan/perl5/perlbrew/perls/perl-5.24.0/lib/5.24.0/x86_64-linux/IO/Poll.pmc", 0x7fff0416bed0) = -1 ENOENT (No such file or directory)
7106  stat("/home/ryan/perl5/perlbrew/perls/perl-5.24.0/lib/5.24.0/x86_64-linux/IO/Poll.pm", {st_mode=S_IFREG|0444, st_size=4539, ...}) = 0
7106  open("/home/ryan/perl5/perlbrew/perls/perl-5.24.0/lib/5.24.0/x86_64-linux/IO/Poll.pm", O_RDONLY) = 4
7106  ioctl(4, TCGETS, 0x7fff0416bcc0)  = -1 ENOTTY (Inappropriate ioctl for device)
7106  lseek(4, 0, SEEK_CUR)             = 0
7106  read(4, "\n# IO::Poll.pm\n#\n# Copyright (c)"..., 8192) = 4539
7106  brk(0x560d872e2000)               = 0x560d872e2000
7106  lseek(4, 2633, SEEK_SET)          = 2633
7106  lseek(4, 0, SEEK_CUR)             = 2633
7106  close(4)                          = 0
7106  getuid()                          = 0
7106  geteuid()                         = 0
7106  getgid()                          = 0
7106  getegid()                         = 0
7106  read(3, "ask;\n   $params{on_read_ready}  "..., 8192) = 1485
7106  brk(0x560d87303000)               = 0x560d87303000
7106  read(3, "", 8192)                 = 0
7106  close(3)                          = 0
7106  open("/mnt/mintdisk/home/ryan/workspace/evalserver-async/bin/../etc/config.toml", O_RDONLY) = 3
7106  ioctl(3, TCGETS, 0x7fff0416c340)  = -1 ENOTTY (Inappropriate ioctl for device)
7106  lseek(3, 0, SEEK_CUR)             = 0
7106  fstat(3, {st_mode=S_IFREG|0644, st_size=2456, ...}) = 0
7106  fcntl(3, F_SETFD, FD_CLOEXEC)     = 0
7106  fstat(3, {st_mode=S_IFREG|0644, st_size=2456, ...}) = 0
7106  read(3, "[evalserver]\nport = \"14401\"\nhost"..., 8192) = 2456
7106  read(3, "", 8192)                 = 0
7106  close(3)                          = 0
7106  brk(0x560d87324000)               = 0x560d87324000
7106  stat("/mnt/mintdisk/home/ryan/workspace/evalserver-async/bin/../lib/IO/Async/Listener.pmc", 0x7fff0416c4e0) = -1 ENOENT (No such file or directory)
7106  stat("/mnt/mintdisk/home/ryan/workspace/evalserver-async/bin/../lib/IO/Async/Listener.pm", 0x7fff0416c4e0) = -1 ENOENT (No such file or directory)
7106  stat("/home/ryan/perl5/perlbrew/perls/perl-5.24.0/lib/site_perl/5.24.0/x86_64-linux/IO/Async/Listener.pmc", 0x7fff0416c4e0) = -1 ENOENT (No such file or directory)
7106  stat("/home/ryan/perl5/perlbrew/perls/perl-5.24.0/lib/site_perl/5.24.0/x86_64-linux/IO/Async/Listener.pm", 0x7fff0416c4e0) = -1 ENOENT (No such file or directory)
7106  stat("/home/ryan/perl5/perlbrew/perls/perl-5.24.0/lib/site_perl/5.24.0/IO/Async/Listener.pmc", 0x7fff0416c4e0) = -1 ENOENT (No such file or directory)
7106  stat("/home/ryan/perl5/perlbrew/perls/perl-5.24.0/lib/site_perl/5.24.0/IO/Async/Listener.pm", {st_mode=S_IFREG|0444, st_size=14347, ...}) = 0
7106  open("/home/ryan/perl5/perlbrew/perls/perl-5.24.0/lib/site_perl/5.24.0/IO/Async/Listener.pm", O_RDONLY) = 3
7106  ioctl(3, TCGETS, 0x7fff0416c2d0)  = -1 ENOTTY (Inappropriate ioctl for device)
7106  lseek(3, 0, SEEK_CUR)             = 0
7106  read(3, "#  You may distribute under the "..., 8192) = 8192
7106  brk(0x560d87346000)               = 0x560d87346000
7106  read(3, "dle_class\" ) ) {\n         $handl"..., 8192) = 6155
7106  read(3, "", 8192)                 = 0
7106  close(3)                          = 0
7106  stat("/mnt/mintdisk/home/ryan/workspace/evalserver-async/bin/../lib/IO/Async/Resolver.pmc", 0x7fff0416c4e0) = -1 ENOENT (No such file or directory)
7106  stat("/mnt/mintdisk/home/ryan/workspace/evalserver-async/bin/../lib/IO/Async/Resolver.pm", 0x7fff0416c4e0) = -1 ENOENT (No such file or directory)
7106  stat("/home/ryan/perl5/perlbrew/perls/perl-5.24.0/lib/site_perl/5.24.0/x86_64-linux/IO/Async/Resolver.pmc", 0x7fff0416c4e0) = -1 ENOENT (No such file or directory)
7106  stat("/home/ryan/perl5/perlbrew/perls/perl-5.24.0/lib/site_perl/5.24.0/x86_64-linux/IO/Async/Resolver.pm", 0x7fff0416c4e0) = -1 ENOENT (No such file or directory)
7106  stat("/home/ryan/perl5/perlbrew/perls/perl-5.24.0/lib/site_perl/5.24.0/IO/Async/Resolver.pmc", 0x7fff0416c4e0) = -1 ENOENT (No such file or directory)
7106  stat("/home/ryan/perl5/perlbrew/perls/perl-5.24.0/lib/site_perl/5.24.0/IO/Async/Resolver.pm", {st_mode=S_IFREG|0444, st_size=21398, ...}) = 0
7106  open("/home/ryan/perl5/perlbrew/perls/perl-5.24.0/lib/site_perl/5.24.0/IO/Async/Resolver.pm", O_RDONLY) = 3
7106  ioctl(3, TCGETS, 0x7fff0416c2d0)  = -1 ENOTTY (Inappropriate ioctl for device)
7106  lseek(3, 0, SEEK_CUR)             = 0
7106  read(3, "#  You may distribute under the "..., 8192) = 8192
7106  setitimer(ITIMER_REAL, {it_interval={tv_sec=0, tv_usec=0}, it_value={tv_sec=0, tv_usec=0}}, {it_interval={tv_sec=0, tv_usec=0}, it_value={tv_sec=0, tv_usec=0}}) = 0
7106  read(3, "ke an IPv4 or IPv6 string, a syn"..., 8192) = 8192
7106  brk(0x560d87367000)               = 0x560d87367000
7106  read(3, "ub { my @r = getgrnam( $_[0] ) o"..., 8192) = 5014
7106  brk(0x560d87388000)               = 0x560d87388000
7106  read(3, "", 8192)                 = 0
7106  close(3)                          = 0
7106  stat("/mnt/mintdisk/home/ryan/workspace/evalserver-async/bin/../lib/IO/Async/Future.pmc", 0x7fff0416c4e0) = -1 ENOENT (No such file or directory)
7106  stat("/mnt/mintdisk/home/ryan/workspace/evalserver-async/bin/../lib/IO/Async/Future.pm", 0x7fff0416c4e0) = -1 ENOENT (No such file or directory)
7106  stat("/home/ryan/perl5/perlbrew/perls/perl-5.24.0/lib/site_perl/5.24.0/x86_64-linux/IO/Async/Future.pmc", 0x7fff0416c4e0) = -1 ENOENT (No such file or directory)
7106  stat("/home/ryan/perl5/perlbrew/perls/perl-5.24.0/lib/site_perl/5.24.0/x86_64-linux/IO/Async/Future.pm", 0x7fff0416c4e0) = -1 ENOENT (No such file or directory)
7106  stat("/home/ryan/perl5/perlbrew/perls/perl-5.24.0/lib/site_perl/5.24.0/IO/Async/Future.pmc", 0x7fff0416c4e0) = -1 ENOENT (No such file or directory)
7106  stat("/home/ryan/perl5/perlbrew/perls/perl-5.24.0/lib/site_perl/5.24.0/IO/Async/Future.pm", {st_mode=S_IFREG|0444, st_size=3018, ...}) = 0
7106  open("/home/ryan/perl5/perlbrew/perls/perl-5.24.0/lib/site_perl/5.24.0/IO/Async/Future.pm", O_RDONLY) = 3
7106  ioctl(3, TCGETS, 0x7fff0416c2d0)  = -1 ENOTTY (Inappropriate ioctl for device)
7106  lseek(3, 0, SEEK_CUR)             = 0
7106  read(3, "#  You may distribute under the "..., 8192) = 3018
7106  read(3, "", 8192)                 = 0
7106  close(3)                          = 0
7106  socket(AF_INET, SOCK_STREAM, IPPROTO_TCP) = 3
7106  ioctl(3, TCGETS, 0x7fff0416c470)  = -1 ENOTTY (Inappropriate ioctl for device)
7106  lseek(3, 0, SEEK_CUR)             = -1 ESPIPE (Illegal seek)
7106  ioctl(3, TCGETS, 0x7fff0416c470)  = -1 ENOTTY (Inappropriate ioctl for device)
7106  lseek(3, 0, SEEK_CUR)             = -1 ESPIPE (Illegal seek)
7106  fcntl(3, F_SETFD, FD_CLOEXEC)     = 0
7106  setsockopt(3, SOL_SOCKET, SO_REUSEADDR, [1], 4) = 0
7106  bind(3, {sa_family=AF_INET, sin_port=htons(14401), sin_addr=inet_addr("127.0.0.1")}, 16) = 0
7106  listen(3, 3)                      = 0
7106  getsockname(3, {sa_family=AF_INET, sin_port=htons(14401), sin_addr=inet_addr("127.0.0.1")}, [256->16]) = 0
7106  getsockopt(3, SOL_SOCKET, SO_ACCEPTCONN, [1], [4]) = 0
7106  fcntl(3, F_GETFL)                 = 0x2 (flags O_RDWR)
7106  fcntl(3, F_GETFL)                 = 0x2 (flags O_RDWR)
7106  fcntl(3, F_SETFL, O_RDWR|O_NONBLOCK) = 0
7106  getsockname(3, {sa_family=AF_INET, sin_port=htons(14401), sin_addr=inet_addr("127.0.0.1")}, [256->16]) = 0
7106  getsockname(3, {sa_family=AF_INET, sin_port=htons(14401), sin_addr=inet_addr("127.0.0.1")}, [256->16]) = 0
7106  write(2, "listening on: 127.0.0.1:14401\n", 30) = 30
7106  poll([{fd=3, events=POLLIN}], 1, -1) = 1 ([{fd=3, revents=POLLIN}])
7106  accept(3, {sa_family=AF_INET, sin_port=htons(46668), sin_addr=inet_addr("127.0.0.1")}, [4096->16]) = 4
7106  ioctl(4, TCGETS, 0x7fff0416b450)  = -1 ENOTTY (Inappropriate ioctl for device)
7106  lseek(4, 0, SEEK_CUR)             = -1 ESPIPE (Illegal seek)
7106  ioctl(4, TCGETS, 0x7fff0416b450)  = -1 ENOTTY (Inappropriate ioctl for device)
7106  lseek(4, 0, SEEK_CUR)             = -1 ESPIPE (Illegal seek)
7106  fcntl(4, F_SETFD, FD_CLOEXEC)     = 0
7106  fcntl(4, F_GETFL)                 = 0x2 (flags O_RDWR)
7106  fcntl(4, F_SETFL, O_RDWR|O_NONBLOCK) = 0
7106  fcntl(4, F_GETFL)                 = 0x802 (flags O_RDWR|O_NONBLOCK)
7106  poll([{fd=4, events=POLLIN}, {fd=3, events=POLLIN}], 2, -1) = 1 ([{fd=4, revents=POLLIN}])
7106  read(4, "asdf\r\n", 8192)         = 6
7106  fcntl(4, F_GETFL)                 = 0x802 (flags O_RDWR|O_NONBLOCK)
7106  poll([{fd=4, events=POLLIN|POLLOUT}, {fd=3, events=POLLIN}], 2, -1) = 1 ([{fd=4, revents=POLLOUT}])
7106  write(4, "asdf\r\n", 6)           = 6
7106  poll([{fd=4, events=POLLIN}, {fd=3, events=POLLIN}], 2, -1) = 1 ([{fd=4, revents=POLLIN}])
7106  read(4, "fdas\r\n", 8192)         = 6
7106  fcntl(4, F_GETFL)                 = 0x802 (flags O_RDWR|O_NONBLOCK)
7106  poll([{fd=4, events=POLLIN|POLLOUT}, {fd=3, events=POLLIN}], 2, -1) = 1 ([{fd=4, revents=POLLOUT}])
7106  write(4, "fdas\r\n", 6)           = 6
7106  poll([{fd=4, events=POLLIN}, {fd=3, events=POLLIN}], 2, -1) = 1 ([{fd=4, revents=POLLIN}])
7106  read(4, "asdf\r\n", 8192)         = 6
7106  fcntl(4, F_GETFL)                 = 0x802 (flags O_RDWR|O_NONBLOCK)
7106  poll([{fd=4, events=POLLIN|POLLOUT}, {fd=3, events=POLLIN}], 2, -1) = 1 ([{fd=4, revents=POLLOUT}])
7106  write(4, "asdf\r\n", 6)           = 6
7106  poll([{fd=4, events=POLLIN}, {fd=3, events=POLLIN}], 2, -1) = 1 ([{fd=4, revents=POLLIN}])
7106  read(4, "\4", 8192)               = 1
7106  fcntl(4, F_GETFL)                 = 0x802 (flags O_RDWR|O_NONBLOCK)
7106  poll([{fd=4, events=POLLIN|POLLOUT}, {fd=3, events=POLLIN}], 2, -1) = 1 ([{fd=4, revents=POLLOUT}])
7106  write(4, "\4", 1)                 = 1
7106  poll([{fd=4, events=POLLIN}, {fd=3, events=POLLIN}], 2, -1) = 1 ([{fd=4, revents=POLLIN}])
7106  read(4, "\377\364\377\375\6", 8192) = 5
7106  fcntl(4, F_GETFL)                 = 0x802 (flags O_RDWR|O_NONBLOCK)
7106  poll([{fd=4, events=POLLIN|POLLOUT}, {fd=3, events=POLLIN}], 2, -1) = 1 ([{fd=4, revents=POLLOUT}])
7106  write(4, "\377\364\377\375\6", 5) = 5
7106  poll([{fd=4, events=POLLIN}, {fd=3, events=POLLIN}], 2, -1) = 1 ([{fd=4, revents=POLLIN}])
7106  read(4, "\377\373\6", 8192)       = 3
7106  fcntl(4, F_GETFL)                 = 0x802 (flags O_RDWR|O_NONBLOCK)
7106  poll([{fd=4, events=POLLIN|POLLOUT}, {fd=3, events=POLLIN}], 2, -1) = 1 ([{fd=4, revents=POLLOUT}])
7106  write(4, "\377\373\6", 3)         = 3
7106  poll([{fd=4, events=POLLIN}, {fd=3, events=POLLIN}], 2, -1) = 1 ([{fd=4, revents=POLLIN}])
7106  read(4, "", 8192)                 = 0
7106  fcntl(4, F_GETFL)                 = 0x802 (flags O_RDWR|O_NONBLOCK)
7106  close(4)                          = 0
7106  poll([{fd=3, events=POLLIN}], 1, -1) = ? ERESTART_RESTARTBLOCK (Interrupted by signal)
7106  --- SIGINT {si_signo=SIGINT, si_code=SI_KERNEL} ---
7106  +++ killed by SIGINT +++
